Component: ARM Compiler 5.06 update 4 (build 422) Tool: armlink [4d35d2]

==============================================================================

Section Cross References

    main.o(i.advertising_init) refers to memseta.o(.text) for __aeabi_memclr4
    main.o(i.advertising_init) refers to ble_advertising.o(i.ble_advertising_init) for ble_advertising_init
    main.o(i.advertising_init) refers to app_error.o(i.app_error_handler_bare) for app_error_handler_bare
    main.o(i.advertising_init) refers to main.o(i.gap_params_init) for i.gap_params_init
    main.o(i.advertising_init) refers to main.o(.data) for .data
    main.o(i.advertising_init) refers to main.o(i.on_adv_evt) for on_adv_evt
    main.o(i.assert_nrf_callback) refers to app_error.o(i.app_error_handler) for app_error_handler
    main.o(i.ble_evt_dispatch) refers to ble_conn_state.o(i.ble_conn_state_on_ble_evt) for ble_conn_state_on_ble_evt
    main.o(i.ble_evt_dispatch) refers to peer_manager.o(i.pm_on_ble_evt) for pm_on_ble_evt
    main.o(i.ble_evt_dispatch) refers to ble_conn_params.o(i.ble_conn_params_on_ble_evt) for ble_conn_params_on_ble_evt
    main.o(i.ble_evt_dispatch) refers to bsp_btn_ble.o(i.bsp_btn_ble_on_ble_evt) for bsp_btn_ble_on_ble_evt
    main.o(i.ble_evt_dispatch) refers to main.o(i.on_ble_evt) for on_ble_evt
    main.o(i.ble_evt_dispatch) refers to ble_advertising.o(i.ble_advertising_on_ble_evt) for ble_advertising_on_ble_evt
    main.o(i.ble_evt_dispatch) refers to ble_lbs.o(i.ble_lbs_on_ble_evt) for ble_lbs_on_ble_evt
    main.o(i.ble_evt_dispatch) refers to main.o(.bss) for .bss
    main.o(i.ble_stack_init) refers to softdevice_handler.o(i.softdevice_handler_init) for softdevice_handler_init
    main.o(i.ble_stack_init) refers to app_error.o(i.app_error_handler_bare) for app_error_handler_bare
    main.o(i.ble_stack_init) refers to softdevice_handler.o(i.softdevice_enable_get_default_config) for softdevice_enable_get_default_config
    main.o(i.ble_stack_init) refers to softdevice_handler.o(i.softdevice_enable) for softdevice_enable
    main.o(i.ble_stack_init) refers to softdevice_handler.o(i.softdevice_ble_evt_handler_set) for softdevice_ble_evt_handler_set
    main.o(i.ble_stack_init) refers to softdevice_handler.o(i.softdevice_sys_evt_handler_set) for softdevice_sys_evt_handler_set
    main.o(i.ble_stack_init) refers to main.o(.constdata) for .constdata
    main.o(i.ble_stack_init) refers to main.o(.bss) for .bss
    main.o(i.ble_stack_init) refers to main.o(i.ble_evt_dispatch) for ble_evt_dispatch
    main.o(i.ble_stack_init) refers to main.o(i.sys_evt_dispatch) for sys_evt_dispatch
    main.o(i.bsp_event_handler) refers to main.o(i.sleep_mode_enter) for sleep_mode_enter
    main.o(i.bsp_event_handler) refers to app_error.o(i.app_error_handler_bare) for app_error_handler_bare
    main.o(i.bsp_event_handler) refers to ble_advertising.o(i.ble_advertising_restart_without_whitelist) for ble_advertising_restart_without_whitelist
    main.o(i.bsp_event_handler) refers to main.o(.data) for .data
    main.o(i.conn_params_error_handler) refers to app_error.o(i.app_error_handler_bare) for app_error_handler_bare
    main.o(i.gap_params_init) refers to app_error.o(i.app_error_handler_bare) for app_error_handler_bare
    main.o(i.gap_params_init) refers to main.o(.data) for .data
    main.o(i.get_uart_data) refers to printfa.o(i.__0printf) for __2printf
    main.o(i.gpio_init) refers to main.o(i.nrf_gpio_cfg_output) for nrf_gpio_cfg_output
    main.o(i.gpio_init) refers to main.o(i.nrf_gpio_pin_write) for nrf_gpio_pin_write
    main.o(i.led_write_handler) refers to main.o(i.nrf_gpio_pin_write) for nrf_gpio_pin_write
    main.o(i.led_write_handler) refers to at_command.o(i.PutUARTByte) for PutUARTByte
    main.o(i.led_write_handler) refers to main.o(i.uart_init) for uart_init
    main.o(i.led_write_handler) refers to app_uart_fifo.o(i.app_uart_close) for app_uart_close
    main.o(i.main) refers to nrf_log_frontend.o(i.nrf_log_init) for nrf_log_init
    main.o(i.main) refers to app_error.o(i.app_error_handler_bare) for app_error_handler_bare
    main.o(i.main) refers to app_timer.o(i.app_timer_init) for app_timer_init
    main.o(i.main) refers to main.o(i.uart_init) for uart_init
    main.o(i.main) refers to main.o(i.gpio_init) for gpio_init
    main.o(i.main) refers to bsp.o(i.bsp_init) for bsp_init
    main.o(i.main) refers to bsp_btn_ble.o(i.bsp_btn_ble_init) for bsp_btn_ble_init
    main.o(i.main) refers to main.o(i.ble_stack_init) for ble_stack_init
    main.o(i.main) refers to main.o(i.peer_manager_init) for peer_manager_init
    main.o(i.main) refers to nrf_log_frontend.o(i.nrf_log_frontend_std_0) for nrf_log_frontend_std_0
    main.o(i.main) refers to main.o(i.gap_params_init) for gap_params_init
    main.o(i.main) refers to main.o(i.advertising_init) for advertising_init
    main.o(i.main) refers to ble_lbs.o(i.ble_lbs_init) for ble_lbs_init
    main.o(i.main) refers to memseta.o(.text) for __aeabi_memclr4
[...]
    __rt_ctype_table                         0x0001f439   Thumb Code     4  ctype_o.o(.text)
    __aeabi_memcpy                           0x0001f441   Thumb Code    36  memcpya.o(.text)
    __aeabi_memcpy4                          0x0001f441   Thumb Code     0  memcpya.o(.text)
    __aeabi_memcpy8                          0x0001f441   Thumb Code     0  memcpya.o(.text)
    __aeabi_memset                           0x0001f465   Thumb Code    14  memseta.o(.text)
    __aeabi_memset4                          0x0001f465   Thumb Code     0  memseta.o(.text)
    __aeabi_memset8                          0x0001f465   Thumb Code     0  memseta.o(.text)
    __aeabi_memclr                           0x0001f473   Thumb Code     4  memseta.o(.text)
    __aeabi_memclr4                          0x0001f473   Thumb Code     0  memseta.o(.text)
    __aeabi_memclr8                          0x0001f473   Thumb Code     0  memseta.o(.text)
    _memset$wrapper                          0x0001f477   Thumb Code    18  memseta.o(.text)
    strlen                                   0x0001f489   Thumb Code    14  strlen.o(.text)
    memcmp                                   0x0001f497   Thumb Code    26  memcmp.o(.text)
    strcpy                                   0x0001f4b1   Thumb Code    18  strcpy.o(.text)
    __aeabi_uidiv                            0x0001f4c3   Thumb Code     0  uidiv.o(.text)
    __aeabi_uidivmod                         0x0001f4c3   Thumb Code    44  uidiv.o(.text)
    __aeabi_uldivmod                         0x0001f4ef   Thumb Code    98  uldiv.o(.text)
    __I$use$fp                               0x0001f551   Thumb Code     0  iusefp.o(.text)
    __aeabi_dadd                             0x0001f551   Thumb Code   322  dadd.o(.text)
    __aeabi_dsub                             0x0001f693   Thumb Code     6  dadd.o(.text)
    __aeabi_drsub                            0x0001f699   Thumb Code     6  dadd.o(.text)
    __aeabi_dmul                             0x0001f69f   Thumb Code   228  dmul.o(.text)
    __aeabi_ddiv                             0x0001f783   Thumb Code   222  ddiv.o(.text)
    __aeabi_d2ulz                            0x0001f861   Thumb Code    48  dfixul.o(.text)
    __aeabi_cdrcmple                         0x0001f891   Thumb Code    48  cdrcmple.o(.text)
    __scatterload                            0x0001f8c1   Thumb Code    28  init.o(.text)
    __scatterload_rt2                        0x0001f8c1   Thumb Code     0  init.o(.text)
    __aeabi_llsl                             0x0001f8e5   Thumb Code    30  llshl.o(.text)
    _ll_shift_l                              0x0001f8e5   Thumb Code     0  llshl.o(.text)
    __aeabi_llsr                             0x0001f903   Thumb Code    32  llushr.o(.text)
    _ll_ushift_r                             0x0001f903   Thumb Code     0  llushr.o(.text)
    __aeabi_lasr                             0x0001f923   Thumb Code    36  llsshr.o(.text)
    _ll_sshift_r                             0x0001f923   Thumb Code     0  llsshr.o(.text)
    _double_round                            0x0001f947   Thumb Code    30  depilogue.o(.text)
    _double_epilogue                         0x0001f965   Thumb Code   156  depilogue.o(.text)
    __decompress                             0x0001fa01   Thumb Code     0  __dczerorl2.o(.text)
    __decompress1                            0x0001fa01   Thumb Code    86  __dczerorl2.o(.text)
    GPIOTE_IRQHandler                        0x0001fa59   Thumb Code   362  nrf_drv_gpiote.o(i.GPIOTE_IRQHandler)
    POWER_CLOCK_IRQHandler                   0x0001fc5d   Thumb Code    84  nrf_drv_clock.o(i.POWER_CLOCK_IRQHandler)
    PutUARTByte                              0x0001fcb5   Thumb Code    58  at_command.o(i.PutUARTByte)
    RTC1_IRQHandler                          0x0001fcf5   Thumb Code    32  app_timer.o(i.RTC1_IRQHandler)
    SEGGER_RTT_Init                          0x0001fd19   Thumb Code    14  segger_rtt.o(i.SEGGER_RTT_Init)
    SEGGER_RTT_WriteNoLock                   0x0001fd2d   Thumb Code    86  segger_rtt.o(i.SEGGER_RTT_WriteNoLock)
    SWI0_EGU0_IRQHandler                     0x0001fd89   Thumb Code     4  app_timer.o(i.SWI0_EGU0_IRQHandler)
    SWI2_EGU2_IRQHandler                     0x0001fd8d   Thumb Code    32  softdevice_handler.o(i.SWI2_EGU2_IRQHandler)
    SystemInit                               0x0001fdb1   Thumb Code   610  system_nrf52.o(i.SystemInit)
    UARTE0_UART0_IRQHandler                  0x0002004d   Thumb Code    20  nrf_drv_uart.o(i.UARTE0_UART0_IRQHandler)
    __0printf                                0x000201bd   Thumb Code    22  printfa.o(i.__0printf)
    __1printf                                0x000201bd   Thumb Code     0  printfa.o(i.__0printf)
    __2printf                                0x000201bd   Thumb Code     0  printfa.o(i.__0printf)
    __c89printf                              0x000201bd   Thumb Code     0  printfa.o(i.__0printf)
    printf                                   0x000201bd   Thumb Code     0  printfa.o(i.__0printf)
    __0snprintf                              0x000201dd   Thumb Code    44  printfa.o(i.__0snprintf)
    __1snprintf                              0x000201dd   Thumb Code     0  printfa.o(i.__0snprintf)
    __2snprintf                              0x000201dd   Thumb Code     0  printfa.o(i.__0snprintf)
    __c89snprintf                            0x000201dd   Thumb Code     0  printfa.o(i.__0snprintf)
    snprintf                                 0x000201dd   Thumb Code     0  printfa.o(i.__0snprintf)
    __0vsnprintf                             0x0002020d   Thumb Code    40  printfa.o(i.__0vsnprintf)
    __1vsnprintf                             0x0002020d   Thumb Code     0  printfa.o(i.__0vsnprintf)
    __2vsnprintf                             0x0002020d   Thumb Code     0  printfa.o(i.__0vsnprintf)
    __c89vsnprintf                           0x0002020d   Thumb Code     0  printfa.o(i.__0vsnprintf)
    vsnprintf                                0x0002020d   Thumb Code     0  printfa.o(i.__0vsnprintf)
    __scatterload_copy                       0x00020239   Thumb Code    14  handlers.o(i.__scatterload_copy)
    __scatterload_null                       0x00020247   Thumb Code     2  handlers.o(i.__scatterload_null)
    __scatterload_zeroinit                   0x00020249   Thumb Code    14  handlers.o(i.__scatterload_zeroinit)
    addr_compare                             0x00020b45   Thumb Code    38  id_manager.o(i.addr_compare)
    adv_data_encode                          0x00020b6b   Thumb Code   386  ble_advdata.o(i.adv_data_encode)
    ah                                       0x00020e09   Thumb Code    82  id_manager.o(i.ah)
    app_button_enable                        0x00020e61   Thumb Code    32  app_button.o(i.app_button_enable)
    app_button_init                          0x00020e85   Thumb Code    96  app_button.o(i.app_button_init)
    app_error_fault_handler                  0x00020ef5   Thumb Code    58  app_error_weak.o(i.app_error_fault_handler)
    app_error_handler_bare                   0x00020f51   Thumb Code    22  app_error.o(i.app_error_handler_bare)
    app_fifo_get                             0x00020f67   Thumb Code    22  app_fifo.o(i.app_fifo_get)
    app_fifo_init                            0x00020f7d   Thumb Code    32  app_fifo.o(i.app_fifo_init)
    app_fifo_put                             0x00020f9d   Thumb Code    26  app_fifo.o(i.app_fifo_put)
    app_timer_create                         0x00020fb9   Thumb Code    32  app_timer.o(i.app_timer_create)
    app_timer_init                           0x00020fdd   Thumb Code   102  app_timer.o(i.app_timer_init)
    app_timer_start                          0x0002104d   Thumb Code   128  app_timer.o(i.app_timer_start)
    app_timer_stop                           0x000210d5   Thumb Code    26  app_timer.o(i.app_timer_stop)
    app_uart_close                           0x000210f5   Thumb Code    12  app_uart_fifo.o(i.app_uart_close)
    app_uart_get                             0x00021105   Thumb Code    42  app_uart_fifo.o(i.app_uart_get)
    app_uart_init                            0x00021139   Thumb Code   164  app_uart_fifo.o(i.app_uart_init)
    app_uart_put                             0x000211ed   Thumb Code    52  app_uart_fifo.o(i.app_uart_put)
    app_util_critical_region_enter           0x00021229   Thumb Code    64  app_util_platform.o(i.app_util_critical_region_enter)
    app_util_critical_region_exit            0x00021271   Thumb Code    46  app_util_platform.o(i.app_util_critical_region_exit)
    ble_advdata_set                          0x000213fd   Thumb Code   104  ble_advdata.o(i.ble_advdata_set)
    ble_advertising_init                     0x00021465   Thumb Code   278  ble_advertising.o(i.ble_advertising_init)
    ble_advertising_on_ble_evt               0x00021585   Thumb Code    88  ble_advertising.o(i.ble_advertising_on_ble_evt)
    ble_advertising_on_sys_evt               0x000215e1   Thumb Code    46  ble_advertising.o(i.ble_advertising_on_sys_evt)
    ble_advertising_restart_without_whitelist 0x00021615   Thumb Code    50  ble_advertising.o(i.ble_advertising_restart_without_whitelist)
    ble_advertising_start                    0x00021651   Thumb Code   250  ble_advertising.o(i.ble_advertising_start)
    ble_conn_params_init                     0x00021755   Thumb Code    72  ble_conn_params.o(i.ble_conn_params_init)
    ble_conn_params_on_ble_evt               0x000217ad   Thumb Code   120  ble_conn_params.o(i.ble_conn_params_on_ble_evt)
    ble_conn_state_conn_handles              0x00021831   Thumb Code    10  ble_conn_state.o(i.ble_conn_state_conn_handles)
    ble_conn_state_encrypted                 0x00021841   Thumb Code    12  ble_conn_state.o(i.ble_conn_state_encrypted)
    ble_conn_state_mitm_protected            0x00021851   Thumb Code    12  ble_conn_state.o(i.ble_conn_state_mitm_protected)
    ble_conn_state_on_ble_evt                0x00021861   Thumb Code   264  ble_conn_state.o(i.ble_conn_state_on_ble_evt)
    ble_conn_state_role                      0x0002196d   Thumb Code    42  ble_conn_state.o(i.ble_conn_state_role)
    ble_conn_state_user_flag_acquire         0x0002199d   Thumb Code    40  ble_conn_state.o(i.ble_conn_state_user_flag_acquire)
    ble_conn_state_user_flag_collection      0x000219c9   Thumb Code    20  ble_conn_state.o(i.ble_conn_state_user_flag_collection)
    ble_conn_state_user_flag_get             0x000219e1   Thumb Code    36  ble_conn_state.o(i.ble_conn_state_user_flag_get)
    ble_conn_state_user_flag_set             0x00021a09   Thumb Code    40  ble_conn_state.o(i.ble_conn_state_user_flag_set)
    ble_lbs_init                             0x00021acd   Thumb Code    88  ble_lbs.o(i.ble_lbs_init)
    ble_lbs_on_ble_evt                       0x00021b29   Thumb Code    52  ble_lbs.o(i.ble_lbs_on_ble_evt)
    ble_srv_is_notification_enabled          0x00021b5d   Thumb Code     8  ble_srv_common.o(i.ble_srv_is_notification_enabled)
    bsp_board_button_idx_to_pin              0x00021bd1   Thumb Code     6  boards.o(i.bsp_board_button_idx_to_pin)
    bsp_board_button_state_get               0x00021bdd   Thumb Code    28  boards.o(i.bsp_board_button_state_get)
    bsp_board_led_invert                     0x00021bfd   Thumb Code    32  boards.o(i.bsp_board_led_invert)
    bsp_board_led_off                        0x00021c21   Thumb Code    10  boards.o(i.bsp_board_led_off)
    bsp_board_led_on                         0x00021c31   Thumb Code    10  boards.o(i.bsp_board_led_on)
    bsp_board_led_state_get                  0x00021c41   Thumb Code    24  boards.o(i.bsp_board_led_state_get)
    bsp_board_leds_init                      0x00021c5d   Thumb Code    38  boards.o(i.bsp_board_leds_init)
    bsp_board_leds_off                       0x00021c89   Thumb Code    18  boards.o(i.bsp_board_leds_off)
    bsp_board_leds_on                        0x00021c9b   Thumb Code    18  boards.o(i.bsp_board_leds_on)
    bsp_board_pin_to_button_idx              0x00021cad   Thumb Code    20  boards.o(i.bsp_board_pin_to_button_idx)
    bsp_btn_ble_init                         0x00021cc5   Thumb Code    52  bsp_btn_ble.o(i.bsp_btn_ble_init)
    bsp_btn_ble_on_ble_evt                   0x00021cfd   Thumb Code   106  bsp_btn_ble.o(i.bsp_btn_ble_on_ble_evt)
    bsp_btn_ble_sleep_mode_prepare           0x00021d6d   Thumb Code    30  bsp_btn_ble.o(i.bsp_btn_ble_sleep_mode_prepare)
    bsp_button_is_pressed                    0x00021e01   Thumb Code     4  bsp.o(i.bsp_button_is_pressed)
    bsp_event_to_button_action_assign        0x00021e49   Thumb Code    48  bsp.o(i.bsp_event_to_button_action_assign)
    bsp_indication_set                       0x00021e7d   Thumb Code    20  bsp.o(i.bsp_indication_set)
    bsp_init                                 0x00021e95   Thumb Code   130  bsp.o(i.bsp_init)
    bsp_wakeup_button_enable                 0x000220a1   Thumb Code    16  bsp.o(i.bsp_wakeup_button_enable)
    buffer_is_empty                          0x0002212d   Thumb Code    16  nrf_log_frontend.o(i.buffer_is_empty)
    chunk_queue_next                         0x000222b1   Thumb Code    20  fds.o(i.chunk_queue_next)
    fds_file_delete                          0x00022841   Thumb Code    70  fds.o(i.fds_file_delete)
    fds_gc                                   0x0002288d   Thumb Code    58  fds.o(i.fds_gc)
    fds_init                                 0x000228d1   Thumb Code   130  fds.o(i.fds_init)
    fds_record_close                         0x00022959   Thumb Code    54  fds.o(i.fds_record_close)
    fds_record_find                          0x00022995   Thumb Code    14  fds.o(i.fds_record_find)
    fds_record_find_by_key                   0x000229a3   Thumb Code    16  fds.o(i.fds_record_find_by_key)
    fds_record_find_in_file                  0x000229b3   Thumb Code    16  fds.o(i.fds_record_find_in_file)
    fds_record_id_from_desc                  0x000229c3   Thumb Code    16  fds.o(i.fds_record_id_from_desc)
    fds_record_open                          0x000229d5   Thumb Code    60  fds.o(i.fds_record_open)
    fds_record_update                        0x00022a15   Thumb Code    14  fds.o(i.fds_record_update)
    fds_record_write                         0x00022a23   Thumb Code     8  fds.o(i.fds_record_write)
    fds_record_write_reserved                0x00022a2b   Thumb Code    12  fds.o(i.fds_record_write_reserved)
    fds_register                             0x00022a39   Thumb Code    26  fds.o(i.fds_register)
    fds_reserve                              0x00022a5d   Thumb Code    46  fds.o(i.fds_reserve)
    fds_reserve_cancel                       0x00022a91   Thumb Code    60  fds.o(i.fds_reserve_cancel)
    fputc                                    0x00022bad   Thumb Code    14  retarget.o(i.fputc)
    fs_erase                                 0x00022bbd   Thumb Code   110  fstorage.o(i.fs_erase)
    fs_init                                  0x00022c39   Thumb Code   164  fstorage.o(i.fs_init)
    fs_queued_op_count_get                   0x00022ce9   Thumb Code    16  fstorage.o(i.fs_queued_op_count_get)
    fs_store                                 0x00022cfd   Thumb Code   124  fstorage.o(i.fs_store)
    fs_sys_event_handler                     0x00022d7d   Thumb Code    96  fstorage.o(i.fs_sys_event_handler)
    gcm_ble_evt_handler                      0x0002302d   Thumb Code   232  gatt_cache_manager.o(i.gcm_ble_evt_handler)
    gcm_gscm_evt_handler                     0x00023119   Thumb Code   102  gatt_cache_manager.o(i.gcm_gscm_evt_handler)
    gcm_im_evt_handler                       0x00023185   Thumb Code    44  gatt_cache_manager.o(i.gcm_im_evt_handler)
    gcm_init                                 0x000231b5   Thumb Code    66  gatt_cache_manager.o(i.gcm_init)
    gcm_local_database_has_changed           0x000231fd   Thumb Code    78  gatt_cache_manager.o(i.gcm_local_database_has_changed)
    gcm_smd_evt_handler                      0x00023251   Thumb Code    14  gatt_cache_manager.o(i.gcm_smd_evt_handler)
    get_connection_by_conn_handle            0x00023261   Thumb Code    48  id_manager.o(i.get_connection_by_conn_handle)
    get_free_connection                      0x00023299   Thumb Code    40  id_manager.o(i.get_free_connection)
    get_uart_data                            0x000232c9   Thumb Code    16  main.o(i.get_uart_data)
    gpio_init                                0x000232e1   Thumb Code    76  main.o(i.gpio_init)
    gscm_db_change_notification_done         0x00023385   Thumb Code    22  gatts_cache_manager.o(i.gscm_db_change_notification_done)
    gscm_init                                0x000233a1   Thumb Code    16  gatts_cache_manager.o(i.gscm_init)
    gscm_local_database_has_changed          0x000233b5   Thumb Code    22  gatts_cache_manager.o(i.gscm_local_database_has_changed)
    gscm_local_db_cache_apply                0x000233d1   Thumb Code   106  gatts_cache_manager.o(i.gscm_local_db_cache_apply)
    gscm_local_db_cache_update               0x0002343b   Thumb Code   128  gatts_cache_manager.o(i.gscm_local_db_cache_update)
    gscm_pdb_evt_handler                     0x000234bd   Thumb Code    80  gatts_cache_manager.o(i.gscm_pdb_evt_handler)
    gscm_service_changed_ind_needed          0x00023511   Thumb Code    26  gatts_cache_manager.o(i.gscm_service_changed_ind_needed)
    gscm_service_changed_ind_send            0x0002352d   Thumb Code    40  gatts_cache_manager.o(i.gscm_service_changed_ind_send)
    im_address_resolve                       0x0002356f   Thumb Code    70  id_manager.o(i.im_address_resolve)
    im_ble_addr_get                          0x000235b5   Thumb Code    42  id_manager.o(i.im_ble_addr_get)
    im_ble_evt_handler                       0x000235e5   Thumb Code   174  id_manager.o(i.im_ble_evt_handler)
    im_conn_handle_get                       0x00023695   Thumb Code    40  id_manager.o(i.im_conn_handle_get)
    im_init                                  0x000236c1   Thumb Code    54  id_manager.o(i.im_init)
    im_is_duplicate_bonding_data             0x00023701   Thumb Code    52  id_manager.o(i.im_is_duplicate_bonding_data)
    im_master_id_is_valid                    0x00023735   Thumb Code    24  id_manager.o(i.im_master_id_is_valid)
    im_master_ids_compare                    0x0002374d   Thumb Code    42  id_manager.o(i.im_master_ids_compare)
    im_new_peer_id                           0x00023777   Thumb Code     4  id_manager.o(i.im_new_peer_id)
    im_pdb_evt_handler                       0x0002377b   Thumb Code   114  id_manager.o(i.im_pdb_evt_handler)
    im_peer_free                             0x000237ed   Thumb Code    38  id_manager.o(i.im_peer_free)
    im_peer_id_get_by_conn_handle            0x00023815   Thumb Code    28  id_manager.o(i.im_peer_id_get_by_conn_handle)
    im_peer_id_get_by_master_id              0x00023835   Thumb Code    60  id_manager.o(i.im_peer_id_get_by_master_id)
    intern_softdevice_events_execute         0x00023931   Thumb Code   114  softdevice_handler.o(i.intern_softdevice_events_execute)
    is_valid_irk                             0x00023a3d   Thumb Code    20  id_manager.o(i.is_valid_irk)
    main                                     0x00024101   Thumb Code   228  main.o(i.main)
    new_connection                           0x00024339   Thumb Code    80  id_manager.o(i.new_connection)
    next_id_get                              0x00024391   Thumb Code    48  peer_id.o(i.next_id_get)
    nrf_drv_clock_init                       0x0002447d   Thumb Code    64  nrf_drv_clock.o(i.nrf_drv_clock_init)
    nrf_drv_clock_on_sd_enable               0x000244c5   Thumb Code    44  nrf_drv_clock.o(i.nrf_drv_clock_on_sd_enable)
    nrf_drv_clock_on_soc_event               0x000244f5   Thumb Code    10  nrf_drv_clock.o(i.nrf_drv_clock_on_soc_event)
    nrf_drv_common_irq_enable                0x00024515   Thumb Code    56  nrf_drv_common.o(i.nrf_drv_common_irq_enable)
    nrf_drv_gpiote_in_event_enable           0x00024555   Thumb Code   156  nrf_drv_gpiote.o(i.nrf_drv_gpiote_in_event_enable)
    nrf_drv_gpiote_in_init                   0x000245f9   Thumb Code   172  nrf_drv_gpiote.o(i.nrf_drv_gpiote_in_init)
    nrf_drv_gpiote_in_is_set                 0x000246b1   Thumb Code    20  nrf_drv_gpiote.o(i.nrf_drv_gpiote_in_is_set)
    nrf_drv_gpiote_init                      0x000246c5   Thumb Code    84  nrf_drv_gpiote.o(i.nrf_drv_gpiote_init)
    nrf_drv_gpiote_is_init                   0x00024721   Thumb Code    14  nrf_drv_gpiote.o(i.nrf_drv_gpiote_is_init)
    nrf_drv_uart_init                        0x00024745   Thumb Code    98  nrf_drv_uart.o(i.nrf_drv_uart_init)
    nrf_drv_uart_rx                          0x000247ad   Thumb Code   170  nrf_drv_uart.o(i.nrf_drv_uart_rx)
    nrf_drv_uart_rx_enable                   0x0002485d   Thumb Code    42  nrf_drv_uart.o(i.nrf_drv_uart_rx_enable)
    nrf_drv_uart_tx                          0x000249e5   Thumb Code   262  nrf_drv_uart.o(i.nrf_drv_uart_tx)
    nrf_drv_uart_tx_in_progress              0x00024af1   Thumb Code    18  nrf_drv_uart.o(i.nrf_drv_uart_tx_in_progress)
    nrf_drv_uart_uninit                      0x00024b09   Thumb Code    74  nrf_drv_uart.o(i.nrf_drv_uart_uninit)
    nrf_log_backend_hexdump_handler_get      0x00024ccd   Thumb Code     4  nrf_log_backend_serial.o(i.nrf_log_backend_hexdump_handler_get)
    nrf_log_backend_init                     0x00024cd5   Thumb Code    30  nrf_log_backend_serial.o(i.nrf_log_backend_init)
    nrf_log_backend_std_handler_get          0x00024f1d   Thumb Code     4  nrf_log_backend_serial.o(i.nrf_log_backend_std_handler_get)
    nrf_log_blocking_backend_set             0x00024f25   Thumb Code     6  nrf_log_frontend.o(i.nrf_log_blocking_backend_set)
    nrf_log_frontend_dequeue                 0x00024f2d   Thumb Code   298  nrf_log_frontend.o(i.nrf_log_frontend_dequeue)
    nrf_log_frontend_init                    0x0002505d   Thumb Code    16  nrf_log_frontend.o(i.nrf_log_frontend_init)
    nrf_log_frontend_std_0                   0x00025071   Thumb Code    68  nrf_log_frontend.o(i.nrf_log_frontend_std_0)
    nrf_log_frontend_std_1                   0x000250bd   Thumb Code    80  nrf_log_frontend.o(i.nrf_log_frontend_std_1)
    nrf_log_frontend_std_3                   0x00025115   Thumb Code   114  nrf_log_frontend.o(i.nrf_log_frontend_std_3)
    nrf_log_handlers_set                     0x00025191   Thumb Code    10  nrf_log_frontend.o(i.nrf_log_handlers_set)
    nrf_log_init                             0x000251a1   Thumb Code    36  nrf_log_frontend.o(i.nrf_log_init)
    pdb_init                                 0x000256b1   Thumb Code    66  peer_database.o(i.pdb_init)
    pdb_next_deleted_peer_id_get             0x00025701   Thumb Code     4  peer_database.o(i.pdb_next_deleted_peer_id_get)
    pdb_next_peer_id_get                     0x00025705   Thumb Code     4  peer_database.o(i.pdb_next_peer_id_get)
    pdb_pds_evt_handler                      0x00025709   Thumb Code   294  peer_database.o(i.pdb_pds_evt_handler)
    pdb_peer_allocate                        0x00025839   Thumb Code     4  peer_database.o(i.pdb_peer_allocate)
    pdb_peer_data_ptr_get                    0x0002583d   Thumb Code     6  peer_database.o(i.pdb_peer_data_ptr_get)
    pdb_peer_free                            0x00025843   Thumb Code    68  peer_database.o(i.pdb_peer_free)
    pdb_raw_store                            0x00025887   Thumb Code     8  peer_database.o(i.pdb_raw_store)
    pdb_write_buf_get                        0x00025891   Thumb Code   260  peer_database.o(i.pdb_write_buf_get)
    pdb_write_buf_release                    0x00025999   Thumb Code    40  peer_database.o(i.pdb_write_buf_release)
    pdb_write_buf_store                      0x000259c1   Thumb Code   188  peer_database.o(i.pdb_write_buf_store)
    pdb_write_buf_store_prepare              0x00025a85   Thumb Code    98  peer_database.o(i.pdb_write_buf_store_prepare)
    pds_init                                 0x00025af9   Thumb Code    98  peer_data_storage.o(i.pds_init)
    pds_next_deleted_peer_id_get             0x00025b65   Thumb Code     4  peer_data_storage.o(i.pds_next_deleted_peer_id_get)
    pds_next_peer_id_get                     0x00025b69   Thumb Code     4  peer_data_storage.o(i.pds_next_peer_id_get)
    pds_peer_data_iterate                    0x00025b6d   Thumb Code    74  peer_data_storage.o(i.pds_peer_data_iterate)
    pds_peer_data_iterate_prepare            0x00025bbd   Thumb Code    10  peer_data_storage.o(i.pds_peer_data_iterate_prepare)
    pds_peer_data_read                       0x00025bcd   Thumb Code   104  peer_data_storage.o(i.pds_peer_data_read)
    pds_peer_data_store                      0x00025c35   Thumb Code   162  peer_data_storage.o(i.pds_peer_data_store)
    pds_peer_id_allocate                     0x00025cd7   Thumb Code     8  peer_data_storage.o(i.pds_peer_id_allocate)
    pds_peer_id_free                         0x00025cdf   Thumb Code    22  peer_data_storage.o(i.pds_peer_id_free)
    pds_peer_id_is_allocated                 0x00025cf5   Thumb Code     4  peer_data_storage.o(i.pds_peer_id_is_allocated)
    pds_space_reserve                        0x00025cf9   Thumb Code    46  peer_data_storage.o(i.pds_space_reserve)
    pds_space_reserve_cancel                 0x00025d27   Thumb Code    16  peer_data_storage.o(i.pds_space_reserve_cancel)
    peer_id_allocate                         0x00025e29   Thumb Code     6  peer_id.o(i.peer_id_allocate)
    peer_id_delete                           0x00025e35   Thumb Code    32  peer_id.o(i.peer_id_delete)
    peer_id_free                             0x00025e59   Thumb Code    24  peer_id.o(i.peer_id_free)
    peer_id_get_next_deleted                 0x00025e75   Thumb Code     6  peer_id.o(i.peer_id_get_next_deleted)
    peer_id_get_next_used                    0x00025e81   Thumb Code    42  peer_id.o(i.peer_id_get_next_used)
    peer_id_init                             0x00025eb1   Thumb Code    36  peer_id.o(i.peer_id_init)
    peer_id_is_allocated                     0x00025ed9   Thumb Code    16  peer_id.o(i.peer_id_is_allocated)
    peer_id_is_deleted                       0x00025eed   Thumb Code    16  peer_id.o(i.peer_id_is_deleted)
    pm_buffer_block_acquire                  0x00026041   Thumb Code    92  pm_buffer.o(i.pm_buffer_block_acquire)
    pm_buffer_init                           0x0002609d   Thumb Code    64  pm_buffer.o(i.pm_buffer_init)
    pm_buffer_ptr_get                        0x000260dd   Thumb Code    40  pm_buffer.o(i.pm_buffer_ptr_get)
    pm_buffer_release                        0x00026105   Thumb Code    46  pm_buffer.o(i.pm_buffer_release)
    pm_conn_sec_config_reply                 0x00026133   Thumb Code     4  peer_manager.o(i.pm_conn_sec_config_reply)
    pm_gcm_evt_handler                       0x000261f5   Thumb Code   136  peer_manager.o(i.pm_gcm_evt_handler)
    pm_im_evt_handler                        0x0002627d   Thumb Code    74  peer_manager.o(i.pm_im_evt_handler)
    pm_init                                  0x000262cd   Thumb Code    96  peer_manager.o(i.pm_init)
    pm_local_database_has_changed            0x00026331   Thumb Code    14  peer_manager.o(i.pm_local_database_has_changed)
    pm_mutex_init                            0x00026345   Thumb Code    14  pm_mutex.o(i.pm_mutex_init)
    pm_mutex_lock                            0x00026353   Thumb Code    26  pm_mutex.o(i.pm_mutex_lock)
    pm_mutex_lock_first_available            0x0002636d   Thumb Code    54  pm_mutex.o(i.pm_mutex_lock_first_available)
    pm_mutex_lock_status_get                 0x000263a3   Thumb Code    24  pm_mutex.o(i.pm_mutex_lock_status_get)
    pm_mutex_unlock                          0x000263bb   Thumb Code    58  pm_mutex.o(i.pm_mutex_unlock)
    pm_on_ble_evt                            0x000263f5   Thumb Code    36  peer_manager.o(i.pm_on_ble_evt)
    pm_pdb_evt_handler                       0x0002641d   Thumb Code   338  peer_manager.o(i.pm_pdb_evt_handler)
    pm_peer_delete                           0x00026575   Thumb Code    14  peer_manager.o(i.pm_peer_delete)
    pm_peers_delete                          0x00026589   Thumb Code    50  peer_manager.o(i.pm_peers_delete)
    pm_register                              0x000265c1   Thumb Code    34  peer_manager.o(i.pm_register)
    pm_sec_params_set                        0x000265ed   Thumb Code    14  peer_manager.o(i.pm_sec_params_set)
    pm_sm_evt_handler                        0x00026601   Thumb Code   346  peer_manager.o(i.pm_sm_evt_handler)
    sdk_mapped_flags_bulk_update_by_key      0x00026c79   Thumb Code    68  sdk_mapped_flags.o(i.sdk_mapped_flags_bulk_update_by_key)
    sdk_mapped_flags_first_key_index_get     0x00026cbd   Thumb Code    34  sdk_mapped_flags.o(i.sdk_mapped_flags_first_key_index_get)
    sdk_mapped_flags_get_by_key              0x00026cef   Thumb Code    38  sdk_mapped_flags.o(i.sdk_mapped_flags_get_by_key)
    sdk_mapped_flags_key_list_get            0x00026d15   Thumb Code    74  sdk_mapped_flags.o(i.sdk_mapped_flags_key_list_get)
    sdk_mapped_flags_update_by_key           0x00026d5f   Thumb Code    14  sdk_mapped_flags.o(i.sdk_mapped_flags_update_by_key)
    sm_ble_evt_handler                       0x000271f1   Thumb Code    18  security_manager.o(i.sm_ble_evt_handler)
    sm_conn_sec_config_reply                 0x00027209   Thumb Code    18  security_manager.o(i.sm_conn_sec_config_reply)
    sm_init                                  0x00027221   Thumb Code    76  security_manager.o(i.sm_init)
    sm_pdb_evt_handler                       0x00027271   Thumb Code    52  security_manager.o(i.sm_pdb_evt_handler)
    sm_sec_params_set                        0x000272a9   Thumb Code    38  security_manager.o(i.sm_sec_params_set)
    sm_smd_evt_handler                       0x000272d5   Thumb Code   116  security_manager.o(i.sm_smd_evt_handler)
    smd_ble_evt_handler                      0x0002734d   Thumb Code   226  security_dispatcher.o(i.smd_ble_evt_handler)
    smd_init                                 0x00027439   Thumb Code    56  security_dispatcher.o(i.smd_init)
    smd_link_secure                          0x00027475   Thumb Code    48  security_dispatcher.o(i.smd_link_secure)
    smd_params_reply                         0x000274a5   Thumb Code   262  security_dispatcher.o(i.smd_params_reply)
    smd_pdb_evt_handler                      0x00027639   Thumb Code    48  security_dispatcher.o(i.smd_pdb_evt_handler)
    softdevice_ble_evt_handler_set           0x0002766d   Thumb Code    14  softdevice_handler.o(i.softdevice_ble_evt_handler_set)
    softdevice_enable                        0x00027681   Thumb Code    60  softdevice_handler.o(i.softdevice_enable)
    softdevice_enable_get_default_config     0x00027721   Thumb Code    38  softdevice_handler.o(i.softdevice_enable_get_default_config)
    softdevice_fault_handler                 0x00027747   Thumb Code     4  softdevice_handler.o(i.softdevice_fault_handler)
    softdevice_handler_init                  0x0002774d   Thumb Code    92  softdevice_handler.o(i.softdevice_handler_init)
    softdevice_handler_is_enabled            0x000277b1   Thumb Code     6  softdevice_handler.o(i.softdevice_handler_is_enabled)
    softdevice_sys_evt_handler_set           0x000277bd   Thumb Code    14  softdevice_handler.o(i.softdevice_sys_evt_handler_set)
    __ctype_table                            0x0002834c   Data         129  ctype_o.o(.constdata)
    Region$$Table$$Base                      0x00028470   Number         0  anon$$obj.o(Region$$Table)
    Region$$Table$$Limit                     0x00028490   Number         0  anon$$obj.o(Region$$Table)
    Image$$RW_IRAM1$$Base                    0x20002128   Number         0  anon$$obj.o ABSOLUTE
    __stdout                                 0x2000223c   Data           4  retarget.o(.data)
    SystemCoreClock                          0x2000225c   Data           4  system_nrf52.o(.data)
    fs_data$$Base                            0x20002260   Number         0  fds.o(fs_data)
    fs_data$$Limit                           0x20002270   Number         0  fds.o(fs_data)
    m_lbs                                    0x20002638   Data          28  main.o(.bss)
    nrf_nvic_state                           0x20002cb0   Data          12  app_util_platform.o(.bss)
    _SEGGER_RTT                              0x20003488   Data         120  segger_rtt.o(.bss)
    __initial_sp                             0x20005900   Data           0  arm_startup_nrf52.o(STACK)



==============================================================================

Memory Map of the image

  Image Entry point : 0x0001f401

  Load Region LR_IROM1 (Base: 0x0001f000, Size: 0x000095d8, Max: 0x00061000, ABSOLUTE, COMPRESSED[0x000094c0])

    Execution Region ER_IROM1 (Base: 0x0001f000, Size: 0x00009490, Max: 0x00061000, ABSOLUTE)

    Base Addr    Size         Type   Attr      Idx    E Section Name        Object

    0x0001f000   0x00000400   Data   RO         5051    RESET               arm_startup_nrf52.o
    0x0001f400   0x00000000   Code   RO         5122  * .ARM.Collect$$$$00000000  mc_w.l(entry.o)
    0x0001f400   0x00000004   Code   RO         5426    .ARM.Collect$$$$00000001  mc_w.l(entry2.o)
    0x0001f404   0x00000004   Code   RO         5429    .ARM.Collect$$$$00000004  mc_w.l(entry5.o)
    0x0001f408   0x00000000   Code   RO         5431    .ARM.Collect$$$$00000008  mc_w.l(entry7b.o)
    0x0001f408   0x00000000   Code   RO         5433    .ARM.Collect$$$$0000000A  mc_w.l(entry8b.o)
    0x0001f408   0x00000008   Code   RO         5434    .ARM.Collect$$$$0000000B  mc_w.l(entry9a.o)
    0x0001f410   0x00000000   Code   RO         5436    .ARM.Collect$$$$0000000D  mc_w.l(entry10a.o)
    0x0001f410   0x00000000   Code   RO         5438    .ARM.Collect$$$$0000000F  mc_w.l(entry11a.o)
    0x0001f410   0x00000004   Code   RO         5427    .ARM.Collect$$$$00002712  mc_w.l(entry2.o)
    0x0001f414   0x00000024   Code   RO         5052    .text               arm_startup_nrf52.o
    0x0001f438   0x00000008   Code   RO         5125    .text               mc_w.l(ctype_o.o)
    0x0001f440   0x00000024   Code   RO         5153    .text               mc_w.l(memcpya.o)
    0x0001f464   0x00000024   Code   RO         5155    .text               mc_w.l(memseta.o)
    0x0001f488   0x0000000e   Code   RO         5157    .text               mc_w.l(strlen.o)
    0x0001f496   0x0000001a   Code   RO         5159    .text               mc_w.l(memcmp.o)
    0x0001f4b0   0x00000012   Code   RO         5161    .text               mc_w.l(strcpy.o)
    0x0001f4c2   0x0000002c   Code   RO         5440    .text               mc_w.l(uidiv.o)
    0x0001f4ee   0x00000062   Code   RO         5442    .text               mc_w.l(uldiv.o)
    0x0001f550   0x00000000   Code   RO         5444    .text               mc_w.l(iusefp.o)
    0x0001f550   0x0000014e   Code   RO         5445    .text               mf_w.l(dadd.o)
    0x0001f69e   0x000000e4   Code   RO         5447    .text               mf_w.l(dmul.o)
    0x0001f782   0x000000de   Code   RO         5449    .text               mf_w.l(ddiv.o)
    0x0001f860   0x00000030   Code   RO         5451    .text               mf_w.l(dfixul.o)
    0x0001f890   0x00000030   Code   RO         5453    .text               mf_w.l(cdrcmple.o)
    0x0001f8c0   0x00000024   Code   RO         5455    .text               mc_w.l(init.o)
    0x0001f8e4   0x0000001e   Code   RO         5457    .text               mc_w.l(llshl.o)
    0x0001f902   0x00000020   Code   RO         5459    .text               mc_w.l(llushr.o)
    0x0001f922   0x00000024   Code   RO         5461    .text               mc_w.l(llsshr.o)
    0x0001f946   0x000000ba   Code   RO         5463    .text               mf_w.l(depilogue.o)
    0x0001fa00   0x00000056   Code   RO         5473    .text               mc_w.l(__dczerorl2.o)
    0x0001fa56   0x00000002   PAD
    0x0001fa58   0x00000174   Code   RO         2880    i.GPIOTE_IRQHandler  nrf_drv_gpiote.o
    0x0001fbcc   0x00000016   Code   RO         3488    i.NVIC_ClearPendingIRQ  app_timer.o
    0x0001fbe2   0x00000016   Code   RO         4848    i.NVIC_DisableIRQ   softdevice_handler.o
    0x0001fbf8   0x00000016   Code   RO         3489    i.NVIC_EnableIRQ    app_timer.o
    0x0001fc0e   0x00000016   Code   RO         4849    i.NVIC_EnableIRQ    softdevice_handler.o
    0x0001fc24   0x00000016   Code   RO         3490    i.NVIC_SetPendingIRQ  app_timer.o
    0x0001fc3a   0x00000020   Code   RO         3491    i.NVIC_SetPriority  app_timer.o
    0x0001fc5a   0x00000002   PAD
    0x0001fc5c   0x00000058   Code   RO         2651    i.POWER_CLOCK_IRQHandler  nrf_drv_clock.o
    0x0001fcb4   0x00000040   Code   RO         5092    i.PutUARTByte       cmlib.lib(at_command.o)
    0x0001fcf4   0x00000024   Code   RO         3492    i.RTC1_IRQHandler   app_timer.o
    0x0001fd18   0x00000014   Code   RO         4699    i.SEGGER_RTT_Init   segger_rtt.o
    0x0001fd2c   0x0000005c   Code   RO         4708    i.SEGGER_RTT_WriteNoLock  segger_rtt.o
    0x0001fd88   0x00000004   Code   RO         3493    i.SWI0_EGU0_IRQHandler  app_timer.o
    0x0001fd8c   0x00000024   Code   RO         4850    i.SWI2_EGU2_IRQHandler  softdevice_handler.o
    0x0001fdb0   0x0000029c   Code   RO         5060    i.SystemInit        system_nrf52.o
    0x0002004c   0x0000001c   Code   RO         3123    i.UARTE0_UART0_IRQHandler  nrf_drv_uart.o
    0x00020068   0x0000001c   Code   RO         5093    i.U_PutUARTByte     cmlib.lib(at_command.o)
    0x00020084   0x00000020   Code   RO         5094    i.U_PutUARTBytes    cmlib.lib(at_command.o)
    0x000200a4   0x00000068   Code   RO         4711    i._DoInit           segger_rtt.o
    0x0002010c   0x00000016   Code   RO         4712    i._GetAvailWriteSpace  segger_rtt.o
    0x00020122   0x0000005a   Code   RO         4714    i._WriteBlocking    segger_rtt.o
    0x0002017c   0x0000003e   Code   RO         4715    i._WriteNoCheck     segger_rtt.o
    0x000201ba   0x00000002   PAD
    0x000201bc   0x00000020   Code   RO         5398    i.__0printf         mc_w.l(printfa.o)
    0x000201dc   0x00000030   Code   RO         5399    i.__0snprintf       mc_w.l(printfa.o)
    0x0002020c   0x0000002c   Code   RO         5403    i.__0vsnprintf      mc_w.l(printfa.o)
    0x00020238   0x0000000e   Code   RO         5467    i.__scatterload_copy  mc_w.l(handlers.o)
    0x00020246   0x00000002   Code   RO         5468    i.__scatterload_null  mc_w.l(handlers.o)
    0x00020248   0x0000000e   Code   RO         5469    i.__scatterload_zeroinit  mc_w.l(handlers.o)
    0x00020256   0x00000002   PAD
    0x00020258   0x00000024   Code   RO         4851    i.__sd_nvic_app_accessible_irq  softdevice_handler.o
    0x0002027c   0x00000184   Code   RO         5405    i._fp_digits        mc_w.l(printfa.o)
    0x00020400   0x000006dc   Code   RO         5406    i._printf_core      mc_w.l(printfa.o)
    0x00020adc   0x00000024   Code   RO         5407    i._printf_post_padding  mc_w.l(printfa.o)
    0x00020b00   0x0000002e   Code   RO         5408    i._printf_pre_padding  mc_w.l(printfa.o)
    0x00020b2e   0x00000016   Code   RO         5409    i._snputc           mc_w.l(printfa.o)
    0x00020b44   0x00000026   Code   RO         1419    i.addr_compare      id_manager.o
    0x00020b6a   0x00000182   Code   RO          764    i.adv_data_encode   ble_advdata.o
    0x00020cec   0x00000058   Code   RO          847    i.adv_mode_next_avail_get  ble_advertising.o
    0x00020d44   0x00000036   Code   RO          652    i.advertising_buttons_configure  bsp_btn_ble.o
    0x00020d7a   0x00000002   PAD
    0x00020d7c   0x0000008c   Code   RO            4    i.advertising_init  main.o
    0x00020e08   0x00000052   Code   RO         1420    i.ah                id_manager.o
    0x00020e5a   0x00000006   Code   RO          528    i.alert_timer_handler  bsp.o
    0x00020e60   0x00000024   Code   RO         3356    i.app_button_enable  app_button.o
    0x00020e84   0x00000070   Code   RO         3357    i.app_button_init   app_button.o
    0x00020ef4   0x0000005c   Code   RO         3460    i.app_error_fault_handler  app_error_weak.o
    0x00020f50   0x00000016   Code   RO         3418    i.app_error_handler_bare  app_error.o
    0x00020f66   0x00000016   Code   RO         4405    i.app_fifo_get      app_fifo.o
    0x00020f7c   0x00000020   Code   RO         4406    i.app_fifo_init     app_fifo.o
    0x00020f9c   0x0000001a   Code   RO         4408    i.app_fifo_put      app_fifo.o
    0x00020fb6   0x00000002   PAD
    0x00020fb8   0x00000024   Code   RO         3496    i.app_timer_create  app_timer.o
    0x00020fdc   0x00000070   Code   RO         3497    i.app_timer_init    app_timer.o
    0x0002104c   0x00000088   Code   RO         3498    i.app_timer_start   app_timer.o
    0x000210d4   0x00000020   Code   RO         3499    i.app_timer_stop    app_timer.o
    0x000210f4   0x00000010   Code   RO         4294    i.app_uart_close    app_uart_fifo.o
    0x00021104   0x00000034   Code   RO         4296    i.app_uart_get      app_uart_fifo.o
    0x00021138   0x000000b4   Code   RO         4297    i.app_uart_init     app_uart_fifo.o
    0x000211ec   0x0000003c   Code   RO         4298    i.app_uart_put      app_uart_fifo.o
    0x00021228   0x00000048   Code   RO         3648    i.app_util_critical_region_enter  app_util_platform.o
    0x00021270   0x00000034   Code   RO         3649    i.app_util_critical_region_exit  app_util_platform.o
    0x000212a4   0x000000b8   Code   RO         3124    i.apply_config      nrf_drv_uart.o
    0x0002135c   0x000000a0   Code   RO         2410    i.auth_status_success_process  security_dispatcher.o
    0x000213fc   0x00000068   Code   RO          765    i.ble_advdata_set   ble_advdata.o
    0x00021464   0x00000120   Code   RO          848    i.ble_advertising_init  ble_advertising.o
    0x00021584   0x0000005c   Code   RO          849    i.ble_advertising_on_ble_evt  ble_advertising.o
    0x000215e0   0x00000034   Code   RO          850    i.ble_advertising_on_sys_evt  ble_advertising.o
    0x00021614   0x0000003c   Code   RO          852    i.ble_advertising_restart_without_whitelist  ble_advertising.o
    0x00021650   0x00000104   Code   RO          853    i.ble_advertising_start  ble_advertising.o
    0x00021754   0x00000058   Code   RO          941    i.ble_conn_params_init  ble_conn_params.o
    0x000217ac   0x00000084   Code   RO          942    i.ble_conn_params_on_ble_evt  ble_conn_params.o
    0x00021830   0x00000010   Code   RO         1014    i.ble_conn_state_conn_handles  ble_conn_state.o
    0x00021840   0x00000010   Code   RO         1015    i.ble_conn_state_encrypted  ble_conn_state.o
    0x00021850   0x00000010   Code   RO         1017    i.ble_conn_state_mitm_protected  ble_conn_state.o
    0x00021860   0x0000010c   Code   RO         1021    i.ble_conn_state_on_ble_evt  ble_conn_state.o
    0x0002196c   0x00000030   Code   RO         1023    i.ble_conn_state_role  ble_conn_state.o
    0x0002199c   0x0000002c   Code   RO         1025    i.ble_conn_state_user_flag_acquire  ble_conn_state.o
    0x000219c8   0x00000018   Code   RO         1026    i.ble_conn_state_user_flag_collection  ble_conn_state.o
    0x000219e0   0x00000028   Code   RO         1027    i.ble_conn_state_user_flag_get  ble_conn_state.o
    0x00021a08   0x0000002c   Code   RO         1028    i.ble_conn_state_user_flag_set  ble_conn_state.o
    0x00021a34   0x00000060   Code   RO          766    i.ble_device_addr_encode  ble_advdata.o
    0x00021a94   0x00000038   Code   RO            6    i.ble_evt_dispatch  main.o
    0x00021acc   0x0000005c   Code   RO         5002    i.ble_lbs_init      ble_lbs.o
    0x00021b28   0x00000034   Code   RO         5003    i.ble_lbs_on_ble_evt  ble_lbs.o
    0x00021b5c   0x00000008   Code   RO         1153    i.ble_srv_is_notification_enabled  ble_srv_common.o
    0x00021b64   0x0000006c   Code   RO            7    i.ble_stack_init    main.o
    0x00021bd0   0x0000000c   Code   RO          405    i.bsp_board_button_idx_to_pin  boards.o
    0x00021bdc   0x00000020   Code   RO          406    i.bsp_board_button_state_get  boards.o
    0x00021bfc   0x00000024   Code   RO          409    i.bsp_board_led_invert  boards.o
    0x00021c20   0x00000010   Code   RO          410    i.bsp_board_led_off  boards.o
    0x00021c30   0x00000010   Code   RO          411    i.bsp_board_led_on  boards.o
    0x00021c40   0x0000001c   Code   RO          412    i.bsp_board_led_state_get  boards.o
    0x00021c5c   0x0000002c   Code   RO          413    i.bsp_board_leds_init  boards.o
    0x00021c88   0x00000012   Code   RO          414    i.bsp_board_leds_off  boards.o
    0x00021c9a   0x00000012   Code   RO          415    i.bsp_board_leds_on  boards.o
    0x00021cac   0x00000018   Code   RO          416    i.bsp_board_pin_to_button_idx  boards.o
    0x00021cc4   0x00000038   Code   RO          653    i.bsp_btn_ble_init  bsp_btn_ble.o
    0x00021cfc   0x00000070   Code   RO          654    i.bsp_btn_ble_on_ble_evt  bsp_btn_ble.o
    0x00021d6c   0x0000001e   Code   RO          655    i.bsp_btn_ble_sleep_mode_prepare  bsp_btn_ble.o
    0x00021d8a   0x00000002   PAD
    0x00021d8c   0x00000074   Code   RO          529    i.bsp_button_event_handler  bsp.o
    0x00021e00   0x00000004   Code   RO          530    i.bsp_button_is_pressed  bsp.o
    0x00021e04   0x00000044   Code   RO            8    i.bsp_event_handler  main.o
    0x00021e48   0x00000034   Code   RO          533    i.bsp_event_to_button_action_assign  bsp.o
    0x00021e7c   0x00000018   Code   RO          534    i.bsp_indication_set  bsp.o
    0x00021e94   0x00000098   Code   RO          535    i.bsp_init          bsp.o
    0x00021f2c   0x00000174   Code   RO          536    i.bsp_led_indication  bsp.o
    0x000220a0   0x00000010   Code   RO          538    i.bsp_wakeup_button_enable  bsp.o
    0x000220b0   0x00000012   Code   RO         4474    i.buf_len_update    nrf_log_backend_serial.o
    0x000220c2   0x00000002   PAD
    0x000220c4   0x00000068   Code   RO         4564    i.buf_prealloc      nrf_log_frontend.o
    0x0002212c   0x00000014   Code   RO         4565    i.buffer_is_empty   nrf_log_frontend.o
    0x00022140   0x000000d2   Code   RO         5005    i.button_char_add   ble_lbs.o
    0x00022212   0x00000008   Code   RO          539    i.button_timer_handler  bsp.o
    0x0002221a   0x00000002   PAD
    0x0002221c   0x0000001c   Code   RO         2881    i.channel_free      nrf_drv_gpiote.o
    0x00022238   0x00000048   Code   RO         2882    i.channel_port_alloc  nrf_drv_gpiote.o
    0x00022280   0x00000010   Code   RO         2883    i.channel_port_get  nrf_drv_gpiote.o
    0x00022290   0x00000020   Code   RO         4033    i.check_config      fstorage.o
    0x000222b0   0x00000018   Code   RO         3727    i.chunk_queue_next  fds.o
    0x000222c8   0x00000038   Code   RO         1955    i.claim             peer_id.o
    0x00022300   0x00000028   Code   RO         2652    i.clock_clk_started_notify  nrf_drv_clock.o
    0x00022328   0x000000ac   Code   RO         3501    i.compare_reg_update  app_timer.o
    0x000223d4   0x00000088   Code   RO          767    i.conn_int_encode   ble_advdata.o
    0x0002245c   0x00000004   Code   RO           10    i.conn_params_error_handler  main.o
    0x00022460   0x0000005c   Code   RO          944    i.conn_params_negotiation  ble_conn_params.o
    0x000224bc   0x00000080   Code   RO         3728    i.delete_execute    fds.o
    0x0002253c   0x00000060   Code   RO         3359    i.detection_delay_timeout_handler  app_button.o
    0x0002259c   0x00000040   Code   RO         3502    i.elapsed_ticks_acquire  app_timer.o
    0x000225dc   0x00000030   Code   RO         2411    i.encryption_failure  security_dispatcher.o
    0x0002260c   0x0000006a   Code   RO         3729    i.event_prepare     fds.o
    0x00022676   0x00000002   PAD
    0x00022678   0x00000020   Code   RO         3730    i.event_send        fds.o
    0x00022698   0x00000034   Code   RO         2525    i.events_send_from_err_code  security_manager.o
    0x000226cc   0x0000000c   Code   RO         1210    i.evt_send          gatt_cache_manager.o
    0x000226d8   0x0000001c   Code   RO         1421    i.evt_send          id_manager.o
    0x000226f4   0x0000002c   Code   RO         2045    i.evt_send          peer_manager.o
    0x00022720   0x0000001c   Code   RO         2412    i.evt_send          security_dispatcher.o
    0x0002273c   0x0000000c   Code   RO         2526    i.evt_send          security_manager.o
    0x00022748   0x000000f8   Code   RO         1648    i.fds_evt_handler   peer_data_storage.o
    0x00022840   0x0000004c   Code   RO         3732    i.fds_file_delete   fds.o
    0x0002288c   0x00000044   Code   RO         3733    i.fds_gc            fds.o
    0x000228d0   0x00000088   Code   RO         3734    i.fds_init          fds.o
    0x00022958   0x0000003c   Code   RO         3735    i.fds_record_close  fds.o
    0x00022994   0x0000000e   Code   RO         3737    i.fds_record_find   fds.o
    0x000229a2   0x00000010   Code   RO         3738    i.fds_record_find_by_key  fds.o
    0x000229b2   0x00000010   Code   RO         3739    i.fds_record_find_in_file  fds.o
    0x000229c2   0x00000010   Code   RO         3740    i.fds_record_id_from_desc  fds.o
    0x000229d2   0x00000002   PAD
    0x000229d4   0x00000040   Code   RO         3742    i.fds_record_open   fds.o
    0x00022a14   0x0000000e   Code   RO         3743    i.fds_record_update  fds.o
    0x00022a22   0x00000008   Code   RO         3744    i.fds_record_write  fds.o
    0x00022a2a   0x0000000c   Code   RO         3745    i.fds_record_write_reserved  fds.o
    0x00022a36   0x00000002   PAD
    0x00022a38   0x00000024   Code   RO         3746    i.fds_register      fds.o
    0x00022a5c   0x00000034   Code   RO         3747    i.fds_reserve       fds.o
    0x00022a90   0x00000044   Code   RO         3748    i.fds_reserve_cancel  fds.o
    0x00022ad4   0x00000014   Code   RO         4411    i.fifo_get          app_fifo.o
    0x00022ae8   0x00000012   Code   RO         4412    i.fifo_put          app_fifo.o
    0x00022afa   0x00000014   Code   RO         1649    i.file_id_within_pm_range  peer_data_storage.o
    0x00022b0e   0x00000002   PAD
    0x00022b10   0x00000010   Code   RO         3750    i.flag_clear        fds.o
    0x00022b20   0x00000012   Code   RO         2413    i.flag_id_init      security_dispatcher.o
    0x00022b32   0x00000012   Code   RO         2527    i.flag_id_init      security_manager.o
    0x00022b44   0x00000010   Code   RO         3751    i.flag_set          fds.o
    0x00022b54   0x00000058   Code   RO         2528    i.flags_set_from_err_code  security_manager.o
    0x00022bac   0x0000000e   Code   RO         4367    i.fputc             retarget.o
    0x00022bba   0x00000002   PAD
    0x00022bbc   0x00000074   Code   RO         4034    i.fs_erase          fstorage.o
    0x00022c30   0x00000006   Code   RO         3752    i.fs_event_handler  fds.o
    0x00022c36   0x00000002   PAD
    0x00022c38   0x000000b0   Code   RO         4036    i.fs_init           fstorage.o
    0x00022ce8   0x00000014   Code   RO         4039    i.fs_queued_op_count_get  fstorage.o
    0x00022cfc   0x00000080   Code   RO         4040    i.fs_store          fstorage.o
    0x00022d7c   0x00000068   Code   RO         4041    i.fs_sys_event_handler  fstorage.o
    0x00022de4   0x0000006c   Code   RO           11    i.gap_params_init   main.o
    0x00022e50   0x00000070   Code   RO         3753    i.gc_execute        fds.o
    0x00022ec0   0x00000048   Code   RO         3754    i.gc_next_page      fds.o
    0x00022f08   0x0000004c   Code   RO         3755    i.gc_page_erase     fds.o
    0x00022f54   0x00000034   Code   RO         3756    i.gc_record_copy    fds.o
    0x00022f88   0x00000024   Code   RO         3757    i.gc_record_find_next  fds.o
    0x00022fac   0x00000080   Code   RO         3758    i.gc_state_advance  fds.o
    0x0002302c   0x000000ec   Code   RO         1211    i.gcm_ble_evt_handler  gatt_cache_manager.o
    0x00023118   0x0000006c   Code   RO         1212    i.gcm_gscm_evt_handler  gatt_cache_manager.o
    0x00023184   0x00000030   Code   RO         1213    i.gcm_im_evt_handler  gatt_cache_manager.o
    0x000231b4   0x00000048   Code   RO         1214    i.gcm_init          gatt_cache_manager.o
    0x000231fc   0x00000054   Code   RO         1215    i.gcm_local_database_has_changed  gatt_cache_manager.o
    0x00023250   0x0000000e   Code   RO         1218    i.gcm_smd_evt_handler  gatt_cache_manager.o
    0x0002325e   0x00000002   PAD
    0x00023260   0x00000038   Code   RO         1422    i.get_connection_by_conn_handle  id_manager.o
    0x00023298   0x00000030   Code   RO         1423    i.get_free_connection  id_manager.o
    0x000232c8   0x00000018   Code   RO           12    i.get_uart_data     main.o
    0x000232e0   0x0000004c   Code   RO           13    i.gpio_init         main.o
    0x0002332c   0x00000058   Code   RO         3360    i.gpiote_event_handler  app_button.o
    0x00023384   0x0000001c   Code   RO         1334    i.gscm_db_change_notification_done  gatts_cache_manager.o
    0x000233a0   0x00000014   Code   RO         1335    i.gscm_init         gatts_cache_manager.o
    0x000233b4   0x0000001c   Code   RO         1336    i.gscm_local_database_has_changed  gatts_cache_manager.o
    0x000233d0   0x0000006a   Code   RO         1337    i.gscm_local_db_cache_apply  gatts_cache_manager.o
    0x0002343a   0x00000080   Code   RO         1339    i.gscm_local_db_cache_update  gatts_cache_manager.o
    0x000234ba   0x00000002   PAD
    0x000234bc   0x00000054   Code   RO         1340    i.gscm_pdb_evt_handler  gatts_cache_manager.o
    0x00023510   0x0000001a   Code   RO         1341    i.gscm_service_changed_ind_needed  gatts_cache_manager.o
    0x0002352a   0x00000002   PAD
    0x0002352c   0x0000002c   Code   RO         1342    i.gscm_service_changed_ind_send  gatts_cache_manager.o
    0x00023558   0x00000016   Code   RO         3759    i.header_is_valid   fds.o
    0x0002356e   0x00000046   Code   RO         1424    i.im_address_resolve  id_manager.o
    0x000235b4   0x00000030   Code   RO         1425    i.im_ble_addr_get   id_manager.o
    0x000235e4   0x000000ae   Code   RO         1426    i.im_ble_evt_handler  id_manager.o
    0x00023692   0x00000002   PAD
    0x00023694   0x0000002c   Code   RO         1427    i.im_conn_handle_get  id_manager.o
    0x000236c0   0x00000040   Code   RO         1431    i.im_init           id_manager.o
    0x00023700   0x00000034   Code   RO         1432    i.im_is_duplicate_bonding_data  id_manager.o
    0x00023734   0x00000018   Code   RO         1433    i.im_master_id_is_valid  id_manager.o
    0x0002374c   0x0000002a   Code   RO         1434    i.im_master_ids_compare  id_manager.o
    0x00023776   0x00000004   Code   RO         1435    i.im_new_peer_id    id_manager.o
    0x0002377a   0x00000072   Code   RO         1436    i.im_pdb_evt_handler  id_manager.o
    0x000237ec   0x00000026   Code   RO         1437    i.im_peer_free      id_manager.o
    0x00023812   0x00000002   PAD
    0x00023814   0x00000020   Code   RO         1438    i.im_peer_id_get_by_conn_handle  id_manager.o
    0x00023834   0x0000003c   Code   RO         1439    i.im_peer_id_get_by_master_id  id_manager.o
    0x00023870   0x000000c0   Code   RO         3760    i.init_execute      fds.o
    0x00023930   0x00000078   Code   RO         4852    i.intern_softdevice_events_execute  softdevice_handler.o
    0x000239a8   0x00000078   Code   RO         3125    i.interrupts_enable  nrf_drv_uart.o
    0x00023a20   0x0000001c   Code   RO          945    i.is_conn_params_ok  ble_conn_params.o
    0x00023a3c   0x00000014   Code   RO         1444    i.is_valid_irk      id_manager.o
    0x00023a50   0x0000000c   Code   RO         3761    i.is_word_aligned   fds.o
    0x00023a5c   0x0000009e   Code   RO         5006    i.led_char_add      ble_lbs.o
    0x00023afa   0x00000002   PAD
    0x00023afc   0x00000068   Code   RO           14    i.led_write_handler  main.o
    0x00023b64   0x00000014   Code   RO          540    i.leds_timer_handler  bsp.o
    0x00023b78   0x00000098   Code   RO         2529    i.link_secure       security_manager.o
    0x00023c10   0x00000086   Code   RO         2414    i.link_secure_central  security_dispatcher.o
    0x00023c96   0x000000c8   Code   RO         2415    i.link_secure_central_existing_peer  security_dispatcher.o
    0x00023d5e   0x0000006c   Code   RO         2416    i.link_secure_central_new_peer  security_dispatcher.o
    0x00023dca   0x00000002   PAD
    0x00023dcc   0x00000058   Code   RO         2417    i.link_secure_failure  security_dispatcher.o
    0x00023e24   0x0000005c   Code   RO         2530    i.link_secure_pending_process  security_manager.o
    0x00023e80   0x000000a8   Code   RO         3503    i.list_deletions_handler  app_timer.o
    0x00023f28   0x000000b8   Code   RO         3504    i.list_insertions_handler  app_timer.o
    0x00023fe0   0x00000074   Code   RO         1219    i.local_db_apply_in_evt  gatt_cache_manager.o
    0x00024054   0x00000078   Code   RO         1220    i.local_db_update_in_evt  gatt_cache_manager.o
    0x000240cc   0x00000032   Code   RO         2357    i.lock_by_mask      pm_mutex.o
    0x000240fe   0x00000002   PAD
    0x00024100   0x00000138   Code   RO           15    i.main              main.o
    0x00024238   0x00000064   Code   RO          768    i.manuf_specific_data_encode  ble_advdata.o
    0x0002429c   0x0000009c   Code   RO          769    i.name_encode       ble_advdata.o
    0x00024338   0x00000058   Code   RO         1445    i.new_connection    id_manager.o
    0x00024390   0x00000030   Code   RO         1956    i.next_id_get       peer_id.o
    0x000243c0   0x00000010   Code   RO         2884    i.nrf_bitmask_bit_is_set  nrf_drv_gpiote.o
    0x000243d0   0x0000000e   Code   RO         2656    i.nrf_clock_event_check  nrf_drv_clock.o
    0x000243de   0x00000010   Code   RO         2657    i.nrf_clock_event_clear  nrf_drv_clock.o
    0x000243ee   0x00000002   PAD
    0x000243f0   0x0000008c   Code   RO         3505    i.nrf_delay_us      app_timer.o
    0x0002447c   0x00000048   Code   RO         2664    i.nrf_drv_clock_init  nrf_drv_clock.o
    0x000244c4   0x00000030   Code   RO         2671    i.nrf_drv_clock_on_sd_enable  nrf_drv_clock.o
    0x000244f4   0x0000000a   Code   RO         2672    i.nrf_drv_clock_on_soc_event  nrf_drv_clock.o
    0x000244fe   0x00000016   Code   RO         3126    i.nrf_drv_common_irq_disable  nrf_drv_uart.o
    0x00024514   0x00000038   Code   RO         2834    i.nrf_drv_common_irq_enable  nrf_drv_common.o
    0x0002454c   0x00000006   Code   RO         3127    i.nrf_drv_get_IRQn  nrf_drv_uart.o
    0x00024552   0x00000002   PAD
    0x00024554   0x000000a4   Code   RO         2889    i.nrf_drv_gpiote_in_event_enable  nrf_drv_gpiote.o
    0x000245f8   0x000000b8   Code   RO         2890    i.nrf_drv_gpiote_in_init  nrf_drv_gpiote.o
    0x000246b0   0x00000014   Code   RO         2891    i.nrf_drv_gpiote_in_is_set  nrf_drv_gpiote.o
    0x000246c4   0x0000005c   Code   RO         2893    i.nrf_drv_gpiote_init  nrf_drv_gpiote.o
    0x00024720   0x00000014   Code   RO         2894    i.nrf_drv_gpiote_is_init  nrf_drv_gpiote.o
    0x00024734   0x00000010   Code   RO         3128    i.nrf_drv_is_in_RAM  nrf_drv_uart.o
    0x00024744   0x00000068   Code   RO         3130    i.nrf_drv_uart_init  nrf_drv_uart.o
    0x000247ac   0x000000b0   Code   RO         3131    i.nrf_drv_uart_rx   nrf_drv_uart.o
    0x0002485c   0x00000030   Code   RO         3134    i.nrf_drv_uart_rx_enable  nrf_drv_uart.o
    0x0002488c   0x000000a8   Code   RO         3135    i.nrf_drv_uart_rx_for_uart  nrf_drv_uart.o
    0x00024934   0x000000b0   Code   RO         3136    i.nrf_drv_uart_rx_for_uarte  nrf_drv_uart.o
    0x000249e4   0x0000010c   Code   RO         3137    i.nrf_drv_uart_tx   nrf_drv_uart.o
    0x00024af0   0x00000018   Code   RO         3139    i.nrf_drv_uart_tx_in_progress  nrf_drv_uart.o
    0x00024b08   0x00000054   Code   RO         3140    i.nrf_drv_uart_uninit  nrf_drv_uart.o
    0x00024b5c   0x00000024   Code   RO          418    i.nrf_gpio_cfg      boards.o
    0x00024b80   0x00000024   Code   RO         2908    i.nrf_gpio_cfg      nrf_drv_gpiote.o
    0x00024ba4   0x00000024   Code   RO         3141    i.nrf_gpio_cfg      nrf_drv_uart.o
    0x00024bc8   0x00000012   Code   RO         3142    i.nrf_gpio_cfg_default  nrf_drv_uart.o
    0x00024bda   0x00000012   Code   RO         3143    i.nrf_gpio_cfg_input  nrf_drv_uart.o
    0x00024bec   0x00000010   Code   RO           16    i.nrf_gpio_cfg_output  main.o
    0x00024bfc   0x00000014   Code   RO         3144    i.nrf_gpio_cfg_output  nrf_drv_uart.o
    0x00024c10   0x00000022   Code   RO          541    i.nrf_gpio_cfg_sense_set  bsp.o
    0x00024c32   0x00000022   Code   RO         2910    i.nrf_gpio_cfg_sense_set  nrf_drv_gpiote.o
    0x00024c54   0x00000016   Code   RO           17    i.nrf_gpio_pin_write  main.o
    0x00024c6a   0x00000016   Code   RO          419    i.nrf_gpio_pin_write  boards.o
    0x00024c80   0x00000028   Code   RO         2911    i.nrf_gpio_ports_read  nrf_drv_gpiote.o
    0x00024ca8   0x00000014   Code   RO         2912    i.nrf_gpiote_event_clear  nrf_drv_gpiote.o
    0x00024cbc   0x00000010   Code   RO         2913    i.nrf_gpiote_event_is_set  nrf_drv_gpiote.o
    0x00024ccc   0x00000008   Code   RO         4476    i.nrf_log_backend_hexdump_handler_get  nrf_log_backend_serial.o
    0x00024cd4   0x00000024   Code   RO         4477    i.nrf_log_backend_init  nrf_log_backend_serial.o
    0x00024cf8   0x0000011c   Code   RO         4478    i.nrf_log_backend_serial_hexdump_handler  nrf_log_backend_serial.o
    0x00024e14   0x00000108   Code   RO         4479    i.nrf_log_backend_serial_std_handler  nrf_log_backend_serial.o
    0x00024f1c   0x00000008   Code   RO         4480    i.nrf_log_backend_std_handler_get  nrf_log_backend_serial.o
    0x00024f24   0x00000006   Code   RO         4567    i.nrf_log_blocking_backend_set  nrf_log_frontend.o
    0x00024f2a   0x00000002   PAD
    0x00024f2c   0x00000130   Code   RO         4568    i.nrf_log_frontend_dequeue  nrf_log_frontend.o
    0x0002505c   0x00000014   Code   RO         4570    i.nrf_log_frontend_init  nrf_log_frontend.o
    0x00025070   0x0000004c   Code   RO         4571    i.nrf_log_frontend_std_0  nrf_log_frontend.o
    0x000250bc   0x00000058   Code   RO         4572    i.nrf_log_frontend_std_1  nrf_log_frontend.o
    0x00025114   0x0000007c   Code   RO         4574    i.nrf_log_frontend_std_3  nrf_log_frontend.o
    0x00025190   0x00000010   Code   RO         4579    i.nrf_log_handlers_set  nrf_log_frontend.o
    0x000251a0   0x00000024   Code   RO         4580    i.nrf_log_init      nrf_log_frontend.o
    0x000251c4   0x0000000a   Code   RO         3145    i.nrf_uart_event_check  nrf_drv_uart.o
    0x000251ce   0x0000000c   Code   RO         3146    i.nrf_uart_event_clear  nrf_drv_uart.o
    0x000251da   0x0000000c   Code   RO         3147    i.nrf_uart_int_enable_check  nrf_drv_uart.o
    0x000251e6   0x0000000a   Code   RO         3148    i.nrf_uarte_event_check  nrf_drv_uart.o
    0x000251f0   0x0000000c   Code   RO         3149    i.nrf_uarte_event_clear  nrf_drv_uart.o
    0x000251fc   0x0000004c   Code   RO           18    i.on_adv_evt        main.o
    0x00025248   0x00000104   Code   RO           19    i.on_ble_evt        main.o
    0x0002534c   0x0000001c   Code   RO           20    i.on_conn_params_evt  main.o
    0x00025368   0x00000054   Code   RO         4042    i.on_operation_success  fstorage.o
    0x000253bc   0x00000080   Code   RO         3762    i.op_enqueue        fds.o
    0x0002543c   0x00000012   Code   RO         3763    i.page_offsets_update  fds.o
    0x0002544e   0x00000002   PAD
    0x00025450   0x00000064   Code   RO         3764    i.page_scan         fds.o
    0x000254b4   0x0000001c   Code   RO         3765    i.page_tag_write_data  fds.o
    0x000254d0   0x00000024   Code   RO         3766    i.page_tag_write_swap  fds.o
    0x000254f4   0x000000f8   Code   RO         3767    i.pages_init        fds.o
    0x000255ec   0x0000006c   Code   RO         2418    i.pairing_failure   security_dispatcher.o
    0x00025658   0x0000003c   Code   RO         2531    i.params_reply_pending_process  security_manager.o
    0x00025694   0x0000001c   Code   RO         1792    i.pdb_evt_send      peer_database.o
    0x000256b0   0x00000050   Code   RO         1793    i.pdb_init          peer_database.o
    0x00025700   0x00000004   Code   RO         1795    i.pdb_next_deleted_peer_id_get  peer_database.o
    0x00025704   0x00000004   Code   RO         1796    i.pdb_next_peer_id_get  peer_database.o
    0x00025708   0x00000130   Code   RO         1797    i.pdb_pds_evt_handler  peer_database.o
    0x00025838   0x00000004   Code   RO         1798    i.pdb_peer_allocate  peer_database.o
    0x0002583c   0x00000006   Code   RO         1800    i.pdb_peer_data_ptr_get  peer_database.o
    0x00025842   0x00000044   Code   RO         1801    i.pdb_peer_free     peer_database.o
    0x00025886   0x00000008   Code   RO         1802    i.pdb_raw_store     peer_database.o
    0x0002588e   0x00000002   PAD
    0x00025890   0x00000108   Code   RO         1803    i.pdb_write_buf_get  peer_database.o
    0x00025998   0x00000028   Code   RO         1804    i.pdb_write_buf_release  peer_database.o
    0x000259c0   0x000000c4   Code   RO         1805    i.pdb_write_buf_store  peer_database.o
    0x00025a84   0x00000068   Code   RO         1806    i.pdb_write_buf_store_prepare  peer_database.o
    0x00025aec   0x0000000c   Code   RO         1650    i.pds_evt_send      peer_data_storage.o
    0x00025af8   0x0000006c   Code   RO         1651    i.pds_init          peer_data_storage.o
    0x00025b64   0x00000004   Code   RO         1652    i.pds_next_deleted_peer_id_get  peer_data_storage.o
    0x00025b68   0x00000004   Code   RO         1653    i.pds_next_peer_id_get  peer_data_storage.o
    0x00025b6c   0x00000050   Code   RO         1656    i.pds_peer_data_iterate  peer_data_storage.o
    0x00025bbc   0x00000010   Code   RO         1657    i.pds_peer_data_iterate_prepare  peer_data_storage.o
    0x00025bcc   0x00000068   Code   RO         1658    i.pds_peer_data_read  peer_data_storage.o
    0x00025c34   0x000000a2   Code   RO         1659    i.pds_peer_data_store  peer_data_storage.o
    0x00025cd6   0x00000008   Code   RO         1660    i.pds_peer_id_allocate  peer_data_storage.o
    0x00025cde   0x00000016   Code   RO         1661    i.pds_peer_id_free  peer_data_storage.o
    0x00025cf4   0x00000004   Code   RO         1662    i.pds_peer_id_is_allocated  peer_data_storage.o
    0x00025cf8   0x0000002e   Code   RO         1663    i.pds_space_reserve  peer_data_storage.o
    0x00025d26   0x00000010   Code   RO         1664    i.pds_space_reserve_cancel  peer_data_storage.o
    0x00025d36   0x00000006   Code   RO         1807    i.peer_data_const_point_to_buffer  peer_database.o
    0x00025d3c   0x00000080   Code   RO         1665    i.peer_data_delete  peer_data_storage.o
    0x00025dbc   0x00000030   Code   RO         1666    i.peer_data_find    peer_data_storage.o
    0x00025dec   0x00000020   Code   RO         1667    i.peer_data_id_is_valid  peer_data_storage.o
    0x00025e0c   0x0000001a   Code   RO         1808    i.peer_data_point_to_buffer  peer_database.o
    0x00025e26   0x00000002   PAD
    0x00025e28   0x0000000c   Code   RO         1957    i.peer_id_allocate  peer_id.o
    0x00025e34   0x00000024   Code   RO         1958    i.peer_id_delete    peer_id.o
    0x00025e58   0x0000001c   Code   RO         1959    i.peer_id_free      peer_id.o
    0x00025e74   0x0000000c   Code   RO         1960    i.peer_id_get_next_deleted  peer_id.o
    0x00025e80   0x00000030   Code   RO         1961    i.peer_id_get_next_used  peer_id.o
    0x00025eb0   0x00000028   Code   RO         1962    i.peer_id_init      peer_id.o
    0x00025ed8   0x00000014   Code   RO         1963    i.peer_id_is_allocated  peer_id.o
    0x00025eec   0x00000014   Code   RO         1964    i.peer_id_is_deleted  peer_id.o
    0x00025f00   0x0000001c   Code   RO         1446    i.peer_id_set       id_manager.o
    0x00025f1c   0x0000007c   Code   RO           21    i.peer_manager_init  main.o
    0x00025f98   0x00000018   Code   RO         2914    i.pin_in_use_by_port  nrf_drv_gpiote.o
    0x00025fb0   0x00000018   Code   RO         2915    i.pin_in_use_by_te  nrf_drv_gpiote.o
    0x00025fc8   0x00000078   Code   RO         3150    i.pins_to_default   nrf_drv_uart.o
    0x00026040   0x0000005c   Code   RO         2315    i.pm_buffer_block_acquire  pm_buffer.o
    0x0002609c   0x00000040   Code   RO         2316    i.pm_buffer_init    pm_buffer.o
    0x000260dc   0x00000028   Code   RO         2317    i.pm_buffer_ptr_get  pm_buffer.o
    0x00026104   0x0000002e   Code   RO         2318    i.pm_buffer_release  pm_buffer.o
    0x00026132   0x00000004   Code   RO         2047    i.pm_conn_sec_config_reply  peer_manager.o
    0x00026136   0x00000002   PAD
    0x00026138   0x000000bc   Code   RO           22    i.pm_evt_handler    main.o
    0x000261f4   0x00000088   Code   RO         2051    i.pm_gcm_evt_handler  peer_manager.o
    0x0002627c   0x00000050   Code   RO         2054    i.pm_im_evt_handler  peer_manager.o
    0x000262cc   0x00000064   Code   RO         2055    i.pm_init           peer_manager.o
    0x00026330   0x00000014   Code   RO         2057    i.pm_local_database_has_changed  peer_manager.o
    0x00026344   0x0000000e   Code   RO         2358    i.pm_mutex_init     pm_mutex.o
    0x00026352   0x0000001a   Code   RO         2359    i.pm_mutex_lock     pm_mutex.o
    0x0002636c   0x00000036   Code   RO         2360    i.pm_mutex_lock_first_available  pm_mutex.o
    0x000263a2   0x00000018   Code   RO         2361    i.pm_mutex_lock_status_get  pm_mutex.o
    0x000263ba   0x0000003a   Code   RO         2362    i.pm_mutex_unlock   pm_mutex.o
    0x000263f4   0x00000028   Code   RO         2059    i.pm_on_ble_evt     peer_manager.o
    0x0002641c   0x00000158   Code   RO         2060    i.pm_pdb_evt_handler  peer_manager.o
    0x00026574   0x00000014   Code   RO         2071    i.pm_peer_delete    peer_manager.o
    0x00026588   0x00000038   Code   RO         2076    i.pm_peers_delete   peer_manager.o
    0x000265c0   0x0000002c   Code   RO         2079    i.pm_register       peer_manager.o
    0x000265ec   0x00000014   Code   RO         2081    i.pm_sec_params_set  peer_manager.o
    0x00026600   0x00000160   Code   RO         2082    i.pm_sm_evt_handler  peer_manager.o
    0x00026760   0x0000002c   Code   RO         4043    i.queue_advance     fstorage.o
    0x0002678c   0x00000038   Code   RO         4044    i.queue_get_next_free  fstorage.o
    0x000267c4   0x000000bc   Code   RO         3768    i.queue_process     fds.o
    0x00026880   0x00000070   Code   RO         4045    i.queue_process     fstorage.o
    0x000268f0   0x00000020   Code   RO         3769    i.queue_start       fds.o
    0x00026910   0x0000001c   Code   RO         4046    i.queue_start       fstorage.o
    0x0002692c   0x00000010   Code   RO         4853    i.ram_end_address_get  softdevice_handler.o
    0x0002693c   0x00000088   Code   RO         3770    i.record_find       fds.o
    0x000269c4   0x0000009c   Code   RO         3771    i.record_find_by_desc  fds.o
    0x00026a60   0x0000004c   Code   RO         3772    i.record_find_next  fds.o
    0x00026aac   0x00000034   Code   RO         3773    i.record_header_flag_dirty  fds.o
    0x00026ae0   0x00000014   Code   RO         1668    i.record_key_within_pm_range  peer_data_storage.o
    0x00026af4   0x0000005c   Code   RO         3774    i.record_write_chunk  fds.o
    0x00026b50   0x00000010   Code   RO         1966    i.release           peer_id.o
    0x00026b60   0x0000003c   Code   RO         3506    i.rtc1_stop         app_timer.o
    0x00026b9c   0x00000032   Code   RO         3151    i.rx_byte           nrf_drv_uart.o
    0x00026bce   0x00000018   Code   RO         3152    i.rx_done_event     nrf_drv_uart.o
    0x00026be6   0x00000020   Code   RO         3153    i.rx_enable         nrf_drv_uart.o
    0x00026c06   0x00000002   PAD
    0x00026c08   0x00000070   Code   RO         4855    i.sd_nvic_EnableIRQ  softdevice_handler.o
    0x00026c78   0x00000044   Code   RO         4203    i.sdk_mapped_flags_bulk_update_by_key  sdk_mapped_flags.o
    0x00026cbc   0x00000022   Code   RO         4204    i.sdk_mapped_flags_first_key_index_get  sdk_mapped_flags.o
    0x00026cde   0x00000010   Code   RO         4205    i.sdk_mapped_flags_get_by_index  sdk_mapped_flags.o
    0x00026cee   0x00000026   Code   RO         4206    i.sdk_mapped_flags_get_by_key  sdk_mapped_flags.o
    0x00026d14   0x0000004a   Code   RO         4207    i.sdk_mapped_flags_key_list_get  sdk_mapped_flags.o
    0x00026d5e   0x0000000e   Code   RO         4209    i.sdk_mapped_flags_update_by_key  sdk_mapped_flags.o
    0x00026d6c   0x000000b2   Code   RO         2419    i.sec_info_request_process  security_dispatcher.o
    0x00026e1e   0x00000076   Code   RO         2532    i.sec_params_verify  security_manager.o
    0x00026e94   0x00000054   Code   RO         2420    i.sec_proc_start    security_dispatcher.o
    0x00026ee8   0x00000020   Code   RO         2421    i.sec_start_send    security_dispatcher.o
    0x00026f08   0x0000004c   Code   RO         4047    i.send_event        fstorage.o
    0x00026f54   0x0000002e   Code   RO         4481    i.serial_tx         nrf_log_backend_serial.o
    0x00026f82   0x00000002   PAD
    0x00026f84   0x00000058   Code   RO         1221    i.service_changed_pending_flags_check  gatt_cache_manager.o
    0x00026fdc   0x00000044   Code   RO         1343    i.service_changed_pending_set  gatts_cache_manager.o
    0x00027020   0x00000094   Code   RO         1222    i.service_changed_send_in_evt  gatt_cache_manager.o
    0x000270b4   0x00000088   Code   RO          770    i.service_data_encode  ble_advdata.o
    0x0002713c   0x00000048   Code   RO          855    i.set_adv_mode_fast  ble_advertising.o
    0x00027184   0x00000044   Code   RO          856    i.set_adv_mode_slow  ble_advertising.o
    0x000271c8   0x00000028   Code   RO           24    i.sleep_mode_enter  main.o
    0x000271f0   0x00000018   Code   RO         2533    i.sm_ble_evt_handler  security_manager.o
    0x00027208   0x00000018   Code   RO         2534    i.sm_conn_sec_config_reply  security_manager.o
    0x00027220   0x00000050   Code   RO         2535    i.sm_init           security_manager.o
    0x00027270   0x00000038   Code   RO         2538    i.sm_pdb_evt_handler  security_manager.o
    0x000272a8   0x0000002c   Code   RO         2540    i.sm_sec_params_set  security_manager.o
    0x000272d4   0x00000078   Code   RO         2541    i.sm_smd_evt_handler  security_manager.o
    0x0002734c   0x000000ec   Code   RO         2422    i.smd_ble_evt_handler  security_dispatcher.o
    0x00027438   0x0000003c   Code   RO         2423    i.smd_init          security_dispatcher.o
    0x00027474   0x00000030   Code   RO         2424    i.smd_link_secure   security_dispatcher.o
    0x000274a4   0x0000010c   Code   RO         2425    i.smd_params_reply  security_dispatcher.o
    0x000275b0   0x00000088   Code   RO         2542    i.smd_params_reply_perform  security_manager.o
    0x00027638   0x00000034   Code   RO         2426    i.smd_pdb_evt_handler  security_dispatcher.o
    0x0002766c   0x00000014   Code   RO         4856    i.softdevice_ble_evt_handler_set  softdevice_handler.o
    0x00027680   0x000000a0   Code   RO         4857    i.softdevice_enable  softdevice_handler.o
    0x00027720   0x00000026   Code   RO         4858    i.softdevice_enable_get_default_config  softdevice_handler.o
    0x00027746   0x00000004   Code   RO         4859    i.softdevice_fault_handler  softdevice_handler.o
    0x0002774a   0x00000002   PAD
    0x0002774c   0x00000064   Code   RO         4860    i.softdevice_handler_init  softdevice_handler.o
    0x000277b0   0x0000000c   Code   RO         4861    i.softdevice_handler_is_enabled  softdevice_handler.o
    0x000277bc   0x00000014   Code   RO         4866    i.softdevice_sys_evt_handler_set  softdevice_handler.o
    0x000277d0   0x00000012   Code   RO           25    i.sys_evt_dispatch  main.o
    0x000277e2   0x00000002   PAD
    0x000277e4   0x0000008c   Code   RO         3507    i.timer_list_handler  app_timer.o
    0x00027870   0x0000003c   Code   RO         3508    i.timer_list_insert  app_timer.o
    0x000278ac   0x00000048   Code   RO         3509    i.timer_stop_op_schedule  app_timer.o
    0x000278f4   0x00000084   Code   RO         3510    i.timer_timeouts_check  app_timer.o
    0x00027978   0x00000034   Code   RO         4482    i.timestamp_process  nrf_log_backend_serial.o
    0x000279ac   0x00000020   Code   RO         3154    i.tx_byte           nrf_drv_uart.o
    0x000279cc   0x0000001c   Code   RO         3155    i.tx_done_event     nrf_drv_uart.o
    0x000279e8   0x00000084   Code   RO           26    i.uart_event_handle  main.o
    0x00027a6c   0x000000a0   Code   RO         4299    i.uart_event_handler  app_uart_fifo.o
    0x00027b0c   0x00000048   Code   RO           27    i.uart_init         main.o
    0x00027b54   0x0000011e   Code   RO         3156    i.uart_irq_handler  nrf_drv_uart.o
    0x00027c72   0x000000f0   Code   RO         3157    i.uarte_irq_handler  nrf_drv_uart.o
    0x00027d62   0x0000000a   Code   RO          771    i.uint16_encode     ble_advdata.o
    0x00027d6c   0x00000060   Code   RO          946    i.update_timeout_handler  ble_conn_params.o
    0x00027dcc   0x00000018   Code   RO         1030    i.user_flag_is_acquired  ble_conn_state.o
    0x00027de4   0x00000030   Code   RO         3511    i.user_op_alloc     app_timer.o
    0x00027e14   0x00000030   Code   RO          772    i.uuid_list_encode  ble_advdata.o
    0x00027e44   0x0000009e   Code   RO          773    i.uuid_list_sized_encode  ble_advdata.o
    0x00027ee2   0x00000024   Code   RO         1809    i.write_buf_length_words_set  peer_database.o
    0x00027f06   0x00000024   Code   RO         1810    i.write_buffer_record_find  peer_database.o
    0x00027f2a   0x00000002   PAD
    0x00027f2c   0x0000002c   Code   RO         1811    i.write_buffer_record_find_next  peer_database.o
    0x00027f58   0x0000001e   Code   RO         1812    i.write_buffer_record_invalidate  peer_database.o
    0x00027f76   0x00000002   PAD
    0x00027f78   0x0000002c   Code   RO         1813    i.write_buffer_record_release  peer_database.o
    0x00027fa4   0x00000124   Code   RO         3775    i.write_enqueue     fds.o
    0x000280c8   0x000000f0   Code   RO         3776    i.write_execute     fds.o
    0x000281b8   0x00000014   Code   RO         3777    i.write_space_free  fds.o
    0x000281cc   0x00000054   Code   RO         3778    i.write_space_reserve  fds.o
    0x00028220   0x0000001c   Data   RO           29    .constdata          main.o
    0x0002823c   0x00000003   Data   RO          420    .constdata          boards.o
    0x0002823f   0x00000001   PAD
    0x00028240   0x00000014   Data   RO          545    .constdata          bsp.o
    0x00028254   0x00000004   Data   RO          949    .constdata          ble_conn_params.o
    0x00028258   0x00000004   Data   RO         1344    .constdata          gatts_cache_manager.o
    0x0002825c   0x00000010   Data   RO         1345    .constdata          gatts_cache_manager.o
    0x0002826c   0x00000004   Data   RO         1346    .constdata          gatts_cache_manager.o
    0x00028270   0x00000008   Data   RO         1449    .constdata          id_manager.o
    0x00028278   0x00000004   Data   RO         1669    .constdata          peer_data_storage.o
    0x0002827c   0x00000014   Data   RO         1815    .constdata          peer_database.o
    0x00028290   0x00000044   Data   RO         2428    .constdata          security_dispatcher.o
    0x000282d4   0x00000004   Data   RO         2543    .constdata          security_manager.o
    0x000282d8   0x00000004   Data   RO         2917    .constdata          nrf_drv_gpiote.o
    0x000282dc   0x00000008   Data   RO         3362    .constdata          app_button.o
    0x000282e4   0x00000014   Data   RO         3780    .constdata          fds.o
    0x000282f8   0x00000020   Data   RO         4301    .constdata          app_uart_fifo.o
    0x00028318   0x00000024   Data   RO         4583    .constdata          nrf_log_frontend.o
    0x0002833c   0x00000010   Data   RO         5007    .constdata          ble_lbs.o
    0x0002834c   0x00000081   Data   RO         5126    .constdata          mc_w.l(ctype_o.o)
    0x000283cd   0x00000003   PAD
    0x000283d0   0x00000004   Data   RO         5127    .constdata          mc_w.l(ctype_o.o)
    0x000283d4   0x0000004b   Data   RO           30    .conststring        main.o
    0x0002841f   0x00000001   PAD
    0x00028420   0x0000000b   Data   RO         4584    .conststring        nrf_log_frontend.o
    0x0002842b   0x00000001   PAD
    0x0002842c   0x00000042   Data   RO         4867    .conststring        softdevice_handler.o
    0x0002846e   0x00000002   PAD
    0x00028470   0x00000020   Data   RO         5465    Region$$Table       anon$$obj.o


    Execution Region RW_IRAM1 (Base: 0x20002128, Size: 0x000037d8, Max: 0x0000ded8, ABSOLUTE, COMPRESSED[0x00000030])

    Base Addr    Size         Type   Attr      Idx    E Section Name        Object

    0x20002128   0x00000008   Data   RW           31    .data               main.o
    0x20002130   0x00000014   Data   RW          546    .data               bsp.o
    0x20002144   0x00000008   Data   RW          656    .data               bsp_btn_ble.o
    0x2000214c   0x0000001f   Data   RW          858    .data               ble_advertising.o
    0x2000216b   0x00000001   PAD
    0x2000216c   0x00000014   Data   RW          950    .data               ble_conn_params.o
    0x20002180   0x0000000c   Data   RW         1223    .data               gatt_cache_manager.o
    0x2000218c   0x0000000c   Data   RW         1347    .data               gatts_cache_manager.o
    0x20002198   0x00000003   Data   RW         1450    .data               id_manager.o
    0x2000219b   0x00000001   PAD
    0x2000219c   0x0000000c   Data   RW         1670    .data               peer_data_storage.o
    0x200021a8   0x00000008   Data   RW         1816    .data               peer_database.o
    0x200021b0   0x00000010   Data   RW         2087    .data               peer_manager.o
    0x200021c0   0x00000004   Data   RW         2429    .data               security_dispatcher.o
    0x200021c4   0x00000015   Data   RW         2544    .data               security_manager.o
    0x200021d9   0x00000003   PAD
    0x200021dc   0x00000014   Data   RW         3363    .data               app_button.o
    0x200021f0   0x00000020   Data   RW         3512    .data               app_timer.o
    0x20002210   0x00000018   Data   RW         3781    .data               fds.o
    0x20002228   0x00000002   Data   RW         4049    .data               fstorage.o
    0x2000222a   0x00000002   PAD
    0x2000222c   0x00000010   Data   RW         4302    .data               app_uart_fifo.o
    0x2000223c   0x00000004   Data   RW         4368    .data               retarget.o
    0x20002240   0x00000002   Data   RW         4484    .data               nrf_log_backend_serial.o
    0x20002242   0x00000002   PAD
    0x20002244   0x00000004   Data   RW         4585    .data               nrf_log_frontend.o
    0x20002248   0x00000014   Data   RW         4868    .data               softdevice_handler.o
    0x2000225c   0x00000004   Data   RW         5061    .data               system_nrf52.o
    0x20002260   0x00000010   Data   RW         3782    fs_data             fds.o
    0x20002270   0x000003e4   Zero   RW           28    .bss                main.o
    0x20002654   0x00000020   Zero   RW          542    .bss                bsp.o
    0x20002674   0x00000020   Zero   RW          543    .bss                bsp.o
    0x20002694   0x00000020   Zero   RW          544    .bss                bsp.o
    0x200026b4   0x000000b3   Zero   RW          857    .bss                ble_advertising.o
    0x20002767   0x00000001   PAD
    0x20002768   0x00000020   Zero   RW          947    .bss                ble_conn_params.o
    0x20002788   0x0000001c   Zero   RW          948    .bss                ble_conn_params.o
    0x200027a4   0x00000034   Zero   RW         1031    .bss                ble_conn_state.o
    0x200027d8   0x00000070   Zero   RW         1448    .bss                id_manager.o
    0x20002848   0x00000330   Zero   RW         1814    .bss                peer_database.o
    0x20002b78   0x00000040   Zero   RW         1967    .bss                peer_id.o
    0x20002bb8   0x0000000c   Zero   RW         2085    .bss                peer_manager.o
    0x20002bc4   0x00000040   Zero   RW         2427    .bss                security_dispatcher.o
    0x20002c04   0x00000014   Zero   RW         2674    .bss                nrf_drv_clock.o
    0x20002c18   0x00000058   Zero   RW         2916    .bss                nrf_drv_gpiote.o
    0x20002c70   0x00000020   Zero   RW         3158    .bss                nrf_drv_uart.o
    0x20002c90   0x00000020   Zero   RW         3361    .bss                app_button.o
    0x20002cb0   0x0000000c   Zero   RW         3652    .bss                app_util_platform.o
    0x20002cbc   0x0000011c   Zero   RW         3779    .bss                fds.o
    0x20002dd8   0x00000068   Zero   RW         4048    .bss                fstorage.o
    0x20002e40   0x00000020   Zero   RW         4300    .bss                app_uart_fifo.o
    0x20002e60   0x00000418   Zero   RW         4582    .bss                nrf_log_frontend.o
    0x20003278   0x00000288   Zero   RW         4716    .bss                segger_rtt.o
    0x20003500   0x00000400   Zero   RW         5095    .bss                cmlib.lib(at_command.o)
    0x20003900   0x00002000   Zero   RW         5049    STACK               arm_startup_nrf52.o


==============================================================================

Image component sizes


      Code (inc. data)   RO Data    RW Data    ZI Data      Debug   Object Name

       332         34          8         20         32      10386   app_button.o
        22          0          0          0          0       2305   app_error.o
        92         34          0          0          0      27413   app_error_weak.o
       118          0          0          0          0       4614   app_fifo.o
      1694        114          0         32          0      65167   app_timer.o
       468         46         32         16         32      14187   app_uart_fifo.o
       124         14          0          0         12       9642   app_util_platform.o
        36          8       1024          0       8192        956   arm_startup_nrf52.o
      1330          0          0          0          0      37860   ble_advdata.o
       980         70          0         31        179      21325   ble_advertising.o
       436         54          4         20         60       7112   ble_conn_params.o
       540         44          0          0         52      12917   ble_conn_state.o
       512          4         16          0          0       5652   ble_lbs.o
         8          0          0          0          0       1510   ble_srv_common.o
       302         40          3          0          0      16087   boards.o
       804         76         20         20         96      35791   bsp.o
       252         10          0          8          0      44949   bsp_btn_ble.o
      3612        332         20         40        284      48410   fds.o
       976         74          0          2        104      13647   fstorage.o
      1046         52          0         12          0      23848   gatt_cache_manager.o
       532         34         24         12          0      11267   gatts_cache_manager.o
      1154         56          8          3        112      21389   id_manager.o
      1976        416        103          8        996     139055   main.o
       288         22          0          0         20      19412   nrf_drv_clock.o
        56          0          0          0          0      27583   nrf_drv_common.o
      1178         84          4          0         88      31020   nrf_drv_gpiote.o
      2384         82          0          0         32      73822   nrf_drv_uart.o
       716         30          0          2          0      10119   nrf_log_backend_serial.o
       794         58         47          4       1048      12789   nrf_log_frontend.o
         0          0          0          0          0       2432   peer_data.o
      1082         42          4         12          0      18284   peer_data_storage.o
      1332         66         20          8        816      24463   peer_database.o
       336         38          0          0         64       9475   peer_id.o
      1260        102          0         16         12      16168   peer_manager.o
       242          0          0          0          0       4615   pm_buffer.o
       226          0          0          0          0       5569   pm_mutex.o
        14          0          0          4          0       2958   retarget.o
       244          0          0          0          0       6540   sdk_mapped_flags.o
      1850         66         68          4         64      21632   security_dispatcher.o
      1076         74          4         21          0      17636   security_manager.o
       390         40          0          0        648       8845   segger_rtt.o
       718        146         66         20          0      45072   softdevice_handler.o
       668         58          0          4          0       2819   system_nrf52.o

    ----------------------------------------------------------------------
     32268       2420       1512        328      12944     936742   Object Totals
         0          0         32          0          0          0   (incl. Generated)
        68          0          5          9          1          0   (incl. Padding)

    ----------------------------------------------------------------------

      Code (inc. data)   RO Data    RW Data    ZI Data      Debug   Library Member Name

       124         10          0          0       1024       2466   at_command.o
        86          0          0          0          0          0   __dczerorl2.o
         8          4        133          0          0         68   ctype_o.o
         0          0          0          0          0          0   entry.o
         0          0          0          0          0          0   entry10a.o
         0          0          0          0          0          0   entry11a.o
         8          4          0          0          0          0   entry2.o
         4          0          0          0          0          0   entry5.o
         0          0          0          0          0          0   entry7b.o
         0          0          0          0          0          0   entry8b.o
         8          4          0          0          0          0   entry9a.o
        30          0          0          0          0          0   handlers.o
        36          8          0          0          0         68   init.o
         0          0          0          0          0          0   iusefp.o
        30          0          0          0          0         68   llshl.o
        36          0          0          0          0         68   llsshr.o
        32          0          0          0          0         68   llushr.o
        26          0          0          0          0         80   memcmp.o
        36          0          0          0          0         68   memcpya.o
        36          0          0          0          0        108   memseta.o
      2372         98          0          0          0        684   printfa.o
        18          0          0          0          0         68   strcpy.o
        14          0          0          0          0         68   strlen.o
        44          0          0          0          0         80   uidiv.o
        98          0          0          0          0         92   uldiv.o
        48          0          0          0          0         68   cdrcmple.o
       334          0          0          0          0        148   dadd.o
       222          0          0          0          0        100   ddiv.o
       186          0          0          0          0        176   depilogue.o
        48          0          0          0          0         68   dfixul.o
       228          0          0          0          0         96   dmul.o

    ----------------------------------------------------------------------
      4116        128        136          0       1024       4710   Library Totals
         4          0          3          0          0          0   (incl. Padding)

    ----------------------------------------------------------------------

      Code (inc. data)   RO Data    RW Data    ZI Data      Debug   Library Name

       124         10          0          0       1024       2466   cmlib.lib
      2922        118        133          0          0       1588   mc_w.l
      1066          0          0          0          0        656   mf_w.l

    ----------------------------------------------------------------------
      4116        128        136          0       1024       4710   Library Totals

    ----------------------------------------------------------------------

==============================================================================


      Code (inc. data)   RO Data    RW Data    ZI Data      Debug   

     36384       2548       1648        328      13968     897804   Grand Totals
     36384       2548       1648         48      13968     897804   ELF Image Totals (compressed)
     36384       2548       1648         48          0          0   ROM Totals

==============================================================================

    Total RO  Size (Code + RO Data)                38032 (  37.14kB)
    Total RW  Size (RW Data + ZI Data)             14296 (  13.96kB)
    Total ROM Size (Code + RO Data + RW Data)      38080 (  37.19kB)

==============================================================================

