Component: ARM Compiler 5.06 update 4 (build 422) Tool: armlink [4d35d2]

==============================================================================

Section Cross References

    main.o(i.advertising_init) refers to memseta.o(.text) for __aeabi_memclr4
    main.o(i.advertising_init) refers to ble_advertising.o(i.ble_advertising_init) for ble_advertising_init
    main.o(i.advertising_init) refers to app_error.o(i.app_error_handler_bare) for app_error_handler_bare
    main.o(i.advertising_init) refers to main.o(i.gap_params_init) for i.gap_params_init
    main.o(i.advertising_init) refers to main.o(.data) for .data
    main.o(i.advertising_init) refers to main.o(i.on_adv_evt) for on_adv_evt
    main.o(i.assert_nrf_callback) refers to app_error.o(i.app_error_handler) for app_error_handler
    main.o(i.ble_evt_dispatch) refers to ble_conn_state.o(i.ble_conn_state_on_ble_evt) for ble_conn_state_on_ble_evt
    main.o(i.ble_evt_dispatch) refers to peer_manager.o(i.pm_on_ble_evt) for pm_on_ble_evt
    main.o(i.ble_evt_dispatch) refers to ble_conn_params.o(i.ble_conn_params_on_ble_evt) for ble_conn_params_on_ble_evt
    main.o(i.ble_evt_dispatch) refers to bsp_btn_ble.o(i.bsp_btn_ble_on_ble_evt) for bsp_btn_ble_on_ble_evt
    main.o(i.ble_evt_dispatch) refers to main.o(i.on_ble_evt) for on_ble_evt
    main.o(i.ble_evt_dispatch) refers to ble_advertising.o(i.ble_advertising_on_ble_evt) for ble_advertising_on_ble_evt
    main.o(i.ble_evt_dispatch) refers to ble_lbs.o(i.ble_lbs_on_ble_evt) for ble_lbs_on_ble_evt
    main.o(i.ble_evt_dispatch) refers to main.o(.bss) for .bss
    main.o(i.ble_stack_init) refers to softdevice_handler.o(i.softdevice_handler_init) for softdevice_handler_init
    main.o(i.ble_stack_init) refers to app_error.o(i.app_error_handler_bare) for app_error_handler_bare
    main.o(i.ble_stack_init) refers to softdevice_handler.o(i.softdevice_enable_get_default_config) for softdevice_enable_get_default_config
    main.o(i.ble_stack_init) refers to softdevice_handler.o(i.softdevice_enable) for softdevice_enable
    main.o(i.ble_stack_init) refers to softdevice_handler.o(i.softdevice_ble_evt_handler_set) for softdevice_ble_evt_handler_set
    main.o(i.ble_stack_init) refers to softdevice_handler.o(i.softdevice_sys_evt_handler_set) for softdevice_sys_evt_handler_set
    main.o(i.ble_stack_init) refers to main.o(.constdata) for .constdata
    main.o(i.ble_stack_init) refers to main.o(.bss) for .bss
    main.o(i.ble_stack_init) refers to main.o(i.ble_evt_dispatch) for ble_evt_dispatch
    main.o(i.ble_stack_init) refers to main.o(i.sys_evt_dispatch) for sys_evt_dispatch
    main.o(i.bsp_event_handler) refers to nrf_log_frontend.o(i.nrf_log_frontend_std_1) for nrf_log_frontend_std_1
    main.o(i.bsp_event_handler) refers to ble_lbs.o(i.ble_lbs_on_button_change) for ble_lbs_on_button_change
    main.o(i.bsp_event_handler) refers to main.o(.bss) for .bss
    main.o(i.conn_params_error_handler) refers to app_error.o(i.app_error_handler_bare) for app_error_handler_bare
    main.o(i.gap_params_init) refers to app_error.o(i.app_error_handler_bare) for app_error_handler_bare
    main.o(i.gap_params_init) refers to main.o(.data) for .data
    main.o(i.get_uart_data) refers to nrf_log_frontend.o(i.nrf_log_frontend_std_1) for nrf_log_frontend_std_1
    main.o(i.gpio_init) refers to main.o(i.nrf_gpio_cfg_output) for nrf_gpio_cfg_output
    main.o(i.gpio_init) refers to main.o(i.nrf_gpio_pin_write) for nrf_gpio_pin_write
    main.o(i.led_write_handler) refers to main.o(i.nrf_gpio_pin_write) for nrf_gpio_pin_write
    main.o(i.led_write_handler) refers to memcpya.o(.text) for __aeabi_memcpy4
    main.o(i.led_write_handler) refers to app_error.o(i.app_error_handler_bare) for app_error_handler_bare
    main.o(i.led_write_handler) refers to main.o(i.nrf_delay_us) for nrf_delay_us
    main.o(i.led_write_handler) refers to app_uart_fifo.o(i.app_uart_init) for app_uart_init
    main.o(i.led_write_handler) refers to app_uart_fifo.o(i.app_uart_close) for app_uart_close
    main.o(i.led_write_handler) refers to printf8.o(i.__0printf$8) for __2printf
    main.o(i.led_write_handler) refers to main.o(.constdata) for .constdata
    main.o(i.led_write_handler) refers to main.o(.bss) for .bss
    main.o(i.led_write_handler) refers to main.o(i.uart_event_handle) for uart_event_handle
    main.o(i.main) refers to nrf_log_frontend.o(i.nrf_log_init) for nrf_log_init
    main.o(i.main) refers to app_error.o(i.app_error_handler_bare) for app_error_handler_bare
    main.o(i.main) refers to app_timer.o(i.app_timer_init) for app_timer_init
    main.o(i.main) refers to main.o(i.gpio_init) for gpio_init
    main.o(i.main) refers to sensor_drv.o(i.sensor_type_auto_maching_init) for sensor_type_auto_maching_init
    main.o(i.main) refers to sensor_drv.o(i.open_sensor_monitor) for open_sensor_monitor
    main.o(i.main) refers to nrf_log_frontend.o(i.nrf_log_frontend_std_0) for nrf_log_frontend_std_0
[...]
    __2snprintf                              0x0001fca5   Thumb Code     0  printf8.o(i.__0snprintf$8)
    __scatterload_copy                       0x0001fcd5   Thumb Code    14  handlers.o(i.__scatterload_copy)
    __scatterload_null                       0x0001fce3   Thumb Code     2  handlers.o(i.__scatterload_null)
    __scatterload_zeroinit                   0x0001fce5   Thumb Code    14  handlers.o(i.__scatterload_zeroinit)
    addr_compare                             0x00020191   Thumb Code    38  id_manager.o(i.addr_compare)
    adv_data_encode                          0x000201b7   Thumb Code   386  ble_advdata.o(i.adv_data_encode)
    ah                                       0x00020459   Thumb Code    82  id_manager.o(i.ah)
    app_button_enable                        0x000204b1   Thumb Code    32  app_button.o(i.app_button_enable)
    app_button_init                          0x000204d5   Thumb Code    96  app_button.o(i.app_button_init)
    app_error_fault_handler                  0x00020545   Thumb Code    58  app_error_weak.o(i.app_error_fault_handler)
    app_error_handler_bare                   0x000205a1   Thumb Code    22  app_error.o(i.app_error_handler_bare)
    app_fifo_get                             0x000205b7   Thumb Code    22  app_fifo.o(i.app_fifo_get)
    app_fifo_init                            0x000205cd   Thumb Code    32  app_fifo.o(i.app_fifo_init)
    app_fifo_put                             0x000205ed   Thumb Code    26  app_fifo.o(i.app_fifo_put)
    app_timer_create                         0x00020609   Thumb Code    32  app_timer.o(i.app_timer_create)
    app_timer_init                           0x0002062d   Thumb Code   102  app_timer.o(i.app_timer_init)
    app_timer_start                          0x0002069d   Thumb Code   128  app_timer.o(i.app_timer_start)
    app_timer_stop                           0x00020725   Thumb Code    26  app_timer.o(i.app_timer_stop)
    app_uart_close                           0x00020745   Thumb Code    12  app_uart_fifo.o(i.app_uart_close)
    app_uart_get                             0x00020755   Thumb Code    42  app_uart_fifo.o(i.app_uart_get)
    app_uart_init                            0x00020789   Thumb Code   164  app_uart_fifo.o(i.app_uart_init)
    app_uart_put                             0x0002083d   Thumb Code    52  app_uart_fifo.o(i.app_uart_put)
    app_util_critical_region_enter           0x00020879   Thumb Code    64  app_util_platform.o(i.app_util_critical_region_enter)
    app_util_critical_region_exit            0x000208c1   Thumb Code    46  app_util_platform.o(i.app_util_critical_region_exit)
    ble_advdata_set                          0x00020a4d   Thumb Code   104  ble_advdata.o(i.ble_advdata_set)
    ble_advertising_init                     0x00020ab5   Thumb Code   278  ble_advertising.o(i.ble_advertising_init)
    ble_advertising_on_ble_evt               0x00020bd5   Thumb Code    88  ble_advertising.o(i.ble_advertising_on_ble_evt)
    ble_advertising_on_sys_evt               0x00020c31   Thumb Code    46  ble_advertising.o(i.ble_advertising_on_sys_evt)
    ble_advertising_start                    0x00020c65   Thumb Code   250  ble_advertising.o(i.ble_advertising_start)
    ble_conn_params_init                     0x00020d69   Thumb Code    72  ble_conn_params.o(i.ble_conn_params_init)
    ble_conn_params_on_ble_evt               0x00020dc1   Thumb Code   120  ble_conn_params.o(i.ble_conn_params_on_ble_evt)
    ble_conn_state_conn_handles              0x00020e45   Thumb Code    10  ble_conn_state.o(i.ble_conn_state_conn_handles)
    ble_conn_state_encrypted                 0x00020e55   Thumb Code    12  ble_conn_state.o(i.ble_conn_state_encrypted)
    ble_conn_state_mitm_protected            0x00020e65   Thumb Code    12  ble_conn_state.o(i.ble_conn_state_mitm_protected)
    ble_conn_state_on_ble_evt                0x00020e75   Thumb Code   264  ble_conn_state.o(i.ble_conn_state_on_ble_evt)
    ble_conn_state_role                      0x00020f81   Thumb Code    42  ble_conn_state.o(i.ble_conn_state_role)
    ble_conn_state_user_flag_acquire         0x00020fb1   Thumb Code    40  ble_conn_state.o(i.ble_conn_state_user_flag_acquire)
    ble_conn_state_user_flag_collection      0x00020fdd   Thumb Code    20  ble_conn_state.o(i.ble_conn_state_user_flag_collection)
    ble_conn_state_user_flag_get             0x00020ff5   Thumb Code    36  ble_conn_state.o(i.ble_conn_state_user_flag_get)
    ble_conn_state_user_flag_set             0x0002101d   Thumb Code    40  ble_conn_state.o(i.ble_conn_state_user_flag_set)
    ble_lbs_init                             0x000210e1   Thumb Code    88  ble_lbs.o(i.ble_lbs_init)
    ble_lbs_on_ble_evt                       0x0002113d   Thumb Code    52  ble_lbs.o(i.ble_lbs_on_ble_evt)
    ble_lbs_on_button_change                 0x00021171   Thumb Code    48  ble_lbs.o(i.ble_lbs_on_button_change)
    ble_srv_is_notification_enabled          0x000211a1   Thumb Code     8  ble_srv_common.o(i.ble_srv_is_notification_enabled)
    bm2x2_check_chipid                       0x00021215   Thumb Code    94  bma2x2_support.o(i.bm2x2_check_chipid)
    bma2x2_init                              0x00021291   Thumb Code    64  bma2x2.o(i.bma2x2_init)
    bma2x2_power_off                         0x000212d5   Thumb Code     6  bma2x2_support.o(i.bma2x2_power_off)
    bma2x2_power_on                          0x000212dd   Thumb Code    94  bma2x2_support.o(i.bma2x2_power_on)
    bma2x2_read_reg                          0x00021341   Thumb Code    36  bma2x2.o(i.bma2x2_read_reg)
    bma2x2_set_bw                            0x00021369   Thumb Code   156  bma2x2.o(i.bma2x2_set_bw)
    bma2x2_set_durn                          0x00021409   Thumb Code   144  bma2x2.o(i.bma2x2_set_durn)
    bma2x2_set_intr_enable                   0x0002149d   Thumb Code   262  bma2x2.o(i.bma2x2_set_intr_enable)
    bma2x2_set_intr_slope                    0x000215a9   Thumb Code   118  bma2x2.o(i.bma2x2_set_intr_slope)
    bma2x2_set_latch_intr                    0x00021625   Thumb Code   158  bma2x2.o(i.bma2x2_set_latch_intr)
    bma2x2_set_mode_value                    0x000216c9   Thumb Code    78  bma2x2.o(i.bma2x2_set_mode_value)
    bma2x2_set_power_mode                    0x0002171d   Thumb Code   238  bma2x2.o(i.bma2x2_set_power_mode)
    bma2x2_set_range                         0x00021811   Thumb Code   152  bma2x2.o(i.bma2x2_set_range)
    bma2x2_set_sleep_durn                    0x000218ad   Thumb Code   140  bma2x2.o(i.bma2x2_set_sleep_durn)
    bma2x2_set_thres                         0x0002193d   Thumb Code   106  bma2x2.o(i.bma2x2_set_thres)
    bma2x2_soft_rst                          0x000219ad   Thumb Code    34  bma2x2.o(i.bma2x2_soft_rst)
    bma2x2_write_reg                         0x000219d5   Thumb Code    36  bma2x2.o(i.bma2x2_write_reg)
    bsp_board_button_idx_to_pin              0x000219fd   Thumb Code     6  boards.o(i.bsp_board_button_idx_to_pin)
    bsp_board_button_state_get               0x00021a09   Thumb Code    28  boards.o(i.bsp_board_button_state_get)
    bsp_board_led_invert                     0x00021a29   Thumb Code    32  boards.o(i.bsp_board_led_invert)
    bsp_board_led_off                        0x00021a4d   Thumb Code    10  boards.o(i.bsp_board_led_off)
    bsp_board_led_on                         0x00021a5d   Thumb Code    10  boards.o(i.bsp_board_led_on)
    bsp_board_led_state_get                  0x00021a6d   Thumb Code    24  boards.o(i.bsp_board_led_state_get)
    bsp_board_leds_init                      0x00021a89   Thumb Code    38  boards.o(i.bsp_board_leds_init)
    bsp_board_leds_off                       0x00021ab5   Thumb Code    18  boards.o(i.bsp_board_leds_off)
    bsp_board_leds_on                        0x00021ac7   Thumb Code    18  boards.o(i.bsp_board_leds_on)
    bsp_board_pin_to_button_idx              0x00021ad9   Thumb Code    30  boards.o(i.bsp_board_pin_to_button_idx)
    bsp_btn_ble_init                         0x00021afd   Thumb Code    52  bsp_btn_ble.o(i.bsp_btn_ble_init)
    bsp_btn_ble_on_ble_evt                   0x00021b35   Thumb Code   106  bsp_btn_ble.o(i.bsp_btn_ble_on_ble_evt)
    bsp_btn_ble_sleep_mode_prepare           0x00021ba5   Thumb Code    30  bsp_btn_ble.o(i.bsp_btn_ble_sleep_mode_prepare)
    bsp_button_is_pressed                    0x00021c59   Thumb Code     4  bsp.o(i.bsp_button_is_pressed)
    bsp_event_to_button_action_assign        0x00021cb1   Thumb Code    64  bsp.o(i.bsp_event_to_button_action_assign)
    bsp_indication_set                       0x00021cf5   Thumb Code    20  bsp.o(i.bsp_indication_set)
    bsp_init                                 0x00021d0d   Thumb Code   132  bsp.o(i.bsp_init)
    bsp_wakeup_button_enable                 0x00021f19   Thumb Code    16  bsp.o(i.bsp_wakeup_button_enable)
    buffer_is_empty                          0x00021fa5   Thumb Code    16  nrf_log_frontend.o(i.buffer_is_empty)
    chunk_queue_next                         0x00022129   Thumb Code    20  fds.o(i.chunk_queue_next)
    fds_file_delete                          0x000226b9   Thumb Code    70  fds.o(i.fds_file_delete)
    fds_gc                                   0x00022705   Thumb Code    58  fds.o(i.fds_gc)
    fds_init                                 0x00022749   Thumb Code   130  fds.o(i.fds_init)
    fds_record_close                         0x000227d1   Thumb Code    54  fds.o(i.fds_record_close)
    fds_record_find                          0x0002280d   Thumb Code    14  fds.o(i.fds_record_find)
    fds_record_find_by_key                   0x0002281b   Thumb Code    16  fds.o(i.fds_record_find_by_key)
    fds_record_find_in_file                  0x0002282b   Thumb Code    16  fds.o(i.fds_record_find_in_file)
    fds_record_id_from_desc                  0x0002283b   Thumb Code    16  fds.o(i.fds_record_id_from_desc)
    fds_record_open                          0x0002284d   Thumb Code    60  fds.o(i.fds_record_open)
    fds_record_update                        0x0002288d   Thumb Code    14  fds.o(i.fds_record_update)
    fds_record_write                         0x0002289b   Thumb Code     8  fds.o(i.fds_record_write)
    fds_record_write_reserved                0x000228a3   Thumb Code    12  fds.o(i.fds_record_write_reserved)
    fds_register                             0x000228b1   Thumb Code    26  fds.o(i.fds_register)
    fds_reserve                              0x000228d5   Thumb Code    46  fds.o(i.fds_reserve)
    fds_reserve_cancel                       0x00022909   Thumb Code    60  fds.o(i.fds_reserve_cancel)
    fputc                                    0x00022a25   Thumb Code    14  retarget.o(i.fputc)
    fs_erase                                 0x00022a35   Thumb Code   110  fstorage.o(i.fs_erase)
    fs_init                                  0x00022ab1   Thumb Code   164  fstorage.o(i.fs_init)
    fs_queued_op_count_get                   0x00022b61   Thumb Code    16  fstorage.o(i.fs_queued_op_count_get)
    fs_store                                 0x00022b75   Thumb Code   124  fstorage.o(i.fs_store)
    fs_sys_event_handler                     0x00022bf5   Thumb Code    96  fstorage.o(i.fs_sys_event_handler)
    gcm_ble_evt_handler                      0x00022ea5   Thumb Code   232  gatt_cache_manager.o(i.gcm_ble_evt_handler)
    gcm_gscm_evt_handler                     0x00022f91   Thumb Code   102  gatt_cache_manager.o(i.gcm_gscm_evt_handler)
    gcm_im_evt_handler                       0x00022ffd   Thumb Code    44  gatt_cache_manager.o(i.gcm_im_evt_handler)
    gcm_init                                 0x0002302d   Thumb Code    66  gatt_cache_manager.o(i.gcm_init)
    gcm_local_database_has_changed           0x00023075   Thumb Code    78  gatt_cache_manager.o(i.gcm_local_database_has_changed)
    gcm_smd_evt_handler                      0x000230c9   Thumb Code    14  gatt_cache_manager.o(i.gcm_smd_evt_handler)
    get_connection_by_conn_handle            0x000230d9   Thumb Code    48  id_manager.o(i.get_connection_by_conn_handle)
    get_free_connection                      0x00023111   Thumb Code    40  id_manager.o(i.get_free_connection)
    get_uart_data                            0x00023141   Thumb Code    18  main.o(i.get_uart_data)
    gpio_init                                0x00023169   Thumb Code    76  main.o(i.gpio_init)
    gscm_db_change_notification_done         0x0002320d   Thumb Code    22  gatts_cache_manager.o(i.gscm_db_change_notification_done)
    gscm_init                                0x00023229   Thumb Code    16  gatts_cache_manager.o(i.gscm_init)
    gscm_local_database_has_changed          0x0002323d   Thumb Code    22  gatts_cache_manager.o(i.gscm_local_database_has_changed)
    gscm_local_db_cache_apply                0x00023259   Thumb Code   106  gatts_cache_manager.o(i.gscm_local_db_cache_apply)
    gscm_local_db_cache_update               0x000232c3   Thumb Code   128  gatts_cache_manager.o(i.gscm_local_db_cache_update)
    gscm_pdb_evt_handler                     0x00023345   Thumb Code    80  gatts_cache_manager.o(i.gscm_pdb_evt_handler)
    gscm_service_changed_ind_needed          0x00023399   Thumb Code    26  gatts_cache_manager.o(i.gscm_service_changed_ind_needed)
    gscm_service_changed_ind_send            0x000233b5   Thumb Code    40  gatts_cache_manager.o(i.gscm_service_changed_ind_send)
    im_address_resolve                       0x000233f7   Thumb Code    70  id_manager.o(i.im_address_resolve)
    im_ble_addr_get                          0x0002343d   Thumb Code    42  id_manager.o(i.im_ble_addr_get)
    im_ble_evt_handler                       0x0002346d   Thumb Code   174  id_manager.o(i.im_ble_evt_handler)
    im_conn_handle_get                       0x0002351d   Thumb Code    40  id_manager.o(i.im_conn_handle_get)
    im_init                                  0x00023549   Thumb Code    54  id_manager.o(i.im_init)
    im_is_duplicate_bonding_data             0x00023589   Thumb Code    52  id_manager.o(i.im_is_duplicate_bonding_data)
    im_master_id_is_valid                    0x000235bd   Thumb Code    24  id_manager.o(i.im_master_id_is_valid)
    im_master_ids_compare                    0x000235d5   Thumb Code    42  id_manager.o(i.im_master_ids_compare)
    im_new_peer_id                           0x000235ff   Thumb Code     4  id_manager.o(i.im_new_peer_id)
    im_pdb_evt_handler                       0x00023603   Thumb Code   114  id_manager.o(i.im_pdb_evt_handler)
    im_peer_free                             0x00023675   Thumb Code    38  id_manager.o(i.im_peer_free)
    im_peer_id_get_by_conn_handle            0x0002369d   Thumb Code    28  id_manager.o(i.im_peer_id_get_by_conn_handle)
    im_peer_id_get_by_master_id              0x000236bd   Thumb Code    60  id_manager.o(i.im_peer_id_get_by_master_id)
    intern_softdevice_events_execute         0x000237b9   Thumb Code   114  softdevice_handler.o(i.intern_softdevice_events_execute)
    is_valid_irk                             0x00023a15   Thumb Code    20  id_manager.o(i.is_valid_irk)
    main                                     0x00024195   Thumb Code   244  main.o(i.main)
    new_connection                           0x00024401   Thumb Code    80  id_manager.o(i.new_connection)
    next_id_get                              0x00024459   Thumb Code    48  peer_id.o(i.next_id_get)
    nrf_drv_clock_init                       0x00024711   Thumb Code    64  nrf_drv_clock.o(i.nrf_drv_clock_init)
    nrf_drv_clock_on_sd_enable               0x00024759   Thumb Code    44  nrf_drv_clock.o(i.nrf_drv_clock_on_sd_enable)
    nrf_drv_clock_on_soc_event               0x00024789   Thumb Code    10  nrf_drv_clock.o(i.nrf_drv_clock_on_soc_event)
    nrf_drv_common_irq_enable                0x000247a9   Thumb Code    56  nrf_drv_common.o(i.nrf_drv_common_irq_enable)
    nrf_drv_gpiote_in_event_enable           0x000247e9   Thumb Code   156  nrf_drv_gpiote.o(i.nrf_drv_gpiote_in_event_enable)
    nrf_drv_gpiote_in_init                   0x0002488d   Thumb Code   172  nrf_drv_gpiote.o(i.nrf_drv_gpiote_in_init)
    nrf_drv_gpiote_in_is_set                 0x00024945   Thumb Code    20  nrf_drv_gpiote.o(i.nrf_drv_gpiote_in_is_set)
    nrf_drv_gpiote_init                      0x00024959   Thumb Code    84  nrf_drv_gpiote.o(i.nrf_drv_gpiote_init)
    nrf_drv_gpiote_is_init                   0x000249b5   Thumb Code    14  nrf_drv_gpiote.o(i.nrf_drv_gpiote_is_init)
    nrf_drv_mpu_read_registers               0x000249e9   Thumb Code   100  bma2x2_support.o(i.nrf_drv_mpu_read_registers)
    nrf_drv_mpu_write_single_register        0x00024a55   Thumb Code    54  bma2x2_support.o(i.nrf_drv_mpu_write_single_register)
    nrf_drv_twi_enable                       0x00024a95   Thumb Code    28  nrf_drv_twi.o(i.nrf_drv_twi_enable)
    nrf_drv_twi_init                         0x00024ab5   Thumb Code   134  nrf_drv_twi.o(i.nrf_drv_twi_init)
    nrf_drv_twi_rx                           0x00024b41   Thumb Code    32  nrf_drv_twi.o(i.nrf_drv_twi_rx)
    nrf_drv_twi_tx                           0x00024b65   Thumb Code    36  nrf_drv_twi.o(i.nrf_drv_twi_tx)
    nrf_drv_twi_xfer                         0x00024b89   Thumb Code    30  nrf_drv_twi.o(i.nrf_drv_twi_xfer)
    nrf_drv_uart_init                        0x00024bad   Thumb Code    98  nrf_drv_uart.o(i.nrf_drv_uart_init)
    nrf_drv_uart_rx                          0x00024c15   Thumb Code   170  nrf_drv_uart.o(i.nrf_drv_uart_rx)
    nrf_drv_uart_rx_enable                   0x00024cc5   Thumb Code    42  nrf_drv_uart.o(i.nrf_drv_uart_rx_enable)
    nrf_drv_uart_tx                          0x00024e4d   Thumb Code   262  nrf_drv_uart.o(i.nrf_drv_uart_tx)
    nrf_drv_uart_tx_in_progress              0x00024f59   Thumb Code    18  nrf_drv_uart.o(i.nrf_drv_uart_tx_in_progress)
    nrf_drv_uart_uninit                      0x00024f71   Thumb Code    74  nrf_drv_uart.o(i.nrf_drv_uart_uninit)
    nrf_log_backend_hexdump_handler_get      0x00025145   Thumb Code     4  nrf_log_backend_serial.o(i.nrf_log_backend_hexdump_handler_get)
    nrf_log_backend_init                     0x0002514d   Thumb Code    30  nrf_log_backend_serial.o(i.nrf_log_backend_init)
    nrf_log_backend_std_handler_get          0x00025395   Thumb Code     4  nrf_log_backend_serial.o(i.nrf_log_backend_std_handler_get)
    nrf_log_blocking_backend_set             0x0002539d   Thumb Code     6  nrf_log_frontend.o(i.nrf_log_blocking_backend_set)
    nrf_log_frontend_dequeue                 0x000253a5   Thumb Code   298  nrf_log_frontend.o(i.nrf_log_frontend_dequeue)
    nrf_log_frontend_init                    0x000254d5   Thumb Code    16  nrf_log_frontend.o(i.nrf_log_frontend_init)
    nrf_log_frontend_std_0                   0x000254e9   Thumb Code    68  nrf_log_frontend.o(i.nrf_log_frontend_std_0)
    nrf_log_frontend_std_1                   0x00025535   Thumb Code    80  nrf_log_frontend.o(i.nrf_log_frontend_std_1)
    nrf_log_frontend_std_3                   0x0002558d   Thumb Code   114  nrf_log_frontend.o(i.nrf_log_frontend_std_3)
    nrf_log_handlers_set                     0x00025609   Thumb Code    10  nrf_log_frontend.o(i.nrf_log_handlers_set)
    nrf_log_init                             0x00025619   Thumb Code    36  nrf_log_frontend.o(i.nrf_log_init)
    open_sensor_monitor                      0x000258dd   Thumb Code    76  sensor_drv.o(i.open_sensor_monitor)
    pdb_init                                 0x00025ba5   Thumb Code    66  peer_database.o(i.pdb_init)
    pdb_next_deleted_peer_id_get             0x00025bf5   Thumb Code     4  peer_database.o(i.pdb_next_deleted_peer_id_get)
    pdb_next_peer_id_get                     0x00025bf9   Thumb Code     4  peer_database.o(i.pdb_next_peer_id_get)
    pdb_pds_evt_handler                      0x00025bfd   Thumb Code   294  peer_database.o(i.pdb_pds_evt_handler)
    pdb_peer_allocate                        0x00025d2d   Thumb Code     4  peer_database.o(i.pdb_peer_allocate)
    pdb_peer_data_ptr_get                    0x00025d31   Thumb Code     6  peer_database.o(i.pdb_peer_data_ptr_get)
    pdb_peer_free                            0x00025d37   Thumb Code    68  peer_database.o(i.pdb_peer_free)
    pdb_raw_store                            0x00025d7b   Thumb Code     8  peer_database.o(i.pdb_raw_store)
    pdb_write_buf_get                        0x00025d85   Thumb Code   260  peer_database.o(i.pdb_write_buf_get)
    pdb_write_buf_release                    0x00025e8d   Thumb Code    40  peer_database.o(i.pdb_write_buf_release)
    pdb_write_buf_store                      0x00025eb5   Thumb Code   188  peer_database.o(i.pdb_write_buf_store)
    pdb_write_buf_store_prepare              0x00025f79   Thumb Code    98  peer_database.o(i.pdb_write_buf_store_prepare)
    pds_init                                 0x00025fed   Thumb Code    98  peer_data_storage.o(i.pds_init)
    pds_next_deleted_peer_id_get             0x00026059   Thumb Code     4  peer_data_storage.o(i.pds_next_deleted_peer_id_get)
    pds_next_peer_id_get                     0x0002605d   Thumb Code     4  peer_data_storage.o(i.pds_next_peer_id_get)
    pds_peer_data_iterate                    0x00026061   Thumb Code    74  peer_data_storage.o(i.pds_peer_data_iterate)
    pds_peer_data_iterate_prepare            0x000260b1   Thumb Code    10  peer_data_storage.o(i.pds_peer_data_iterate_prepare)
    pds_peer_data_read                       0x000260c1   Thumb Code   104  peer_data_storage.o(i.pds_peer_data_read)
    pds_peer_data_store                      0x00026129   Thumb Code   162  peer_data_storage.o(i.pds_peer_data_store)
    pds_peer_id_allocate                     0x000261cb   Thumb Code     8  peer_data_storage.o(i.pds_peer_id_allocate)
    pds_peer_id_free                         0x000261d3   Thumb Code    22  peer_data_storage.o(i.pds_peer_id_free)
    pds_peer_id_is_allocated                 0x000261e9   Thumb Code     4  peer_data_storage.o(i.pds_peer_id_is_allocated)
    pds_space_reserve                        0x000261ed   Thumb Code    46  peer_data_storage.o(i.pds_space_reserve)
    pds_space_reserve_cancel                 0x0002621b   Thumb Code    16  peer_data_storage.o(i.pds_space_reserve_cancel)
    peer_id_allocate                         0x0002631d   Thumb Code     6  peer_id.o(i.peer_id_allocate)
    peer_id_delete                           0x00026329   Thumb Code    32  peer_id.o(i.peer_id_delete)
    peer_id_free                             0x0002634d   Thumb Code    24  peer_id.o(i.peer_id_free)
    peer_id_get_next_deleted                 0x00026369   Thumb Code     6  peer_id.o(i.peer_id_get_next_deleted)
    peer_id_get_next_used                    0x00026375   Thumb Code    42  peer_id.o(i.peer_id_get_next_used)
    peer_id_init                             0x000263a5   Thumb Code    36  peer_id.o(i.peer_id_init)
    peer_id_is_allocated                     0x000263cd   Thumb Code    16  peer_id.o(i.peer_id_is_allocated)
    peer_id_is_deleted                       0x000263e1   Thumb Code    16  peer_id.o(i.peer_id_is_deleted)
    pm_buffer_block_acquire                  0x00026535   Thumb Code    92  pm_buffer.o(i.pm_buffer_block_acquire)
    pm_buffer_init                           0x00026591   Thumb Code    64  pm_buffer.o(i.pm_buffer_init)
    pm_buffer_ptr_get                        0x000265d1   Thumb Code    40  pm_buffer.o(i.pm_buffer_ptr_get)
    pm_buffer_release                        0x000265f9   Thumb Code    46  pm_buffer.o(i.pm_buffer_release)
    pm_conn_sec_config_reply                 0x00026627   Thumb Code     4  peer_manager.o(i.pm_conn_sec_config_reply)
    pm_gcm_evt_handler                       0x000266e9   Thumb Code   136  peer_manager.o(i.pm_gcm_evt_handler)
    pm_im_evt_handler                        0x00026771   Thumb Code    74  peer_manager.o(i.pm_im_evt_handler)
    pm_init                                  0x000267c1   Thumb Code    96  peer_manager.o(i.pm_init)
    pm_local_database_has_changed            0x00026825   Thumb Code    14  peer_manager.o(i.pm_local_database_has_changed)
    pm_mutex_init                            0x00026839   Thumb Code    14  pm_mutex.o(i.pm_mutex_init)
    pm_mutex_lock                            0x00026847   Thumb Code    26  pm_mutex.o(i.pm_mutex_lock)
    pm_mutex_lock_first_available            0x00026861   Thumb Code    54  pm_mutex.o(i.pm_mutex_lock_first_available)
    pm_mutex_lock_status_get                 0x00026897   Thumb Code    24  pm_mutex.o(i.pm_mutex_lock_status_get)
    pm_mutex_unlock                          0x000268af   Thumb Code    58  pm_mutex.o(i.pm_mutex_unlock)
    pm_on_ble_evt                            0x000268e9   Thumb Code    36  peer_manager.o(i.pm_on_ble_evt)
    pm_pdb_evt_handler                       0x00026911   Thumb Code   338  peer_manager.o(i.pm_pdb_evt_handler)
    pm_peer_delete                           0x00026a69   Thumb Code    14  peer_manager.o(i.pm_peer_delete)
    pm_peers_delete                          0x00026a7d   Thumb Code    50  peer_manager.o(i.pm_peers_delete)
    pm_register                              0x00026ab5   Thumb Code    34  peer_manager.o(i.pm_register)
    pm_sec_params_set                        0x00026ae1   Thumb Code    14  peer_manager.o(i.pm_sec_params_set)
    pm_sm_evt_handler                        0x00026af5   Thumb Code   346  peer_manager.o(i.pm_sm_evt_handler)
    sdk_mapped_flags_bulk_update_by_key      0x0002716d   Thumb Code    68  sdk_mapped_flags.o(i.sdk_mapped_flags_bulk_update_by_key)
    sdk_mapped_flags_first_key_index_get     0x000271b1   Thumb Code    34  sdk_mapped_flags.o(i.sdk_mapped_flags_first_key_index_get)
    sdk_mapped_flags_get_by_key              0x000271e3   Thumb Code    38  sdk_mapped_flags.o(i.sdk_mapped_flags_get_by_key)
    sdk_mapped_flags_key_list_get            0x00027209   Thumb Code    74  sdk_mapped_flags.o(i.sdk_mapped_flags_key_list_get)
    sdk_mapped_flags_update_by_key           0x00027253   Thumb Code    14  sdk_mapped_flags.o(i.sdk_mapped_flags_update_by_key)
    sensor_type_auto_maching_init            0x00027449   Thumb Code    82  sensor_drv.o(i.sensor_type_auto_maching_init)
    sm_ble_evt_handler                       0x00027721   Thumb Code    18  security_manager.o(i.sm_ble_evt_handler)
    sm_conn_sec_config_reply                 0x00027739   Thumb Code    18  security_manager.o(i.sm_conn_sec_config_reply)
    sm_init                                  0x00027751   Thumb Code    76  security_manager.o(i.sm_init)
    sm_pdb_evt_handler                       0x000277a1   Thumb Code    52  security_manager.o(i.sm_pdb_evt_handler)
    sm_sec_params_set                        0x000277d9   Thumb Code    38  security_manager.o(i.sm_sec_params_set)
    sm_smd_evt_handler                       0x00027805   Thumb Code   116  security_manager.o(i.sm_smd_evt_handler)
    smd_ble_evt_handler                      0x0002787d   Thumb Code   226  security_dispatcher.o(i.smd_ble_evt_handler)
    smd_init                                 0x00027969   Thumb Code    56  security_dispatcher.o(i.smd_init)
    smd_link_secure                          0x000279a5   Thumb Code    48  security_dispatcher.o(i.smd_link_secure)
    smd_params_reply                         0x000279d5   Thumb Code   262  security_dispatcher.o(i.smd_params_reply)
    smd_pdb_evt_handler                      0x00027b69   Thumb Code    48  security_dispatcher.o(i.smd_pdb_evt_handler)
    softdevice_ble_evt_handler_set           0x00027b9d   Thumb Code    14  softdevice_handler.o(i.softdevice_ble_evt_handler_set)
    softdevice_enable                        0x00027bb1   Thumb Code    60  softdevice_handler.o(i.softdevice_enable)
    softdevice_enable_get_default_config     0x00027c51   Thumb Code    38  softdevice_handler.o(i.softdevice_enable_get_default_config)
    softdevice_fault_handler                 0x00027c77   Thumb Code     4  softdevice_handler.o(i.softdevice_fault_handler)
    softdevice_handler_init                  0x00027c7d   Thumb Code    92  softdevice_handler.o(i.softdevice_handler_init)
    softdevice_handler_is_enabled            0x00027ce1   Thumb Code     6  softdevice_handler.o(i.softdevice_handler_is_enabled)
    softdevice_sys_evt_handler_set           0x00027ced   Thumb Code    14  softdevice_handler.o(i.softdevice_sys_evt_handler_set)
    __ctype_table                            0x00028b64   Data         129  ctype_o.o(.constdata)
    Region$$Table$$Base                      0x00028c88   Number         0  anon$$obj.o(Region$$Table)
    Region$$Table$$Limit                     0x00028ca8   Number         0  anon$$obj.o(Region$$Table)
    Image$$RW_IRAM1$$Base                    0x20002128   Number         0  anon$$obj.o ABSOLUTE
    V_BMA2x2RESOLUTION_U8                    0x200021dc   Data           1  bma2x2.o(.data)
    __stdout                                 0x20002248   Data           4  retarget.o(.data)
    SystemCoreClock                          0x20002268   Data           4  system_nrf52.o(.data)
    fs_data$$Base                            0x2000226c   Number         0  fds.o(fs_data)
    fs_data$$Limit                           0x2000227c   Number         0  fds.o(fs_data)
    m_lbs                                    0x20002944   Data          28  main.o(.bss)
    bma2x2                                   0x20002fd0   Data          24  bma2x2_support.o(.bss)
    sensor_config_data                       0x20002fe8   Data          12  sensor_drv.o(.bss)
    nrf_nvic_state                           0x20003014   Data          12  app_util_platform.o(.bss)
    _SEGGER_RTT                              0x200037ec   Data         120  segger_rtt.o(.bss)
    __initial_sp                             0x20005868   Data           0  arm_startup_nrf52.o(STACK)



==============================================================================

Memory Map of the image

  Image Entry point : 0x0001f401

  Load Region LR_IROM1 (Base: 0x0001f000, Size: 0x00009dfc, Max: 0x00061000, ABSOLUTE, COMPRESSED[0x00009cdc])

    Execution Region ER_IROM1 (Base: 0x0001f000, Size: 0x00009ca8, Max: 0x00061000, ABSOLUTE)

    Base Addr    Size         Type   Attr      Idx    E Section Name        Object

    0x0001f000   0x00000400   Data   RO         6205    RESET               arm_startup_nrf52.o
    0x0001f400   0x00000000   Code   RO         6246  * .ARM.Collect$$$$00000000  mc_w.l(entry.o)
    0x0001f400   0x00000004   Code   RO         6550    .ARM.Collect$$$$00000001  mc_w.l(entry2.o)
    0x0001f404   0x00000004   Code   RO         6553    .ARM.Collect$$$$00000004  mc_w.l(entry5.o)
    0x0001f408   0x00000000   Code   RO         6555    .ARM.Collect$$$$00000008  mc_w.l(entry7b.o)
    0x0001f408   0x00000000   Code   RO         6557    .ARM.Collect$$$$0000000A  mc_w.l(entry8b.o)
    0x0001f408   0x00000008   Code   RO         6558    .ARM.Collect$$$$0000000B  mc_w.l(entry9a.o)
    0x0001f410   0x00000000   Code   RO         6560    .ARM.Collect$$$$0000000D  mc_w.l(entry10a.o)
    0x0001f410   0x00000000   Code   RO         6562    .ARM.Collect$$$$0000000F  mc_w.l(entry11a.o)
    0x0001f410   0x00000004   Code   RO         6551    .ARM.Collect$$$$00002712  mc_w.l(entry2.o)
    0x0001f414   0x00000024   Code   RO         6206    .text               arm_startup_nrf52.o
    0x0001f438   0x00000008   Code   RO         6249    .text               mc_w.l(ctype_o.o)
    0x0001f440   0x00000024   Code   RO         6277    .text               mc_w.l(memcpya.o)
    0x0001f464   0x00000024   Code   RO         6279    .text               mc_w.l(memseta.o)
    0x0001f488   0x0000000e   Code   RO         6281    .text               mc_w.l(strlen.o)
    0x0001f496   0x0000001a   Code   RO         6283    .text               mc_w.l(memcmp.o)
    0x0001f4b0   0x00000012   Code   RO         6285    .text               mc_w.l(strcpy.o)
    0x0001f4c2   0x00000062   Code   RO         6566    .text               mc_w.l(uldiv.o)
    0x0001f524   0x00000024   Code   RO         6579    .text               mc_w.l(init.o)
    0x0001f548   0x0000001e   Code   RO         6581    .text               mc_w.l(llshl.o)
    0x0001f566   0x00000020   Code   RO         6583    .text               mc_w.l(llushr.o)
    0x0001f586   0x00000056   Code   RO         6597    .text               mc_w.l(__dczerorl2.o)
    0x0001f5dc   0x0000000a   Code   RO         4368    i.BMA2x2_I2C_bus_read  bma2x2_support.o
    0x0001f5e6   0x0000000c   Code   RO         4369    i.BMA2x2_I2C_bus_write  bma2x2_support.o
    0x0001f5f2   0x00000002   Code   RO         4370    i.BMA2x2_delay_msek  bma2x2_support.o
    0x0001f5f4   0x00000174   Code   RO         2885    i.GPIOTE_IRQHandler  nrf_drv_gpiote.o
    0x0001f768   0x00000016   Code   RO         4645    i.NVIC_ClearPendingIRQ  app_timer.o
    0x0001f77e   0x00000016   Code   RO         6002    i.NVIC_DisableIRQ   softdevice_handler.o
    0x0001f794   0x00000016   Code   RO         4646    i.NVIC_EnableIRQ    app_timer.o
    0x0001f7aa   0x00000016   Code   RO         6003    i.NVIC_EnableIRQ    softdevice_handler.o
    0x0001f7c0   0x00000016   Code   RO         4647    i.NVIC_SetPendingIRQ  app_timer.o
    0x0001f7d6   0x00000020   Code   RO         4648    i.NVIC_SetPriority  app_timer.o
    0x0001f7f6   0x00000002   PAD
    0x0001f7f8   0x00000058   Code   RO         2656    i.POWER_CLOCK_IRQHandler  nrf_drv_clock.o
    0x0001f850   0x00000024   Code   RO         4649    i.RTC1_IRQHandler   app_timer.o
    0x0001f874   0x00000014   Code   RO         5853    i.SEGGER_RTT_Init   segger_rtt.o
    0x0001f888   0x0000005c   Code   RO         5862    i.SEGGER_RTT_WriteNoLock  segger_rtt.o
    0x0001f8e4   0x00000010   Code   RO         3360    i.SPIM0_SPIS0_TWIM0_TWIS0_SPI0_TWI0_IRQHandler  nrf_drv_twi.o
    0x0001f8f4   0x00000004   Code   RO         4650    i.SWI0_EGU0_IRQHandler  app_timer.o
    0x0001f8f8   0x00000024   Code   RO         6004    i.SWI2_EGU2_IRQHandler  softdevice_handler.o
    0x0001f91c   0x00000234   Code   RO         6214    i.SystemInit        system_nrf52.o
    0x0001fb50   0x0000001c   Code   RO         3128    i.UARTE0_UART0_IRQHandler  nrf_drv_uart.o
    0x0001fb6c   0x00000068   Code   RO         5865    i._DoInit           segger_rtt.o
    0x0001fbd4   0x00000016   Code   RO         5866    i._GetAvailWriteSpace  segger_rtt.o
    0x0001fbea   0x0000005a   Code   RO         5868    i._WriteBlocking    segger_rtt.o
    0x0001fc44   0x0000003e   Code   RO         5869    i._WriteNoCheck     segger_rtt.o
    0x0001fc82   0x00000002   PAD
    0x0001fc84   0x00000020   Code   RO         6496    i.__0printf$8       mc_w.l(printf8.o)
    0x0001fca4   0x00000030   Code   RO         6497    i.__0snprintf$8     mc_w.l(printf8.o)
    0x0001fcd4   0x0000000e   Code   RO         6591    i.__scatterload_copy  mc_w.l(handlers.o)
    0x0001fce2   0x00000002   Code   RO         6592    i.__scatterload_null  mc_w.l(handlers.o)
    0x0001fce4   0x0000000e   Code   RO         6593    i.__scatterload_zeroinit  mc_w.l(handlers.o)
    0x0001fcf2   0x00000002   PAD
    0x0001fcf4   0x00000024   Code   RO         6005    i.__sd_nvic_app_accessible_irq  softdevice_handler.o
    0x0001fd18   0x00000410   Code   RO         6503    i._printf_core      mc_w.l(printf8.o)
    0x00020128   0x00000024   Code   RO         6504    i._printf_post_padding  mc_w.l(printf8.o)
    0x0002014c   0x0000002e   Code   RO         6505    i._printf_pre_padding  mc_w.l(printf8.o)
    0x0002017a   0x00000016   Code   RO         6506    i._snputc           mc_w.l(printf8.o)
    0x00020190   0x00000026   Code   RO         1424    i.addr_compare      id_manager.o
    0x000201b6   0x00000182   Code   RO          769    i.adv_data_encode   ble_advdata.o
    0x00020338   0x00000058   Code   RO          852    i.adv_mode_next_avail_get  ble_advertising.o
    0x00020390   0x00000036   Code   RO          657    i.advertising_buttons_configure  bsp_btn_ble.o
    0x000203c6   0x00000002   PAD
    0x000203c8   0x00000090   Code   RO            4    i.advertising_init  main.o
    0x00020458   0x00000052   Code   RO         1425    i.ah                id_manager.o
    0x000204aa   0x00000006   Code   RO          532    i.alert_timer_handler  bsp.o
    0x000204b0   0x00000024   Code   RO         4513    i.app_button_enable  app_button.o
    0x000204d4   0x00000070   Code   RO         4514    i.app_button_init   app_button.o
    0x00020544   0x0000005c   Code   RO         4617    i.app_error_fault_handler  app_error_weak.o
    0x000205a0   0x00000016   Code   RO         4575    i.app_error_handler_bare  app_error.o
    0x000205b6   0x00000016   Code   RO         5559    i.app_fifo_get      app_fifo.o
    0x000205cc   0x00000020   Code   RO         5560    i.app_fifo_init     app_fifo.o
    0x000205ec   0x0000001a   Code   RO         5562    i.app_fifo_put      app_fifo.o
    0x00020606   0x00000002   PAD
    0x00020608   0x00000024   Code   RO         4653    i.app_timer_create  app_timer.o
    0x0002062c   0x00000070   Code   RO         4654    i.app_timer_init    app_timer.o
    0x0002069c   0x00000088   Code   RO         4655    i.app_timer_start   app_timer.o
    0x00020724   0x00000020   Code   RO         4656    i.app_timer_stop    app_timer.o
    0x00020744   0x00000010   Code   RO         5448    i.app_uart_close    app_uart_fifo.o
    0x00020754   0x00000034   Code   RO         5450    i.app_uart_get      app_uart_fifo.o
    0x00020788   0x000000b4   Code   RO         5451    i.app_uart_init     app_uart_fifo.o
    0x0002083c   0x0000003c   Code   RO         5452    i.app_uart_put      app_uart_fifo.o
    0x00020878   0x00000048   Code   RO         4802    i.app_util_critical_region_enter  app_util_platform.o
    0x000208c0   0x00000034   Code   RO         4803    i.app_util_critical_region_exit  app_util_platform.o
    0x000208f4   0x000000b8   Code   RO         3129    i.apply_config      nrf_drv_uart.o
    0x000209ac   0x000000a0   Code   RO         2415    i.auth_status_success_process  security_dispatcher.o
    0x00020a4c   0x00000068   Code   RO          770    i.ble_advdata_set   ble_advdata.o
    0x00020ab4   0x00000120   Code   RO          853    i.ble_advertising_init  ble_advertising.o
    0x00020bd4   0x0000005c   Code   RO          854    i.ble_advertising_on_ble_evt  ble_advertising.o
    0x00020c30   0x00000034   Code   RO          855    i.ble_advertising_on_sys_evt  ble_advertising.o
    0x00020c64   0x00000104   Code   RO          858    i.ble_advertising_start  ble_advertising.o
    0x00020d68   0x00000058   Code   RO          946    i.ble_conn_params_init  ble_conn_params.o
    0x00020dc0   0x00000084   Code   RO          947    i.ble_conn_params_on_ble_evt  ble_conn_params.o
    0x00020e44   0x00000010   Code   RO         1019    i.ble_conn_state_conn_handles  ble_conn_state.o
    0x00020e54   0x00000010   Code   RO         1020    i.ble_conn_state_encrypted  ble_conn_state.o
    0x00020e64   0x00000010   Code   RO         1022    i.ble_conn_state_mitm_protected  ble_conn_state.o
    0x00020e74   0x0000010c   Code   RO         1026    i.ble_conn_state_on_ble_evt  ble_conn_state.o
    0x00020f80   0x00000030   Code   RO         1028    i.ble_conn_state_role  ble_conn_state.o
    0x00020fb0   0x0000002c   Code   RO         1030    i.ble_conn_state_user_flag_acquire  ble_conn_state.o
    0x00020fdc   0x00000018   Code   RO         1031    i.ble_conn_state_user_flag_collection  ble_conn_state.o
    0x00020ff4   0x00000028   Code   RO         1032    i.ble_conn_state_user_flag_get  ble_conn_state.o
    0x0002101c   0x0000002c   Code   RO         1033    i.ble_conn_state_user_flag_set  ble_conn_state.o
    0x00021048   0x00000060   Code   RO          771    i.ble_device_addr_encode  ble_advdata.o
    0x000210a8   0x00000038   Code   RO            6    i.ble_evt_dispatch  main.o
    0x000210e0   0x0000005c   Code   RO         6156    i.ble_lbs_init      ble_lbs.o
    0x0002113c   0x00000034   Code   RO         6157    i.ble_lbs_on_ble_evt  ble_lbs.o
    0x00021170   0x00000030   Code   RO         6158    i.ble_lbs_on_button_change  ble_lbs.o
    0x000211a0   0x00000008   Code   RO         1158    i.ble_srv_is_notification_enabled  ble_srv_common.o
    0x000211a8   0x0000006c   Code   RO            7    i.ble_stack_init    main.o
    0x00021214   0x0000007c   Code   RO         4371    i.bm2x2_check_chipid  bma2x2_support.o
    0x00021290   0x00000044   Code   RO         3567    i.bma2x2_init       bma2x2.o
    0x000212d4   0x00000006   Code   RO         4372    i.bma2x2_power_off  bma2x2_support.o
    0x000212da   0x00000002   PAD
    0x000212dc   0x00000064   Code   RO         4373    i.bma2x2_power_on   bma2x2_support.o
    0x00021340   0x00000028   Code   RO         3578    i.bma2x2_read_reg   bma2x2.o
    0x00021368   0x000000a0   Code   RO         3581    i.bma2x2_set_bw     bma2x2.o
    0x00021408   0x00000094   Code   RO         3583    i.bma2x2_set_durn   bma2x2.o
    0x0002149c   0x0000010c   Code   RO         3596    i.bma2x2_set_intr_enable  bma2x2.o
    0x000215a8   0x0000007c   Code   RO         3606    i.bma2x2_set_intr_slope  bma2x2.o
    0x00021624   0x000000a4   Code   RO         3608    i.bma2x2_set_latch_intr  bma2x2.o
    0x000216c8   0x00000054   Code   RO         3611    i.bma2x2_set_mode_value  bma2x2.o
    0x0002171c   0x000000f4   Code   RO         3622    i.bma2x2_set_power_mode  bma2x2.o
    0x00021810   0x0000009c   Code   RO         3623    i.bma2x2_set_range  bma2x2.o
    0x000218ac   0x00000090   Code   RO         3627    i.bma2x2_set_sleep_durn  bma2x2.o
    0x0002193c   0x00000070   Code   RO         3639    i.bma2x2_set_thres  bma2x2.o
    0x000219ac   0x00000028   Code   RO         3640    i.bma2x2_soft_rst   bma2x2.o
    0x000219d4   0x00000028   Code   RO         3642    i.bma2x2_write_reg  bma2x2.o
    0x000219fc   0x0000000c   Code   RO          409    i.bsp_board_button_idx_to_pin  boards.o
    0x00021a08   0x00000020   Code   RO          410    i.bsp_board_button_state_get  boards.o
    0x00021a28   0x00000024   Code   RO          413    i.bsp_board_led_invert  boards.o
    0x00021a4c   0x00000010   Code   RO          414    i.bsp_board_led_off  boards.o
    0x00021a5c   0x00000010   Code   RO          415    i.bsp_board_led_on  boards.o
    0x00021a6c   0x0000001c   Code   RO          416    i.bsp_board_led_state_get  boards.o
    0x00021a88   0x0000002c   Code   RO          417    i.bsp_board_leds_init  boards.o
    0x00021ab4   0x00000012   Code   RO          418    i.bsp_board_leds_off  boards.o
    0x00021ac6   0x00000012   Code   RO          419    i.bsp_board_leds_on  boards.o
    0x00021ad8   0x00000024   Code   RO          420    i.bsp_board_pin_to_button_idx  boards.o
    0x00021afc   0x00000038   Code   RO          658    i.bsp_btn_ble_init  bsp_btn_ble.o
    0x00021b34   0x00000070   Code   RO          659    i.bsp_btn_ble_on_ble_evt  bsp_btn_ble.o
    0x00021ba4   0x0000001e   Code   RO          660    i.bsp_btn_ble_sleep_mode_prepare  bsp_btn_ble.o
    0x00021bc2   0x00000002   PAD
    0x00021bc4   0x00000094   Code   RO          533    i.bsp_button_event_handler  bsp.o
    0x00021c58   0x00000004   Code   RO          534    i.bsp_button_is_pressed  bsp.o
    0x00021c5c   0x00000054   Code   RO            8    i.bsp_event_handler  main.o
    0x00021cb0   0x00000044   Code   RO          537    i.bsp_event_to_button_action_assign  bsp.o
    0x00021cf4   0x00000018   Code   RO          538    i.bsp_indication_set  bsp.o
    0x00021d0c   0x00000098   Code   RO          539    i.bsp_init          bsp.o
    0x00021da4   0x00000174   Code   RO          540    i.bsp_led_indication  bsp.o
    0x00021f18   0x00000010   Code   RO          542    i.bsp_wakeup_button_enable  bsp.o
    0x00021f28   0x00000012   Code   RO         5628    i.buf_len_update    nrf_log_backend_serial.o
    0x00021f3a   0x00000002   PAD
    0x00021f3c   0x00000068   Code   RO         5718    i.buf_prealloc      nrf_log_frontend.o
    0x00021fa4   0x00000014   Code   RO         5719    i.buffer_is_empty   nrf_log_frontend.o
    0x00021fb8   0x000000d2   Code   RO         6159    i.button_char_add   ble_lbs.o
    0x0002208a   0x00000008   Code   RO          543    i.button_timer_handler  bsp.o
    0x00022092   0x00000002   PAD
    0x00022094   0x0000001c   Code   RO         2886    i.channel_free      nrf_drv_gpiote.o
    0x000220b0   0x00000048   Code   RO         2887    i.channel_port_alloc  nrf_drv_gpiote.o
    0x000220f8   0x00000010   Code   RO         2888    i.channel_port_get  nrf_drv_gpiote.o
    0x00022108   0x00000020   Code   RO         5187    i.check_config      fstorage.o
    0x00022128   0x00000018   Code   RO         4881    i.chunk_queue_next  fds.o
    0x00022140   0x00000038   Code   RO         1960    i.claim             peer_id.o
    0x00022178   0x00000028   Code   RO         2657    i.clock_clk_started_notify  nrf_drv_clock.o
    0x000221a0   0x000000ac   Code   RO         4658    i.compare_reg_update  app_timer.o
    0x0002224c   0x00000088   Code   RO          772    i.conn_int_encode   ble_advdata.o
    0x000222d4   0x00000004   Code   RO           10    i.conn_params_error_handler  main.o
    0x000222d8   0x0000005c   Code   RO          949    i.conn_params_negotiation  ble_conn_params.o
    0x00022334   0x00000080   Code   RO         4882    i.delete_execute    fds.o
    0x000223b4   0x00000060   Code   RO         4516    i.detection_delay_timeout_handler  app_button.o
    0x00022414   0x00000040   Code   RO         4659    i.elapsed_ticks_acquire  app_timer.o
    0x00022454   0x00000030   Code   RO         2416    i.encryption_failure  security_dispatcher.o
    0x00022484   0x0000006a   Code   RO         4883    i.event_prepare     fds.o
    0x000224ee   0x00000002   PAD
    0x000224f0   0x00000020   Code   RO         4884    i.event_send        fds.o
    0x00022510   0x00000034   Code   RO         2530    i.events_send_from_err_code  security_manager.o
    0x00022544   0x0000000c   Code   RO         1215    i.evt_send          gatt_cache_manager.o
    0x00022550   0x0000001c   Code   RO         1426    i.evt_send          id_manager.o
    0x0002256c   0x0000002c   Code   RO         2050    i.evt_send          peer_manager.o
    0x00022598   0x0000001c   Code   RO         2417    i.evt_send          security_dispatcher.o
    0x000225b4   0x0000000c   Code   RO         2531    i.evt_send          security_manager.o
    0x000225c0   0x000000f8   Code   RO         1653    i.fds_evt_handler   peer_data_storage.o
    0x000226b8   0x0000004c   Code   RO         4886    i.fds_file_delete   fds.o
    0x00022704   0x00000044   Code   RO         4887    i.fds_gc            fds.o
    0x00022748   0x00000088   Code   RO         4888    i.fds_init          fds.o
    0x000227d0   0x0000003c   Code   RO         4889    i.fds_record_close  fds.o
    0x0002280c   0x0000000e   Code   RO         4891    i.fds_record_find   fds.o
    0x0002281a   0x00000010   Code   RO         4892    i.fds_record_find_by_key  fds.o
    0x0002282a   0x00000010   Code   RO         4893    i.fds_record_find_in_file  fds.o
    0x0002283a   0x00000010   Code   RO         4894    i.fds_record_id_from_desc  fds.o
    0x0002284a   0x00000002   PAD
    0x0002284c   0x00000040   Code   RO         4896    i.fds_record_open   fds.o
    0x0002288c   0x0000000e   Code   RO         4897    i.fds_record_update  fds.o
    0x0002289a   0x00000008   Code   RO         4898    i.fds_record_write  fds.o
    0x000228a2   0x0000000c   Code   RO         4899    i.fds_record_write_reserved  fds.o
    0x000228ae   0x00000002   PAD
    0x000228b0   0x00000024   Code   RO         4900    i.fds_register      fds.o
    0x000228d4   0x00000034   Code   RO         4901    i.fds_reserve       fds.o
    0x00022908   0x00000044   Code   RO         4902    i.fds_reserve_cancel  fds.o
    0x0002294c   0x00000014   Code   RO         5565    i.fifo_get          app_fifo.o
    0x00022960   0x00000012   Code   RO         5566    i.fifo_put          app_fifo.o
    0x00022972   0x00000014   Code   RO         1654    i.file_id_within_pm_range  peer_data_storage.o
    0x00022986   0x00000002   PAD
    0x00022988   0x00000010   Code   RO         4904    i.flag_clear        fds.o
    0x00022998   0x00000012   Code   RO         2418    i.flag_id_init      security_dispatcher.o
    0x000229aa   0x00000012   Code   RO         2532    i.flag_id_init      security_manager.o
    0x000229bc   0x00000010   Code   RO         4905    i.flag_set          fds.o
    0x000229cc   0x00000058   Code   RO         2533    i.flags_set_from_err_code  security_manager.o
    0x00022a24   0x0000000e   Code   RO         5521    i.fputc             retarget.o
    0x00022a32   0x00000002   PAD
    0x00022a34   0x00000074   Code   RO         5188    i.fs_erase          fstorage.o
    0x00022aa8   0x00000006   Code   RO         4906    i.fs_event_handler  fds.o
    0x00022aae   0x00000002   PAD
    0x00022ab0   0x000000b0   Code   RO         5190    i.fs_init           fstorage.o
    0x00022b60   0x00000014   Code   RO         5193    i.fs_queued_op_count_get  fstorage.o
    0x00022b74   0x00000080   Code   RO         5194    i.fs_store          fstorage.o
    0x00022bf4   0x00000068   Code   RO         5195    i.fs_sys_event_handler  fstorage.o
    0x00022c5c   0x0000006c   Code   RO           11    i.gap_params_init   main.o
    0x00022cc8   0x00000070   Code   RO         4907    i.gc_execute        fds.o
    0x00022d38   0x00000048   Code   RO         4908    i.gc_next_page      fds.o
    0x00022d80   0x0000004c   Code   RO         4909    i.gc_page_erase     fds.o
    0x00022dcc   0x00000034   Code   RO         4910    i.gc_record_copy    fds.o
    0x00022e00   0x00000024   Code   RO         4911    i.gc_record_find_next  fds.o
    0x00022e24   0x00000080   Code   RO         4912    i.gc_state_advance  fds.o
    0x00022ea4   0x000000ec   Code   RO         1216    i.gcm_ble_evt_handler  gatt_cache_manager.o
    0x00022f90   0x0000006c   Code   RO         1217    i.gcm_gscm_evt_handler  gatt_cache_manager.o
    0x00022ffc   0x00000030   Code   RO         1218    i.gcm_im_evt_handler  gatt_cache_manager.o
    0x0002302c   0x00000048   Code   RO         1219    i.gcm_init          gatt_cache_manager.o
    0x00023074   0x00000054   Code   RO         1220    i.gcm_local_database_has_changed  gatt_cache_manager.o
    0x000230c8   0x0000000e   Code   RO         1223    i.gcm_smd_evt_handler  gatt_cache_manager.o
    0x000230d6   0x00000002   PAD
    0x000230d8   0x00000038   Code   RO         1427    i.get_connection_by_conn_handle  id_manager.o
    0x00023110   0x00000030   Code   RO         1428    i.get_free_connection  id_manager.o
    0x00023140   0x00000028   Code   RO           12    i.get_uart_data     main.o
    0x00023168   0x0000004c   Code   RO           13    i.gpio_init         main.o
    0x000231b4   0x00000058   Code   RO         4517    i.gpiote_event_handler  app_button.o
    0x0002320c   0x0000001c   Code   RO         1339    i.gscm_db_change_notification_done  gatts_cache_manager.o
    0x00023228   0x00000014   Code   RO         1340    i.gscm_init         gatts_cache_manager.o
    0x0002323c   0x0000001c   Code   RO         1341    i.gscm_local_database_has_changed  gatts_cache_manager.o
    0x00023258   0x0000006a   Code   RO         1342    i.gscm_local_db_cache_apply  gatts_cache_manager.o
    0x000232c2   0x00000080   Code   RO         1344    i.gscm_local_db_cache_update  gatts_cache_manager.o
    0x00023342   0x00000002   PAD
    0x00023344   0x00000054   Code   RO         1345    i.gscm_pdb_evt_handler  gatts_cache_manager.o
    0x00023398   0x0000001a   Code   RO         1346    i.gscm_service_changed_ind_needed  gatts_cache_manager.o
    0x000233b2   0x00000002   PAD
    0x000233b4   0x0000002c   Code   RO         1347    i.gscm_service_changed_ind_send  gatts_cache_manager.o
    0x000233e0   0x00000016   Code   RO         4913    i.header_is_valid   fds.o
    0x000233f6   0x00000046   Code   RO         1429    i.im_address_resolve  id_manager.o
    0x0002343c   0x00000030   Code   RO         1430    i.im_ble_addr_get   id_manager.o
    0x0002346c   0x000000ae   Code   RO         1431    i.im_ble_evt_handler  id_manager.o
    0x0002351a   0x00000002   PAD
    0x0002351c   0x0000002c   Code   RO         1432    i.im_conn_handle_get  id_manager.o
    0x00023548   0x00000040   Code   RO         1436    i.im_init           id_manager.o
    0x00023588   0x00000034   Code   RO         1437    i.im_is_duplicate_bonding_data  id_manager.o
    0x000235bc   0x00000018   Code   RO         1438    i.im_master_id_is_valid  id_manager.o
    0x000235d4   0x0000002a   Code   RO         1439    i.im_master_ids_compare  id_manager.o
    0x000235fe   0x00000004   Code   RO         1440    i.im_new_peer_id    id_manager.o
    0x00023602   0x00000072   Code   RO         1441    i.im_pdb_evt_handler  id_manager.o
    0x00023674   0x00000026   Code   RO         1442    i.im_peer_free      id_manager.o
    0x0002369a   0x00000002   PAD
    0x0002369c   0x00000020   Code   RO         1443    i.im_peer_id_get_by_conn_handle  id_manager.o
    0x000236bc   0x0000003c   Code   RO         1444    i.im_peer_id_get_by_master_id  id_manager.o
    0x000236f8   0x000000c0   Code   RO         4914    i.init_execute      fds.o
    0x000237b8   0x00000078   Code   RO         6006    i.intern_softdevice_events_execute  softdevice_handler.o
    0x00023830   0x00000078   Code   RO         3130    i.interrupts_enable  nrf_drv_uart.o
    0x000238a8   0x0000014e   Code   RO         3361    i.irq_handler_twim  nrf_drv_twi.o
    0x000239f6   0x00000002   PAD
    0x000239f8   0x0000001c   Code   RO          950    i.is_conn_params_ok  ble_conn_params.o
    0x00023a14   0x00000014   Code   RO         1449    i.is_valid_irk      id_manager.o
    0x00023a28   0x0000000c   Code   RO         4915    i.is_word_aligned   fds.o
    0x00023a34   0x0000009e   Code   RO         6160    i.led_char_add      ble_lbs.o
    0x00023ad2   0x00000002   PAD
    0x00023ad4   0x00000124   Code   RO           14    i.led_write_handler  main.o
    0x00023bf8   0x00000014   Code   RO          544    i.leds_timer_handler  bsp.o
    0x00023c0c   0x00000098   Code   RO         2534    i.link_secure       security_manager.o
    0x00023ca4   0x00000086   Code   RO         2419    i.link_secure_central  security_dispatcher.o
    0x00023d2a   0x000000c8   Code   RO         2420    i.link_secure_central_existing_peer  security_dispatcher.o
    0x00023df2   0x0000006c   Code   RO         2421    i.link_secure_central_new_peer  security_dispatcher.o
    0x00023e5e   0x00000002   PAD
    0x00023e60   0x00000058   Code   RO         2422    i.link_secure_failure  security_dispatcher.o
    0x00023eb8   0x0000005c   Code   RO         2535    i.link_secure_pending_process  security_manager.o
    0x00023f14   0x000000a8   Code   RO         4660    i.list_deletions_handler  app_timer.o
    0x00023fbc   0x000000b8   Code   RO         4661    i.list_insertions_handler  app_timer.o
    0x00024074   0x00000074   Code   RO         1224    i.local_db_apply_in_evt  gatt_cache_manager.o
    0x000240e8   0x00000078   Code   RO         1225    i.local_db_update_in_evt  gatt_cache_manager.o
    0x00024160   0x00000032   Code   RO         2362    i.lock_by_mask      pm_mutex.o
    0x00024192   0x00000002   PAD
    0x00024194   0x0000016c   Code   RO           15    i.main              main.o
    0x00024300   0x00000064   Code   RO          773    i.manuf_specific_data_encode  ble_advdata.o
    0x00024364   0x0000009c   Code   RO          774    i.name_encode       ble_advdata.o
    0x00024400   0x00000058   Code   RO         1450    i.new_connection    id_manager.o
    0x00024458   0x00000030   Code   RO         1961    i.next_id_get       peer_id.o
    0x00024488   0x00000010   Code   RO         2889    i.nrf_bitmask_bit_is_set  nrf_drv_gpiote.o
    0x00024498   0x0000000e   Code   RO         2661    i.nrf_clock_event_check  nrf_drv_clock.o
    0x000244a6   0x00000010   Code   RO         2662    i.nrf_clock_event_clear  nrf_drv_clock.o
    0x000244b6   0x00000002   PAD
    0x000244b8   0x0000008c   Code   RO           16    i.nrf_delay_us      main.o
    0x00024544   0x0000008c   Code   RO         3362    i.nrf_delay_us      nrf_drv_twi.o
    0x000245d0   0x0000008c   Code   RO         4374    i.nrf_delay_us      bma2x2_support.o
    0x0002465c   0x0000008c   Code   RO         4662    i.nrf_delay_us      app_timer.o
    0x000246e8   0x00000028   Code   RO         4375    i.nrf_drv_bma_twi_event_handler  bma2x2_support.o
    0x00024710   0x00000048   Code   RO         2669    i.nrf_drv_clock_init  nrf_drv_clock.o
    0x00024758   0x00000030   Code   RO         2676    i.nrf_drv_clock_on_sd_enable  nrf_drv_clock.o
    0x00024788   0x0000000a   Code   RO         2677    i.nrf_drv_clock_on_soc_event  nrf_drv_clock.o
    0x00024792   0x00000016   Code   RO         3131    i.nrf_drv_common_irq_disable  nrf_drv_uart.o
    0x000247a8   0x00000038   Code   RO         2839    i.nrf_drv_common_irq_enable  nrf_drv_common.o
    0x000247e0   0x00000006   Code   RO         3132    i.nrf_drv_get_IRQn  nrf_drv_uart.o
    0x000247e6   0x00000002   PAD
    0x000247e8   0x000000a4   Code   RO         2894    i.nrf_drv_gpiote_in_event_enable  nrf_drv_gpiote.o
    0x0002488c   0x000000b8   Code   RO         2895    i.nrf_drv_gpiote_in_init  nrf_drv_gpiote.o
    0x00024944   0x00000014   Code   RO         2896    i.nrf_drv_gpiote_in_is_set  nrf_drv_gpiote.o
    0x00024958   0x0000005c   Code   RO         2898    i.nrf_drv_gpiote_init  nrf_drv_gpiote.o
    0x000249b4   0x00000014   Code   RO         2899    i.nrf_drv_gpiote_is_init  nrf_drv_gpiote.o
    0x000249c8   0x00000010   Code   RO         3133    i.nrf_drv_is_in_RAM  nrf_drv_uart.o
    0x000249d8   0x00000010   Code   RO         3363    i.nrf_drv_is_in_RAM  nrf_drv_twi.o
    0x000249e8   0x0000006c   Code   RO         4376    i.nrf_drv_mpu_read_registers  bma2x2_support.o
    0x00024a54   0x00000040   Code   RO         4377    i.nrf_drv_mpu_write_single_register  bma2x2_support.o
    0x00024a94   0x00000020   Code   RO         3366    i.nrf_drv_twi_enable  nrf_drv_twi.o
    0x00024ab4   0x0000008c   Code   RO         3367    i.nrf_drv_twi_init  nrf_drv_twi.o
    0x00024b40   0x00000024   Code   RO         3368    i.nrf_drv_twi_rx    nrf_drv_twi.o
    0x00024b64   0x00000024   Code   RO         3371    i.nrf_drv_twi_tx    nrf_drv_twi.o
    0x00024b88   0x00000024   Code   RO         3373    i.nrf_drv_twi_xfer  nrf_drv_twi.o
    0x00024bac   0x00000068   Code   RO         3135    i.nrf_drv_uart_init  nrf_drv_uart.o
    0x00024c14   0x000000b0   Code   RO         3136    i.nrf_drv_uart_rx   nrf_drv_uart.o
    0x00024cc4   0x00000030   Code   RO         3139    i.nrf_drv_uart_rx_enable  nrf_drv_uart.o
    0x00024cf4   0x000000a8   Code   RO         3140    i.nrf_drv_uart_rx_for_uart  nrf_drv_uart.o
    0x00024d9c   0x000000b0   Code   RO         3141    i.nrf_drv_uart_rx_for_uarte  nrf_drv_uart.o
    0x00024e4c   0x0000010c   Code   RO         3142    i.nrf_drv_uart_tx   nrf_drv_uart.o
    0x00024f58   0x00000018   Code   RO         3144    i.nrf_drv_uart_tx_in_progress  nrf_drv_uart.o
    0x00024f70   0x00000054   Code   RO         3145    i.nrf_drv_uart_uninit  nrf_drv_uart.o
    0x00024fc4   0x00000024   Code   RO          422    i.nrf_gpio_cfg      boards.o
    0x00024fe8   0x00000024   Code   RO         2913    i.nrf_gpio_cfg      nrf_drv_gpiote.o
    0x0002500c   0x00000024   Code   RO         3146    i.nrf_gpio_cfg      nrf_drv_uart.o
    0x00025030   0x00000012   Code   RO         3147    i.nrf_gpio_cfg_default  nrf_drv_uart.o
    0x00025042   0x00000012   Code   RO         3148    i.nrf_gpio_cfg_input  nrf_drv_uart.o
    0x00025054   0x00000010   Code   RO           17    i.nrf_gpio_cfg_output  main.o
    0x00025064   0x00000014   Code   RO         3149    i.nrf_gpio_cfg_output  nrf_drv_uart.o
    0x00025078   0x00000022   Code   RO          545    i.nrf_gpio_cfg_sense_set  bsp.o
    0x0002509a   0x00000022   Code   RO         2915    i.nrf_gpio_cfg_sense_set  nrf_drv_gpiote.o
    0x000250bc   0x0000000e   Code   RO         3374    i.nrf_gpio_pin_set  nrf_drv_twi.o
    0x000250ca   0x00000016   Code   RO           18    i.nrf_gpio_pin_write  main.o
    0x000250e0   0x00000016   Code   RO          423    i.nrf_gpio_pin_write  boards.o
    0x000250f6   0x00000002   PAD
    0x000250f8   0x00000028   Code   RO         2916    i.nrf_gpio_ports_read  nrf_drv_gpiote.o
    0x00025120   0x00000014   Code   RO         2917    i.nrf_gpiote_event_clear  nrf_drv_gpiote.o
    0x00025134   0x00000010   Code   RO         2918    i.nrf_gpiote_event_is_set  nrf_drv_gpiote.o
    0x00025144   0x00000008   Code   RO         5630    i.nrf_log_backend_hexdump_handler_get  nrf_log_backend_serial.o
    0x0002514c   0x00000024   Code   RO         5631    i.nrf_log_backend_init  nrf_log_backend_serial.o
    0x00025170   0x0000011c   Code   RO         5632    i.nrf_log_backend_serial_hexdump_handler  nrf_log_backend_serial.o
    0x0002528c   0x00000108   Code   RO         5633    i.nrf_log_backend_serial_std_handler  nrf_log_backend_serial.o
    0x00025394   0x00000008   Code   RO         5634    i.nrf_log_backend_std_handler_get  nrf_log_backend_serial.o
    0x0002539c   0x00000006   Code   RO         5721    i.nrf_log_blocking_backend_set  nrf_log_frontend.o
    0x000253a2   0x00000002   PAD
    0x000253a4   0x00000130   Code   RO         5722    i.nrf_log_frontend_dequeue  nrf_log_frontend.o
    0x000254d4   0x00000014   Code   RO         5724    i.nrf_log_frontend_init  nrf_log_frontend.o
    0x000254e8   0x0000004c   Code   RO         5725    i.nrf_log_frontend_std_0  nrf_log_frontend.o
    0x00025534   0x00000058   Code   RO         5726    i.nrf_log_frontend_std_1  nrf_log_frontend.o
    0x0002558c   0x0000007c   Code   RO         5728    i.nrf_log_frontend_std_3  nrf_log_frontend.o
    0x00025608   0x00000010   Code   RO         5733    i.nrf_log_handlers_set  nrf_log_frontend.o
    0x00025618   0x00000024   Code   RO         5734    i.nrf_log_init      nrf_log_frontend.o
    0x0002563c   0x0000000a   Code   RO         3375    i.nrf_twim_event_check  nrf_drv_twi.o
    0x00025646   0x0000000c   Code   RO         3376    i.nrf_twim_event_clear  nrf_drv_twi.o
    0x00025652   0x0000000a   Code   RO         3150    i.nrf_uart_event_check  nrf_drv_uart.o
    0x0002565c   0x0000000c   Code   RO         3151    i.nrf_uart_event_clear  nrf_drv_uart.o
    0x00025668   0x0000000c   Code   RO         3152    i.nrf_uart_int_enable_check  nrf_drv_uart.o
    0x00025674   0x0000000a   Code   RO         3153    i.nrf_uarte_event_check  nrf_drv_uart.o
    0x0002567e   0x0000000c   Code   RO         3154    i.nrf_uarte_event_clear  nrf_drv_uart.o
    0x0002568a   0x00000002   PAD
    0x0002568c   0x0000005c   Code   RO           19    i.on_adv_evt        main.o
    0x000256e8   0x00000104   Code   RO           20    i.on_ble_evt        main.o
    0x000257ec   0x0000001c   Code   RO           21    i.on_conn_params_evt  main.o
    0x00025808   0x00000054   Code   RO         5196    i.on_operation_success  fstorage.o
    0x0002585c   0x00000080   Code   RO         4916    i.op_enqueue        fds.o
    0x000258dc   0x00000054   Code   RO         4460    i.open_sensor_monitor  sensor_drv.o
    0x00025930   0x00000012   Code   RO         4917    i.page_offsets_update  fds.o
    0x00025942   0x00000002   PAD
    0x00025944   0x00000064   Code   RO         4918    i.page_scan         fds.o
    0x000259a8   0x0000001c   Code   RO         4919    i.page_tag_write_data  fds.o
    0x000259c4   0x00000024   Code   RO         4920    i.page_tag_write_swap  fds.o
    0x000259e8   0x000000f8   Code   RO         4921    i.pages_init        fds.o
    0x00025ae0   0x0000006c   Code   RO         2423    i.pairing_failure   security_dispatcher.o
    0x00025b4c   0x0000003c   Code   RO         2536    i.params_reply_pending_process  security_manager.o
    0x00025b88   0x0000001c   Code   RO         1797    i.pdb_evt_send      peer_database.o
    0x00025ba4   0x00000050   Code   RO         1798    i.pdb_init          peer_database.o
    0x00025bf4   0x00000004   Code   RO         1800    i.pdb_next_deleted_peer_id_get  peer_database.o
    0x00025bf8   0x00000004   Code   RO         1801    i.pdb_next_peer_id_get  peer_database.o
    0x00025bfc   0x00000130   Code   RO         1802    i.pdb_pds_evt_handler  peer_database.o
    0x00025d2c   0x00000004   Code   RO         1803    i.pdb_peer_allocate  peer_database.o
    0x00025d30   0x00000006   Code   RO         1805    i.pdb_peer_data_ptr_get  peer_database.o
    0x00025d36   0x00000044   Code   RO         1806    i.pdb_peer_free     peer_database.o
    0x00025d7a   0x00000008   Code   RO         1807    i.pdb_raw_store     peer_database.o
    0x00025d82   0x00000002   PAD
    0x00025d84   0x00000108   Code   RO         1808    i.pdb_write_buf_get  peer_database.o
    0x00025e8c   0x00000028   Code   RO         1809    i.pdb_write_buf_release  peer_database.o
    0x00025eb4   0x000000c4   Code   RO         1810    i.pdb_write_buf_store  peer_database.o
    0x00025f78   0x00000068   Code   RO         1811    i.pdb_write_buf_store_prepare  peer_database.o
    0x00025fe0   0x0000000c   Code   RO         1655    i.pds_evt_send      peer_data_storage.o
    0x00025fec   0x0000006c   Code   RO         1656    i.pds_init          peer_data_storage.o
    0x00026058   0x00000004   Code   RO         1657    i.pds_next_deleted_peer_id_get  peer_data_storage.o
    0x0002605c   0x00000004   Code   RO         1658    i.pds_next_peer_id_get  peer_data_storage.o
    0x00026060   0x00000050   Code   RO         1661    i.pds_peer_data_iterate  peer_data_storage.o
    0x000260b0   0x00000010   Code   RO         1662    i.pds_peer_data_iterate_prepare  peer_data_storage.o
    0x000260c0   0x00000068   Code   RO         1663    i.pds_peer_data_read  peer_data_storage.o
    0x00026128   0x000000a2   Code   RO         1664    i.pds_peer_data_store  peer_data_storage.o
    0x000261ca   0x00000008   Code   RO         1665    i.pds_peer_id_allocate  peer_data_storage.o
    0x000261d2   0x00000016   Code   RO         1666    i.pds_peer_id_free  peer_data_storage.o
    0x000261e8   0x00000004   Code   RO         1667    i.pds_peer_id_is_allocated  peer_data_storage.o
    0x000261ec   0x0000002e   Code   RO         1668    i.pds_space_reserve  peer_data_storage.o
    0x0002621a   0x00000010   Code   RO         1669    i.pds_space_reserve_cancel  peer_data_storage.o
    0x0002622a   0x00000006   Code   RO         1812    i.peer_data_const_point_to_buffer  peer_database.o
    0x00026230   0x00000080   Code   RO         1670    i.peer_data_delete  peer_data_storage.o
    0x000262b0   0x00000030   Code   RO         1671    i.peer_data_find    peer_data_storage.o
    0x000262e0   0x00000020   Code   RO         1672    i.peer_data_id_is_valid  peer_data_storage.o
    0x00026300   0x0000001a   Code   RO         1813    i.peer_data_point_to_buffer  peer_database.o
    0x0002631a   0x00000002   PAD
    0x0002631c   0x0000000c   Code   RO         1962    i.peer_id_allocate  peer_id.o
    0x00026328   0x00000024   Code   RO         1963    i.peer_id_delete    peer_id.o
    0x0002634c   0x0000001c   Code   RO         1964    i.peer_id_free      peer_id.o
    0x00026368   0x0000000c   Code   RO         1965    i.peer_id_get_next_deleted  peer_id.o
    0x00026374   0x00000030   Code   RO         1966    i.peer_id_get_next_used  peer_id.o
    0x000263a4   0x00000028   Code   RO         1967    i.peer_id_init      peer_id.o
    0x000263cc   0x00000014   Code   RO         1968    i.peer_id_is_allocated  peer_id.o
    0x000263e0   0x00000014   Code   RO         1969    i.peer_id_is_deleted  peer_id.o
    0x000263f4   0x0000001c   Code   RO         1451    i.peer_id_set       id_manager.o
    0x00026410   0x0000007c   Code   RO           22    i.peer_manager_init  main.o
    0x0002648c   0x00000018   Code   RO         2919    i.pin_in_use_by_port  nrf_drv_gpiote.o
    0x000264a4   0x00000018   Code   RO         2920    i.pin_in_use_by_te  nrf_drv_gpiote.o
    0x000264bc   0x00000078   Code   RO         3155    i.pins_to_default   nrf_drv_uart.o
    0x00026534   0x0000005c   Code   RO         2320    i.pm_buffer_block_acquire  pm_buffer.o
    0x00026590   0x00000040   Code   RO         2321    i.pm_buffer_init    pm_buffer.o
    0x000265d0   0x00000028   Code   RO         2322    i.pm_buffer_ptr_get  pm_buffer.o
    0x000265f8   0x0000002e   Code   RO         2323    i.pm_buffer_release  pm_buffer.o
    0x00026626   0x00000004   Code   RO         2052    i.pm_conn_sec_config_reply  peer_manager.o
    0x0002662a   0x00000002   PAD
    0x0002662c   0x000000bc   Code   RO           23    i.pm_evt_handler    main.o
    0x000266e8   0x00000088   Code   RO         2056    i.pm_gcm_evt_handler  peer_manager.o
    0x00026770   0x00000050   Code   RO         2059    i.pm_im_evt_handler  peer_manager.o
    0x000267c0   0x00000064   Code   RO         2060    i.pm_init           peer_manager.o
    0x00026824   0x00000014   Code   RO         2062    i.pm_local_database_has_changed  peer_manager.o
    0x00026838   0x0000000e   Code   RO         2363    i.pm_mutex_init     pm_mutex.o
    0x00026846   0x0000001a   Code   RO         2364    i.pm_mutex_lock     pm_mutex.o
    0x00026860   0x00000036   Code   RO         2365    i.pm_mutex_lock_first_available  pm_mutex.o
    0x00026896   0x00000018   Code   RO         2366    i.pm_mutex_lock_status_get  pm_mutex.o
    0x000268ae   0x0000003a   Code   RO         2367    i.pm_mutex_unlock   pm_mutex.o
    0x000268e8   0x00000028   Code   RO         2064    i.pm_on_ble_evt     peer_manager.o
    0x00026910   0x00000158   Code   RO         2065    i.pm_pdb_evt_handler  peer_manager.o
    0x00026a68   0x00000014   Code   RO         2076    i.pm_peer_delete    peer_manager.o
    0x00026a7c   0x00000038   Code   RO         2081    i.pm_peers_delete   peer_manager.o
    0x00026ab4   0x0000002c   Code   RO         2084    i.pm_register       peer_manager.o
    0x00026ae0   0x00000014   Code   RO         2086    i.pm_sec_params_set  peer_manager.o
    0x00026af4   0x00000160   Code   RO         2087    i.pm_sm_evt_handler  peer_manager.o
    0x00026c54   0x0000002c   Code   RO         5197    i.queue_advance     fstorage.o
    0x00026c80   0x00000038   Code   RO         5198    i.queue_get_next_free  fstorage.o
    0x00026cb8   0x000000bc   Code   RO         4922    i.queue_process     fds.o
    0x00026d74   0x00000070   Code   RO         5199    i.queue_process     fstorage.o
    0x00026de4   0x00000020   Code   RO         4923    i.queue_start       fds.o
    0x00026e04   0x0000001c   Code   RO         5200    i.queue_start       fstorage.o
    0x00026e20   0x00000010   Code   RO         6007    i.ram_end_address_get  softdevice_handler.o
    0x00026e30   0x00000088   Code   RO         4924    i.record_find       fds.o
    0x00026eb8   0x0000009c   Code   RO         4925    i.record_find_by_desc  fds.o
    0x00026f54   0x0000004c   Code   RO         4926    i.record_find_next  fds.o
    0x00026fa0   0x00000034   Code   RO         4927    i.record_header_flag_dirty  fds.o
    0x00026fd4   0x00000014   Code   RO         1673    i.record_key_within_pm_range  peer_data_storage.o
    0x00026fe8   0x0000005c   Code   RO         4928    i.record_write_chunk  fds.o
    0x00027044   0x00000010   Code   RO         1971    i.release           peer_id.o
    0x00027054   0x0000003c   Code   RO         4663    i.rtc1_stop         app_timer.o
    0x00027090   0x00000032   Code   RO         3156    i.rx_byte           nrf_drv_uart.o
    0x000270c2   0x00000018   Code   RO         3157    i.rx_done_event     nrf_drv_uart.o
    0x000270da   0x00000020   Code   RO         3158    i.rx_enable         nrf_drv_uart.o
    0x000270fa   0x00000002   PAD
    0x000270fc   0x00000070   Code   RO         6009    i.sd_nvic_EnableIRQ  softdevice_handler.o
    0x0002716c   0x00000044   Code   RO         5357    i.sdk_mapped_flags_bulk_update_by_key  sdk_mapped_flags.o
    0x000271b0   0x00000022   Code   RO         5358    i.sdk_mapped_flags_first_key_index_get  sdk_mapped_flags.o
    0x000271d2   0x00000010   Code   RO         5359    i.sdk_mapped_flags_get_by_index  sdk_mapped_flags.o
    0x000271e2   0x00000026   Code   RO         5360    i.sdk_mapped_flags_get_by_key  sdk_mapped_flags.o
    0x00027208   0x0000004a   Code   RO         5361    i.sdk_mapped_flags_key_list_get  sdk_mapped_flags.o
    0x00027252   0x0000000e   Code   RO         5363    i.sdk_mapped_flags_update_by_key  sdk_mapped_flags.o
    0x00027260   0x000000b2   Code   RO         2424    i.sec_info_request_process  security_dispatcher.o
    0x00027312   0x00000076   Code   RO         2537    i.sec_params_verify  security_manager.o
    0x00027388   0x00000054   Code   RO         2425    i.sec_proc_start    security_dispatcher.o
    0x000273dc   0x00000020   Code   RO         2426    i.sec_start_send    security_dispatcher.o
    0x000273fc   0x0000004c   Code   RO         5201    i.send_event        fstorage.o
    0x00027448   0x00000064   Code   RO         4464    i.sensor_type_auto_maching_init  sensor_drv.o
    0x000274ac   0x0000002e   Code   RO         5635    i.serial_tx         nrf_log_backend_serial.o
    0x000274da   0x00000002   PAD
    0x000274dc   0x00000058   Code   RO         1226    i.service_changed_pending_flags_check  gatt_cache_manager.o
    0x00027534   0x00000044   Code   RO         1348    i.service_changed_pending_set  gatts_cache_manager.o
    0x00027578   0x00000094   Code   RO         1227    i.service_changed_send_in_evt  gatt_cache_manager.o
    0x0002760c   0x00000088   Code   RO          775    i.service_data_encode  ble_advdata.o
    0x00027694   0x00000048   Code   RO          860    i.set_adv_mode_fast  ble_advertising.o
    0x000276dc   0x00000044   Code   RO          861    i.set_adv_mode_slow  ble_advertising.o
    0x00027720   0x00000018   Code   RO         2538    i.sm_ble_evt_handler  security_manager.o
    0x00027738   0x00000018   Code   RO         2539    i.sm_conn_sec_config_reply  security_manager.o
    0x00027750   0x00000050   Code   RO         2540    i.sm_init           security_manager.o
    0x000277a0   0x00000038   Code   RO         2543    i.sm_pdb_evt_handler  security_manager.o
    0x000277d8   0x0000002c   Code   RO         2545    i.sm_sec_params_set  security_manager.o
    0x00027804   0x00000078   Code   RO         2546    i.sm_smd_evt_handler  security_manager.o
    0x0002787c   0x000000ec   Code   RO         2427    i.smd_ble_evt_handler  security_dispatcher.o
    0x00027968   0x0000003c   Code   RO         2428    i.smd_init          security_dispatcher.o
    0x000279a4   0x00000030   Code   RO         2429    i.smd_link_secure   security_dispatcher.o
    0x000279d4   0x0000010c   Code   RO         2430    i.smd_params_reply  security_dispatcher.o
    0x00027ae0   0x00000088   Code   RO         2547    i.smd_params_reply_perform  security_manager.o
    0x00027b68   0x00000034   Code   RO         2431    i.smd_pdb_evt_handler  security_dispatcher.o
    0x00027b9c   0x00000014   Code   RO         6010    i.softdevice_ble_evt_handler_set  softdevice_handler.o
    0x00027bb0   0x000000a0   Code   RO         6011    i.softdevice_enable  softdevice_handler.o
    0x00027c50   0x00000026   Code   RO         6012    i.softdevice_enable_get_default_config  softdevice_handler.o
    0x00027c76   0x00000004   Code   RO         6013    i.softdevice_fault_handler  softdevice_handler.o
    0x00027c7a   0x00000002   PAD
    0x00027c7c   0x00000064   Code   RO         6014    i.softdevice_handler_init  softdevice_handler.o
    0x00027ce0   0x0000000c   Code   RO         6015    i.softdevice_handler_is_enabled  softdevice_handler.o
    0x00027cec   0x00000014   Code   RO         6020    i.softdevice_sys_evt_handler_set  softdevice_handler.o
    0x00027d00   0x00000012   Code   RO           25    i.sys_evt_dispatch  main.o
    0x00027d12   0x00000002   PAD
    0x00027d14   0x0000008c   Code   RO         4664    i.timer_list_handler  app_timer.o
    0x00027da0   0x0000003c   Code   RO         4665    i.timer_list_insert  app_timer.o
    0x00027ddc   0x00000048   Code   RO         4666    i.timer_stop_op_schedule  app_timer.o
    0x00027e24   0x00000084   Code   RO         4667    i.timer_timeouts_check  app_timer.o
    0x00027ea8   0x00000034   Code   RO         5636    i.timestamp_process  nrf_log_backend_serial.o
    0x00027edc   0x000000aa   Code   RO         3377    i.twi_clear_bus     nrf_drv_twi.o
    0x00027f86   0x00000002   PAD
    0x00027f88   0x00000240   Code   RO         3378    i.twim_xfer         nrf_drv_twi.o
    0x000281c8   0x00000020   Code   RO         3159    i.tx_byte           nrf_drv_uart.o
    0x000281e8   0x0000001c   Code   RO         3160    i.tx_done_event     nrf_drv_uart.o
    0x00028204   0x0000006c   Code   RO           26    i.uart_event_handle  main.o
    0x00028270   0x000000a0   Code   RO         5453    i.uart_event_handler  app_uart_fifo.o
    0x00028310   0x0000011e   Code   RO         3161    i.uart_irq_handler  nrf_drv_uart.o
    0x0002842e   0x000000f0   Code   RO         3162    i.uarte_irq_handler  nrf_drv_uart.o
    0x0002851e   0x0000000a   Code   RO          776    i.uint16_encode     ble_advdata.o
    0x00028528   0x00000060   Code   RO          951    i.update_timeout_handler  ble_conn_params.o
    0x00028588   0x00000018   Code   RO         1035    i.user_flag_is_acquired  ble_conn_state.o
    0x000285a0   0x00000030   Code   RO         4668    i.user_op_alloc     app_timer.o
    0x000285d0   0x00000030   Code   RO          777    i.uuid_list_encode  ble_advdata.o
    0x00028600   0x0000009e   Code   RO          778    i.uuid_list_sized_encode  ble_advdata.o
    0x0002869e   0x00000024   Code   RO         1814    i.write_buf_length_words_set  peer_database.o
    0x000286c2   0x00000024   Code   RO         1815    i.write_buffer_record_find  peer_database.o
    0x000286e6   0x00000002   PAD
    0x000286e8   0x0000002c   Code   RO         1816    i.write_buffer_record_find_next  peer_database.o
    0x00028714   0x0000001e   Code   RO         1817    i.write_buffer_record_invalidate  peer_database.o
    0x00028732   0x00000002   PAD
    0x00028734   0x0000002c   Code   RO         1818    i.write_buffer_record_release  peer_database.o
    0x00028760   0x00000124   Code   RO         4929    i.write_enqueue     fds.o
    0x00028884   0x000000f0   Code   RO         4930    i.write_execute     fds.o
    0x00028974   0x00000014   Code   RO         4931    i.write_space_free  fds.o
    0x00028988   0x00000054   Code   RO         4932    i.write_space_reserve  fds.o
    0x000289dc   0x00000034   Data   RO           28    .constdata          main.o
    0x00028a10   0x00000005   Data   RO          424    .constdata          boards.o
    0x00028a15   0x00000003   PAD
    0x00028a18   0x00000024   Data   RO          550    .constdata          bsp.o
    0x00028a3c   0x00000004   Data   RO          954    .constdata          ble_conn_params.o
    0x00028a40   0x00000004   Data   RO         1349    .constdata          gatts_cache_manager.o
    0x00028a44   0x00000010   Data   RO         1350    .constdata          gatts_cache_manager.o
    0x00028a54   0x00000004   Data   RO         1351    .constdata          gatts_cache_manager.o
    0x00028a58   0x00000008   Data   RO         1454    .constdata          id_manager.o
    0x00028a60   0x00000004   Data   RO         1674    .constdata          peer_data_storage.o
    0x00028a64   0x00000014   Data   RO         1820    .constdata          peer_database.o
    0x00028a78   0x00000044   Data   RO         2433    .constdata          security_dispatcher.o
    0x00028abc   0x00000004   Data   RO         2548    .constdata          security_manager.o
    0x00028ac0   0x00000004   Data   RO         2922    .constdata          nrf_drv_gpiote.o
    0x00028ac4   0x0000000c   Data   RO         3383    .constdata          nrf_drv_twi.o
    0x00028ad0   0x00000018   Data   RO         4379    .constdata          bma2x2_support.o
    0x00028ae8   0x0000000a   Data   RO         4466    .constdata          sensor_drv.o
    0x00028af2   0x00000002   PAD
    0x00028af4   0x00000008   Data   RO         4519    .constdata          app_button.o
    0x00028afc   0x00000014   Data   RO         4934    .constdata          fds.o
    0x00028b10   0x00000020   Data   RO         5455    .constdata          app_uart_fifo.o
    0x00028b30   0x00000024   Data   RO         5737    .constdata          nrf_log_frontend.o
    0x00028b54   0x00000010   Data   RO         6161    .constdata          ble_lbs.o
    0x00028b64   0x00000081   Data   RO         6250    .constdata          mc_w.l(ctype_o.o)
    0x00028be5   0x00000003   PAD
    0x00028be8   0x00000004   Data   RO         6251    .constdata          mc_w.l(ctype_o.o)
    0x00028bec   0x0000004b   Data   RO           29    .conststring        main.o
    0x00028c37   0x00000001   PAD
    0x00028c38   0x0000000b   Data   RO         5738    .conststring        nrf_log_frontend.o
    0x00028c43   0x00000001   PAD
    0x00028c44   0x00000042   Data   RO         6021    .conststring        softdevice_handler.o
    0x00028c86   0x00000002   PAD
    0x00028c88   0x00000020   Data   RO         6589    Region$$Table       anon$$obj.o


    Execution Region RW_IRAM1 (Base: 0x20002128, Size: 0x00003740, Max: 0x0000ded8, ABSOLUTE, COMPRESSED[0x00000034])

    Base Addr    Size         Type   Attr      Idx    E Section Name        Object

    0x20002128   0x00000008   Data   RW           30    .data               main.o
    0x20002130   0x00000014   Data   RW          551    .data               bsp.o
    0x20002144   0x00000008   Data   RW          661    .data               bsp_btn_ble.o
    0x2000214c   0x0000001f   Data   RW          863    .data               ble_advertising.o
    0x2000216b   0x00000001   PAD
    0x2000216c   0x00000014   Data   RW          955    .data               ble_conn_params.o
    0x20002180   0x0000000c   Data   RW         1228    .data               gatt_cache_manager.o
    0x2000218c   0x0000000c   Data   RW         1352    .data               gatts_cache_manager.o
    0x20002198   0x00000003   Data   RW         1455    .data               id_manager.o
    0x2000219b   0x00000001   PAD
    0x2000219c   0x0000000c   Data   RW         1675    .data               peer_data_storage.o
    0x200021a8   0x00000008   Data   RW         1821    .data               peer_database.o
    0x200021b0   0x00000010   Data   RW         2092    .data               peer_manager.o
    0x200021c0   0x00000004   Data   RW         2434    .data               security_dispatcher.o
    0x200021c4   0x00000015   Data   RW         2549    .data               security_manager.o
    0x200021d9   0x00000003   PAD
    0x200021dc   0x00000008   Data   RW         3643    .data               bma2x2.o
    0x200021e4   0x00000002   Data   RW         4380    .data               bma2x2_support.o
    0x200021e6   0x00000001   Data   RW         4467    .data               sensor_drv.o
    0x200021e7   0x00000001   PAD
    0x200021e8   0x00000014   Data   RW         4520    .data               app_button.o
    0x200021fc   0x00000020   Data   RW         4669    .data               app_timer.o
    0x2000221c   0x00000018   Data   RW         4935    .data               fds.o
    0x20002234   0x00000002   Data   RW         5203    .data               fstorage.o
    0x20002236   0x00000002   PAD
    0x20002238   0x00000010   Data   RW         5456    .data               app_uart_fifo.o
    0x20002248   0x00000004   Data   RW         5522    .data               retarget.o
    0x2000224c   0x00000002   Data   RW         5638    .data               nrf_log_backend_serial.o
    0x2000224e   0x00000002   PAD
    0x20002250   0x00000004   Data   RW         5739    .data               nrf_log_frontend.o
    0x20002254   0x00000014   Data   RW         6022    .data               softdevice_handler.o
    0x20002268   0x00000004   Data   RW         6215    .data               system_nrf52.o
    0x2000226c   0x00000010   Data   RW         4936    fs_data             fds.o
    0x2000227c   0x000006e4   Zero   RW           27    .bss                main.o
    0x20002960   0x00000020   Zero   RW          546    .bss                bsp.o
    0x20002980   0x00000020   Zero   RW          547    .bss                bsp.o
    0x200029a0   0x00000009   Zero   RW          548    .bss                bsp.o
    0x200029a9   0x00000003   PAD
    0x200029ac   0x00000020   Zero   RW          549    .bss                bsp.o
    0x200029cc   0x000000b3   Zero   RW          862    .bss                ble_advertising.o
    0x20002a7f   0x00000001   PAD
    0x20002a80   0x00000020   Zero   RW          952    .bss                ble_conn_params.o
    0x20002aa0   0x0000001c   Zero   RW          953    .bss                ble_conn_params.o
    0x20002abc   0x00000034   Zero   RW         1036    .bss                ble_conn_state.o
    0x20002af0   0x00000070   Zero   RW         1453    .bss                id_manager.o
    0x20002b60   0x00000330   Zero   RW         1819    .bss                peer_database.o
    0x20002e90   0x00000040   Zero   RW         1972    .bss                peer_id.o
    0x20002ed0   0x0000000c   Zero   RW         2090    .bss                peer_manager.o
    0x20002edc   0x00000040   Zero   RW         2432    .bss                security_dispatcher.o
    0x20002f1c   0x00000014   Zero   RW         2679    .bss                nrf_drv_clock.o
    0x20002f30   0x00000058   Zero   RW         2921    .bss                nrf_drv_gpiote.o
    0x20002f88   0x00000020   Zero   RW         3163    .bss                nrf_drv_uart.o
    0x20002fa8   0x00000028   Zero   RW         3379    .bss                nrf_drv_twi.o
    0x20002fd0   0x00000018   Zero   RW         4378    .bss                bma2x2_support.o
    0x20002fe8   0x0000000c   Zero   RW         4465    .bss                sensor_drv.o
    0x20002ff4   0x00000020   Zero   RW         4518    .bss                app_button.o
    0x20003014   0x0000000c   Zero   RW         4806    .bss                app_util_platform.o
    0x20003020   0x0000011c   Zero   RW         4933    .bss                fds.o
    0x2000313c   0x00000068   Zero   RW         5202    .bss                fstorage.o
    0x200031a4   0x00000020   Zero   RW         5454    .bss                app_uart_fifo.o
    0x200031c4   0x00000418   Zero   RW         5736    .bss                nrf_log_frontend.o
    0x200035dc   0x00000288   Zero   RW         5870    .bss                segger_rtt.o
    0x20003864   0x00000004   PAD
    0x20003868   0x00002000   Zero   RW         6203    STACK               arm_startup_nrf52.o


==============================================================================

Image component sizes


      Code (inc. data)   RO Data    RW Data    ZI Data      Debug   Object Name

       332         34          8         20         32      10386   app_button.o
        22          0          0          0          0       2305   app_error.o
        92         34          0          0          0      27413   app_error_weak.o
       118          0          0          0          0       4614   app_fifo.o
      1694        114          0         32          0      65167   app_timer.o
       468         46         32         16         32      14187   app_uart_fifo.o
       124         14          0          0         12       9642   app_util_platform.o
        36          8       1024          0       8192        956   arm_startup_nrf52.o
      1330          0          0          0          0      37860   ble_advdata.o
       920         60          0         31        179      20521   ble_advertising.o
       436         54          4         20         60       7112   ble_conn_params.o
       540         44          0          0         52      12917   ble_conn_state.o
       560          4         16          0          0       6511   ble_lbs.o
         8          0          0          0          0       1510   ble_srv_common.o
      1792        132          0          8          0      50326   bma2x2.o
       606         68         24          2         24      13037   bma2x2_support.o
       314         42          5          0          0      16147   boards.o
       852         78         36         20        105      35891   bsp.o
       252         10          0          8          0      44961   bsp_btn_ble.o
      3612        332         20         40        284      48410   fds.o
       976         74          0          2        104      13647   fstorage.o
      1046         52          0         12          0      23848   gatt_cache_manager.o
       532         34         24         12          0      11267   gatts_cache_manager.o
      1154         56          8          3        112      21389   id_manager.o
      2272        522        127          8       1764     138811   main.o
       288         22          0          0         20      19412   nrf_drv_clock.o
        56          0          0          0          0      27583   nrf_drv_common.o
      1178         84          4          0         88      31020   nrf_drv_gpiote.o
      1568         42         12          0         40      31508   nrf_drv_twi.o
      2384         82          0          0         32      73822   nrf_drv_uart.o
       716         30          0          2          0      10119   nrf_log_backend_serial.o
       794         58         47          4       1048      12789   nrf_log_frontend.o
         0          0          0          0          0       2432   peer_data.o
      1082         42          4         12          0      18284   peer_data_storage.o
      1332         66         20          8        816      24463   peer_database.o
       336         38          0          0         64       9475   peer_id.o
      1260        102          0         16         12      16168   peer_manager.o
       242          0          0          0          0       4615   pm_buffer.o
       226          0          0          0          0       5569   pm_mutex.o
        14          0          0          4          0       2958   retarget.o
       244          0          0          0          0       6540   sdk_mapped_flags.o
      1850         66         68          4         64      21632   security_dispatcher.o
      1076         74          4         21          0      17636   security_manager.o
       390         40          0          0        648       8845   segger_rtt.o
       184         26         10          1         12       4285   sensor_drv.o
       718        146         66         20          0      45072   softdevice_handler.o
       564         44          0          4          0       2647   system_nrf52.o

    ----------------------------------------------------------------------
     36668       2774       1604        340      13804    1035709   Object Totals
         0          0         32          0          0          0   (incl. Generated)
        78          0          9         10          8          0   (incl. Padding)

    ----------------------------------------------------------------------

      Code (inc. data)   RO Data    RW Data    ZI Data      Debug   Library Member Name

        86          0          0          0          0          0   __dczerorl2.o
         8          4        133          0          0         68   ctype_o.o
         0          0          0          0          0          0   entry.o
         0          0          0          0          0          0   entry10a.o
         0          0          0          0          0          0   entry11a.o
         8          4          0          0          0          0   entry2.o
         4          0          0          0          0          0   entry5.o
         0          0          0          0          0          0   entry7b.o
         0          0          0          0          0          0   entry8b.o
         8          4          0          0          0          0   entry9a.o
        30          0          0          0          0          0   handlers.o
        36          8          0          0          0         68   init.o
        30          0          0          0          0         68   llshl.o
        32          0          0          0          0         68   llushr.o
        26          0          0          0          0         80   memcmp.o
        36          0          0          0          0         68   memcpya.o
        36          0          0          0          0        108   memseta.o
      1224         58          0          0          0        504   printf8.o
        18          0          0          0          0         68   strcpy.o
        14          0          0          0          0         68   strlen.o
        98          0          0          0          0         92   uldiv.o

    ----------------------------------------------------------------------
      1696         78        136          0          0       1260   Library Totals
         2          0          3          0          0          0   (incl. Padding)

    ----------------------------------------------------------------------

      Code (inc. data)   RO Data    RW Data    ZI Data      Debug   Library Name

      1694         78        133          0          0       1260   mc_w.l

    ----------------------------------------------------------------------
      1696         78        136          0          0       1260   Library Totals

    ----------------------------------------------------------------------

==============================================================================


      Code (inc. data)   RO Data    RW Data    ZI Data      Debug   

     38364       2852       1740        340      13804     990081   Grand Totals
     38364       2852       1740         52      13804     990081   ELF Image Totals (compressed)
     38364       2852       1740         52          0          0   ROM Totals

==============================================================================

    Total RO  Size (Code + RO Data)                40104 (  39.16kB)
    Total RW  Size (RW Data + ZI Data)             14144 (  13.81kB)
    Total ROM Size (Code + RO Data + RW Data)      40156 (  39.21kB)

==============================================================================

